[0.188s] DEBUG:colcon:Command line arguments: ['/usr/bin/colcon', 'build', '--symlink-install']
[0.189s] DEBUG:colcon:Parsed command line arguments: Namespace(log_base=None, log_level=None, verb_name='build', build_base='build', install_base='install', merge_install=False, symlink_install=True, test_result_base=None, continue_on_error=False, executor='parallel', parallel_workers=16, event_handlers=None, ignore_user_meta=False, metas=['./colcon.meta'], base_paths=['.'], packages_ignore=None, packages_ignore_regex=None, paths=None, packages_up_to=None, packages_up_to_regex=None, packages_above=None, packages_above_and_dependencies=None, packages_above_depth=None, packages_select_by_dep=None, packages_skip_by_dep=None, packages_skip_up_to=None, packages_select_build_failed=False, packages_skip_build_finished=False, packages_select_test_failures=False, packages_skip_test_passed=False, packages_select=None, packages_skip=None, packages_select_regex=None, packages_skip_regex=None, packages_start=None, packages_end=None, allow_overriding=[], cmake_args=None, cmake_target=None, cmake_target_skip_unavailable=False, cmake_clean_cache=False, cmake_clean_first=False, cmake_force_configure=False, ament_cmake_args=None, catkin_cmake_args=None, catkin_skip_building_tests=False, verb_parser=<colcon_defaults.argument_parser.defaults.DefaultArgumentsDecorator object at 0x7f5b42dec6e0>, verb_extension=<colcon_core.verb.build.BuildVerb object at 0x7f5b42f61250>, main=<bound method BuildVerb.main of <colcon_core.verb.build.BuildVerb object at 0x7f5b42f61250>>)
[0.254s] Level 1:colcon.colcon_core.package_discovery:discover_packages(colcon_meta) check parameters
[0.254s] Level 1:colcon.colcon_core.package_discovery:discover_packages(recursive) check parameters
[0.254s] Level 1:colcon.colcon_core.package_discovery:discover_packages(ignore) check parameters
[0.254s] Level 1:colcon.colcon_core.package_discovery:discover_packages(path) check parameters
[0.254s] Level 1:colcon.colcon_core.package_discovery:discover_packages(colcon_meta) discover
[0.254s] Level 1:colcon.colcon_core.package_discovery:discover_packages(recursive) discover
[0.254s] INFO:colcon.colcon_core.package_discovery:Crawling recursively for packages in '/home/njoy/ROS/rover_ws/src'
[0.254s] Level 1:colcon.colcon_core.package_identification:_identify(.) by extensions ['ignore', 'ignore_ament_install']
[0.254s] Level 1:colcon.colcon_core.package_identification:_identify(.) by extension 'ignore'
[0.254s] Level 1:colcon.colcon_core.package_identification:_identify(.) by extension 'ignore_ament_install'
[0.255s] Level 1:colcon.colcon_core.package_identification:_identify(.) by extensions ['colcon_pkg']
[0.255s] Level 1:colcon.colcon_core.package_identification:_identify(.) by extension 'colcon_pkg'
[0.255s] Level 1:colcon.colcon_core.package_identification:_identify(.) by extensions ['colcon_meta']
[0.255s] Level 1:colcon.colcon_core.package_identification:_identify(.) by extension 'colcon_meta'
[0.255s] Level 1:colcon.colcon_core.package_identification:_identify(.) by extensions ['ros']
[0.255s] Level 1:colcon.colcon_core.package_identification:_identify(.) by extension 'ros'
[0.291s] Level 1:colcon.colcon_core.package_identification:_identify(.) by extensions ['cmake', 'python']
[0.292s] Level 1:colcon.colcon_core.package_identification:_identify(.) by extension 'cmake'
[0.292s] Level 1:colcon.colcon_core.package_identification:_identify(.) by extension 'python'
[0.292s] Level 1:colcon.colcon_core.package_identification:_identify(.) by extensions ['python_setup_py']
[0.292s] Level 1:colcon.colcon_core.package_identification:_identify(.) by extension 'python_setup_py'
[0.292s] Level 1:colcon.colcon_core.package_identification:_identify(build) by extensions ['ignore', 'ignore_ament_install']
[0.292s] Level 1:colcon.colcon_core.package_identification:_identify(build) by extension 'ignore'
[0.292s] Level 1:colcon.colcon_core.package_identification:_identify(build) ignored
[0.292s] Level 1:colcon.colcon_core.package_identification:_identify(install) by extensions ['ignore', 'ignore_ament_install']
[0.293s] Level 1:colcon.colcon_core.package_identification:_identify(install) by extension 'ignore'
[0.293s] Level 1:colcon.colcon_core.package_identification:_identify(install) ignored
[0.293s] Level 1:colcon.colcon_core.package_identification:_identify(log) by extensions ['ignore', 'ignore_ament_install']
[0.293s] Level 1:colcon.colcon_core.package_identification:_identify(log) by extension 'ignore'
[0.293s] Level 1:colcon.colcon_core.package_identification:_identify(log) ignored
[0.293s] Level 1:colcon.colcon_core.package_identification:_identify(py_pubsub) by extensions ['ignore', 'ignore_ament_install']
[0.293s] Level 1:colcon.colcon_core.package_identification:_identify(py_pubsub) by extension 'ignore'
[0.293s] Level 1:colcon.colcon_core.package_identification:_identify(py_pubsub) by extension 'ignore_ament_install'
[0.293s] Level 1:colcon.colcon_core.package_identification:_identify(py_pubsub) by extensions ['colcon_pkg']
[0.293s] Level 1:colcon.colcon_core.package_identification:_identify(py_pubsub) by extension 'colcon_pkg'
[0.293s] Level 1:colcon.colcon_core.package_identification:_identify(py_pubsub) by extensions ['colcon_meta']
[0.293s] Level 1:colcon.colcon_core.package_identification:_identify(py_pubsub) by extension 'colcon_meta'
[0.293s] Level 1:colcon.colcon_core.package_identification:_identify(py_pubsub) by extensions ['ros']
[0.293s] Level 1:colcon.colcon_core.package_identification:_identify(py_pubsub) by extension 'ros'
[0.298s] DEBUG:colcon.colcon_core.package_identification:Package 'py_pubsub' with type 'ros.ament_python' and name 'py_pubsub'
[0.299s] Level 1:colcon.colcon_core.package_identification:_identify(rover_experiments) by extensions ['ignore', 'ignore_ament_install']
[0.299s] Level 1:colcon.colcon_core.package_identification:_identify(rover_experiments) by extension 'ignore'
[0.299s] Level 1:colcon.colcon_core.package_identification:_identify(rover_experiments) by extension 'ignore_ament_install'
[0.299s] Level 1:colcon.colcon_core.package_identification:_identify(rover_experiments) by extensions ['colcon_pkg']
[0.299s] Level 1:colcon.colcon_core.package_identification:_identify(rover_experiments) by extension 'colcon_pkg'
[0.299s] Level 1:colcon.colcon_core.package_identification:_identify(rover_experiments) by extensions ['colcon_meta']
[0.299s] Level 1:colcon.colcon_core.package_identification:_identify(rover_experiments) by extension 'colcon_meta'
[0.299s] Level 1:colcon.colcon_core.package_identification:_identify(rover_experiments) by extensions ['ros']
[0.299s] Level 1:colcon.colcon_core.package_identification:_identify(rover_experiments) by extension 'ros'
[0.300s] DEBUG:colcon.colcon_core.package_identification:Package 'rover_experiments' with type 'ros.ament_python' and name 'rover_experiments'
[0.300s] Level 1:colcon.colcon_core.package_discovery:discover_packages(recursive) using defaults
[0.300s] Level 1:colcon.colcon_core.package_discovery:discover_packages(ignore) discover
[0.300s] Level 1:colcon.colcon_core.package_discovery:discover_packages(ignore) using defaults
[0.301s] Level 1:colcon.colcon_core.package_discovery:discover_packages(path) discover
[0.301s] Level 1:colcon.colcon_core.package_discovery:discover_packages(path) using defaults
[0.335s] Level 1:colcon.colcon_core.package_discovery:discover_packages(prefix_path) check parameters
[0.335s] Level 1:colcon.colcon_core.package_discovery:discover_packages(prefix_path) discover
[0.337s] WARNING:colcon.colcon_core.prefix_path.colcon:The path '/home/njoy/ROS/ros_ws/turtlebot3_ws/install' in the environment variable COLCON_PREFIX_PATH doesn't exist
[0.338s] WARNING:colcon.colcon_ros.prefix_path.ament:The path '/home/njoy/ROS/ros_ws/turtlebot3_ws/install/turtlebot3' in the environment variable AMENT_PREFIX_PATH doesn't exist
[0.339s] WARNING:colcon.colcon_ros.prefix_path.ament:The path '/home/njoy/ROS/ros_ws/turtlebot3_ws/install/turtlebot3_teleop' in the environment variable AMENT_PREFIX_PATH doesn't exist
[0.339s] WARNING:colcon.colcon_ros.prefix_path.ament:The path '/home/njoy/ROS/ros_ws/turtlebot3_ws/install/turtlebot3_simulations' in the environment variable AMENT_PREFIX_PATH doesn't exist
[0.339s] WARNING:colcon.colcon_ros.prefix_path.ament:The path '/home/njoy/ROS/ros_ws/turtlebot3_ws/install/turtlebot3_bringup' in the environment variable AMENT_PREFIX_PATH doesn't exist
[0.339s] WARNING:colcon.colcon_ros.prefix_path.ament:The path '/home/njoy/ROS/ros_ws/turtlebot3_ws/install/turtlebot3_node' in the environment variable AMENT_PREFIX_PATH doesn't exist
[0.339s] WARNING:colcon.colcon_ros.prefix_path.ament:The path '/home/njoy/ROS/ros_ws/turtlebot3_ws/install/turtlebot3_navigation2' in the environment variable AMENT_PREFIX_PATH doesn't exist
[0.339s] WARNING:colcon.colcon_ros.prefix_path.ament:The path '/home/njoy/ROS/ros_ws/turtlebot3_ws/install/turtlebot3_fake_node' in the environment variable AMENT_PREFIX_PATH doesn't exist
[0.339s] WARNING:colcon.colcon_ros.prefix_path.ament:The path '/home/njoy/ROS/ros_ws/turtlebot3_ws/install/turtlebot3_example' in the environment variable AMENT_PREFIX_PATH doesn't exist
[0.339s] WARNING:colcon.colcon_ros.prefix_path.ament:The path '/home/njoy/ROS/ros_ws/turtlebot3_ws/install/turtlebot3_msgs' in the environment variable AMENT_PREFIX_PATH doesn't exist
[0.339s] WARNING:colcon.colcon_ros.prefix_path.ament:The path '/home/njoy/ROS/ros_ws/turtlebot3_ws/install/turtlebot3_gazebo' in the environment variable AMENT_PREFIX_PATH doesn't exist
[0.339s] WARNING:colcon.colcon_ros.prefix_path.ament:The path '/home/njoy/ROS/ros_ws/turtlebot3_ws/install/turtlebot3_description' in the environment variable AMENT_PREFIX_PATH doesn't exist
[0.339s] WARNING:colcon.colcon_ros.prefix_path.ament:The path '/home/njoy/ROS/ros_ws/turtlebot3_ws/install/turtlebot3_cartographer' in the environment variable AMENT_PREFIX_PATH doesn't exist
[0.339s] WARNING:colcon.colcon_ros.prefix_path.ament:The path '/home/njoy/ROS/ros_ws/turtlebot3_ws/install/dynamixel_sdk_examples' in the environment variable AMENT_PREFIX_PATH doesn't exist
[0.339s] WARNING:colcon.colcon_ros.prefix_path.ament:The path '/home/njoy/ROS/ros_ws/turtlebot3_ws/install/dynamixel_sdk_custom_interfaces' in the environment variable AMENT_PREFIX_PATH doesn't exist
[0.339s] WARNING:colcon.colcon_ros.prefix_path.ament:The path '/home/njoy/ROS/ros_ws/turtlebot3_ws/install/dynamixel_sdk' in the environment variable AMENT_PREFIX_PATH doesn't exist
[0.340s] WARNING:colcon.colcon_ros.prefix_path.catkin:The path '/home/njoy/ROS/ros_ws/turtlebot3_ws/install/turtlebot3' in the environment variable CMAKE_PREFIX_PATH doesn't exist
[0.340s] WARNING:colcon.colcon_ros.prefix_path.catkin:The path '/home/njoy/ROS/ros_ws/turtlebot3_ws/install/turtlebot3_simulations' in the environment variable CMAKE_PREFIX_PATH doesn't exist
[0.340s] WARNING:colcon.colcon_ros.prefix_path.catkin:The path '/home/njoy/ROS/ros_ws/turtlebot3_ws/install/turtlebot3_bringup' in the environment variable CMAKE_PREFIX_PATH doesn't exist
[0.340s] WARNING:colcon.colcon_ros.prefix_path.catkin:The path '/home/njoy/ROS/ros_ws/turtlebot3_ws/install/turtlebot3_node' in the environment variable CMAKE_PREFIX_PATH doesn't exist
[0.340s] WARNING:colcon.colcon_ros.prefix_path.catkin:The path '/home/njoy/ROS/ros_ws/turtlebot3_ws/install/turtlebot3_navigation2' in the environment variable CMAKE_PREFIX_PATH doesn't exist
[0.340s] WARNING:colcon.colcon_ros.prefix_path.catkin:The path '/home/njoy/ROS/ros_ws/turtlebot3_ws/install/turtlebot3_fake_node' in the environment variable CMAKE_PREFIX_PATH doesn't exist
[0.340s] WARNING:colcon.colcon_ros.prefix_path.catkin:The path '/home/njoy/ROS/ros_ws/turtlebot3_ws/install/turtlebot3_msgs' in the environment variable CMAKE_PREFIX_PATH doesn't exist
[0.340s] WARNING:colcon.colcon_ros.prefix_path.catkin:The path '/home/njoy/ROS/ros_ws/turtlebot3_ws/install/turtlebot3_gazebo' in the environment variable CMAKE_PREFIX_PATH doesn't exist
[0.340s] WARNING:colcon.colcon_ros.prefix_path.catkin:The path '/home/njoy/ROS/ros_ws/turtlebot3_ws/install/turtlebot3_description' in the environment variable CMAKE_PREFIX_PATH doesn't exist
[0.340s] WARNING:colcon.colcon_ros.prefix_path.catkin:The path '/home/njoy/ROS/ros_ws/turtlebot3_ws/install/turtlebot3_cartographer' in the environment variable CMAKE_PREFIX_PATH doesn't exist
[0.340s] WARNING:colcon.colcon_ros.prefix_path.catkin:The path '/home/njoy/ROS/ros_ws/turtlebot3_ws/install/dynamixel_sdk_examples' in the environment variable CMAKE_PREFIX_PATH doesn't exist
[0.340s] WARNING:colcon.colcon_ros.prefix_path.catkin:The path '/home/njoy/ROS/ros_ws/turtlebot3_ws/install/dynamixel_sdk_custom_interfaces' in the environment variable CMAKE_PREFIX_PATH doesn't exist
[0.340s] WARNING:colcon.colcon_ros.prefix_path.catkin:The path '/home/njoy/ROS/ros_ws/turtlebot3_ws/install/dynamixel_sdk' in the environment variable CMAKE_PREFIX_PATH doesn't exist
[0.343s] DEBUG:colcon.colcon_installed_package_information.package_discovery:Found 15 installed packages in /home/njoy/ROS/turtlebot3_ws/install
[0.344s] DEBUG:colcon.colcon_installed_package_information.package_discovery:Found 2 installed packages in /home/njoy/ROS/rover_ws/install
[0.347s] DEBUG:colcon.colcon_installed_package_information.package_discovery:Found 386 installed packages in /opt/ros/jazzy
[0.351s] Level 1:colcon.colcon_core.package_discovery:discover_packages(prefix_path) using defaults
[0.419s] Level 5:colcon.colcon_core.verb:set package 'py_pubsub' build argument 'cmake_args' from command line to 'None'
[0.419s] Level 5:colcon.colcon_core.verb:set package 'py_pubsub' build argument 'cmake_target' from command line to 'None'
[0.419s] Level 5:colcon.colcon_core.verb:set package 'py_pubsub' build argument 'cmake_target_skip_unavailable' from command line to 'False'
[0.419s] Level 5:colcon.colcon_core.verb:set package 'py_pubsub' build argument 'cmake_clean_cache' from command line to 'False'
[0.419s] Level 5:colcon.colcon_core.verb:set package 'py_pubsub' build argument 'cmake_clean_first' from command line to 'False'
[0.419s] Level 5:colcon.colcon_core.verb:set package 'py_pubsub' build argument 'cmake_force_configure' from command line to 'False'
[0.419s] Level 5:colcon.colcon_core.verb:set package 'py_pubsub' build argument 'ament_cmake_args' from command line to 'None'
[0.419s] Level 5:colcon.colcon_core.verb:set package 'py_pubsub' build argument 'catkin_cmake_args' from command line to 'None'
[0.419s] Level 5:colcon.colcon_core.verb:set package 'py_pubsub' build argument 'catkin_skip_building_tests' from command line to 'False'
[0.419s] DEBUG:colcon.colcon_core.verb:Building package 'py_pubsub' with the following arguments: {'ament_cmake_args': None, 'build_base': '/home/njoy/ROS/rover_ws/src/build/py_pubsub', 'catkin_cmake_args': None, 'catkin_skip_building_tests': False, 'cmake_args': None, 'cmake_clean_cache': False, 'cmake_clean_first': False, 'cmake_force_configure': False, 'cmake_target': None, 'cmake_target_skip_unavailable': False, 'install_base': '/home/njoy/ROS/rover_ws/src/install/py_pubsub', 'merge_install': False, 'path': '/home/njoy/ROS/rover_ws/src/py_pubsub', 'symlink_install': True, 'test_result_base': None}
[0.420s] Level 5:colcon.colcon_core.verb:set package 'rover_experiments' build argument 'cmake_args' from command line to 'None'
[0.420s] Level 5:colcon.colcon_core.verb:set package 'rover_experiments' build argument 'cmake_target' from command line to 'None'
[0.420s] Level 5:colcon.colcon_core.verb:set package 'rover_experiments' build argument 'cmake_target_skip_unavailable' from command line to 'False'
[0.420s] Level 5:colcon.colcon_core.verb:set package 'rover_experiments' build argument 'cmake_clean_cache' from command line to 'False'
[0.420s] Level 5:colcon.colcon_core.verb:set package 'rover_experiments' build argument 'cmake_clean_first' from command line to 'False'
[0.420s] Level 5:colcon.colcon_core.verb:set package 'rover_experiments' build argument 'cmake_force_configure' from command line to 'False'
[0.420s] Level 5:colcon.colcon_core.verb:set package 'rover_experiments' build argument 'ament_cmake_args' from command line to 'None'
[0.420s] Level 5:colcon.colcon_core.verb:set package 'rover_experiments' build argument 'catkin_cmake_args' from command line to 'None'
[0.420s] Level 5:colcon.colcon_core.verb:set package 'rover_experiments' build argument 'catkin_skip_building_tests' from command line to 'False'
[0.420s] DEBUG:colcon.colcon_core.verb:Building package 'rover_experiments' with the following arguments: {'ament_cmake_args': None, 'build_base': '/home/njoy/ROS/rover_ws/src/build/rover_experiments', 'catkin_cmake_args': None, 'catkin_skip_building_tests': False, 'cmake_args': None, 'cmake_clean_cache': False, 'cmake_clean_first': False, 'cmake_force_configure': False, 'cmake_target': None, 'cmake_target_skip_unavailable': False, 'install_base': '/home/njoy/ROS/rover_ws/src/install/rover_experiments', 'merge_install': False, 'path': '/home/njoy/ROS/rover_ws/src/rover_experiments', 'symlink_install': True, 'test_result_base': None}
[0.420s] INFO:colcon.colcon_core.executor:Executing jobs using 'parallel' executor
[0.422s] DEBUG:colcon.colcon_parallel_executor.executor.parallel:run_until_complete
[0.423s] INFO:colcon.colcon_ros.task.ament_python.build:Building ROS package in '/home/njoy/ROS/rover_ws/src/py_pubsub' with build type 'ament_python'
[0.423s] Level 1:colcon.colcon_core.shell:create_environment_hook('py_pubsub', 'ament_prefix_path')
[0.426s] INFO:colcon.colcon_core.plugin_system:Skipping extension 'colcon_core.shell.bat': Not used on non-Windows systems
[0.426s] INFO:colcon.colcon_core.shell:Creating environment hook '/home/njoy/ROS/rover_ws/src/install/py_pubsub/share/py_pubsub/hook/ament_prefix_path.ps1'
[0.428s] INFO:colcon.colcon_core.shell:Creating environment descriptor '/home/njoy/ROS/rover_ws/src/install/py_pubsub/share/py_pubsub/hook/ament_prefix_path.dsv'
[0.428s] INFO:colcon.colcon_core.shell:Creating environment hook '/home/njoy/ROS/rover_ws/src/install/py_pubsub/share/py_pubsub/hook/ament_prefix_path.sh'
[0.429s] INFO:colcon.colcon_core.shell:Skip shell extension 'powershell' for command environment: Not usable outside of PowerShell
[0.429s] DEBUG:colcon.colcon_core.shell:Skip shell extension 'dsv' for command environment
[0.439s] INFO:colcon.colcon_ros.task.ament_python.build:Building ROS package in '/home/njoy/ROS/rover_ws/src/rover_experiments' with build type 'ament_python'
[0.439s] Level 1:colcon.colcon_core.shell:create_environment_hook('rover_experiments', 'ament_prefix_path')
[0.440s] INFO:colcon.colcon_core.shell:Creating environment hook '/home/njoy/ROS/rover_ws/src/install/rover_experiments/share/rover_experiments/hook/ament_prefix_path.ps1'
[0.441s] INFO:colcon.colcon_core.shell:Creating environment descriptor '/home/njoy/ROS/rover_ws/src/install/rover_experiments/share/rover_experiments/hook/ament_prefix_path.dsv'
[0.441s] INFO:colcon.colcon_core.shell:Creating environment hook '/home/njoy/ROS/rover_ws/src/install/rover_experiments/share/rover_experiments/hook/ament_prefix_path.sh'
[0.442s] INFO:colcon.colcon_core.shell:Skip shell extension 'powershell' for command environment: Not usable outside of PowerShell
[0.442s] DEBUG:colcon.colcon_core.shell:Skip shell extension 'dsv' for command environment
[0.880s] INFO:colcon.colcon_core.task.python.build:Building Python package in '/home/njoy/ROS/rover_ws/src/py_pubsub'
[0.881s] INFO:colcon.colcon_core.shell:Skip shell extension 'powershell' for command environment: Not usable outside of PowerShell
[0.881s] DEBUG:colcon.colcon_core.shell:Skip shell extension 'dsv' for command environment
[1.288s] INFO:colcon.colcon_core.task.python.build:Building Python package in '/home/njoy/ROS/rover_ws/src/rover_experiments'
[1.289s] INFO:colcon.colcon_core.shell:Skip shell extension 'powershell' for command environment: Not usable outside of PowerShell
[1.289s] DEBUG:colcon.colcon_core.shell:Skip shell extension 'dsv' for command environment
[2.442s] DEBUG:colcon.colcon_core.task.python.build:While undoing a previous installation files outside the Python library path are being ignored: /home/njoy/ROS/rover_ws/src/install/rover_experiments/share/ament_index/resource_index/packages/rover_experiments
[2.442s] DEBUG:colcon.colcon_core.task.python.build:While undoing a previous installation files outside the Python library path are being ignored: /home/njoy/ROS/rover_ws/src/install/rover_experiments/share/rover_experiments/package.xml
[2.443s] DEBUG:colcon.colcon_core.task.python.build:While undoing a previous installation files outside the Python library path are being ignored: /home/njoy/ROS/rover_ws/src/install/rover_experiments/lib/rover_experiments/detector
[2.443s] DEBUG:colcon.colcon_core.task.python.build:While undoing a previous installation files outside the Python library path are being ignored: /home/njoy/ROS/rover_ws/src/install/rover_experiments/lib/rover_experiments/odometry
[2.449s] DEBUG:colcon.colcon_core.event_handler.log_command:Invoking command in '/home/njoy/ROS/rover_ws/src/build/rover_experiments': DEBUGINFOD_URLS=ima:enforcing https://debuginfod.fedoraproject.org/ ima:ignore PS1=📦[\u@rover-dev-container \W]$ PYTHONPATH=/home/njoy/ROS/rover_ws/src/build/rover_experiments/prefix_override:/usr/lib/python3/dist-packages/colcon_core/task/python/colcon_distutils_commands:/home/njoy/ROS/rover_ws/src/install/rover_experiments/lib/python3.12/site-packages:${PYTHONPATH} /usr/bin/python3 -W ignore:setup.py install is deprecated -W ignore:easy_install command is deprecated setup.py develop --editable --build-directory /home/njoy/ROS/rover_ws/src/build/rover_experiments/build --no-deps symlink_data --force
[2.492s] DEBUG:colcon.colcon_core.event_handler.log_command:Invoking command in '/home/njoy/ROS/rover_ws/src/build/py_pubsub': DEBUGINFOD_URLS=ima:enforcing https://debuginfod.fedoraproject.org/ ima:ignore PS1=📦[\u@rover-dev-container \W]$ PYTHONPATH=/home/njoy/ROS/rover_ws/src/build/py_pubsub/prefix_override:/usr/lib/python3/dist-packages/colcon_core/task/python/colcon_distutils_commands:/home/njoy/ROS/rover_ws/src/install/py_pubsub/lib/python3.12/site-packages:${PYTHONPATH} /usr/bin/python3 -W ignore:setup.py install is deprecated -W ignore:easy_install command is deprecated setup.py develop --editable --build-directory /home/njoy/ROS/rover_ws/src/build/py_pubsub/build --no-deps symlink_data
[3.667s] Level 1:colcon.colcon_core.shell:create_environment_hook('rover_experiments', 'pythonpath_develop')
[3.667s] INFO:colcon.colcon_core.shell:Creating environment hook '/home/njoy/ROS/rover_ws/src/build/rover_experiments/share/rover_experiments/hook/pythonpath_develop.ps1'
[3.668s] DEBUG:colcon.colcon_core.event_handler.log_command:Invoked command in '/home/njoy/ROS/rover_ws/src/build/rover_experiments' returned '0': DEBUGINFOD_URLS=ima:enforcing https://debuginfod.fedoraproject.org/ ima:ignore PS1=📦[\u@rover-dev-container \W]$ PYTHONPATH=/home/njoy/ROS/rover_ws/src/build/rover_experiments/prefix_override:/usr/lib/python3/dist-packages/colcon_core/task/python/colcon_distutils_commands:/home/njoy/ROS/rover_ws/src/install/rover_experiments/lib/python3.12/site-packages:${PYTHONPATH} /usr/bin/python3 -W ignore:setup.py install is deprecated -W ignore:easy_install command is deprecated setup.py develop --editable --build-directory /home/njoy/ROS/rover_ws/src/build/rover_experiments/build --no-deps symlink_data --force
[3.669s] INFO:colcon.colcon_core.shell:Creating environment descriptor '/home/njoy/ROS/rover_ws/src/build/rover_experiments/share/rover_experiments/hook/pythonpath_develop.dsv'
[3.669s] INFO:colcon.colcon_core.shell:Creating environment hook '/home/njoy/ROS/rover_ws/src/build/rover_experiments/share/rover_experiments/hook/pythonpath_develop.sh'
[3.673s] Level 1:colcon.colcon_core.environment:checking '/home/njoy/ROS/rover_ws/src/install/rover_experiments' for CMake module files
[3.674s] Level 1:colcon.colcon_core.environment:checking '/home/njoy/ROS/rover_ws/src/install/rover_experiments' for CMake config files
[3.675s] Level 1:colcon.colcon_core.environment:checking '/home/njoy/ROS/rover_ws/src/install/rover_experiments/lib'
[3.676s] Level 1:colcon.colcon_core.environment:checking '/home/njoy/ROS/rover_ws/src/install/rover_experiments/bin'
[3.677s] Level 1:colcon.colcon_core.environment:checking '/home/njoy/ROS/rover_ws/src/install/rover_experiments/lib/pkgconfig/rover_experiments.pc'
[3.677s] Level 1:colcon.colcon_core.environment:checking '/home/njoy/ROS/rover_ws/src/install/rover_experiments/lib/python3.12/site-packages'
[3.677s] Level 1:colcon.colcon_core.shell:create_environment_hook('rover_experiments', 'pythonpath')
[3.678s] INFO:colcon.colcon_core.shell:Creating environment hook '/home/njoy/ROS/rover_ws/src/install/rover_experiments/share/rover_experiments/hook/pythonpath.ps1'
[3.679s] INFO:colcon.colcon_core.shell:Creating environment descriptor '/home/njoy/ROS/rover_ws/src/install/rover_experiments/share/rover_experiments/hook/pythonpath.dsv'
[3.679s] INFO:colcon.colcon_core.shell:Creating environment hook '/home/njoy/ROS/rover_ws/src/install/rover_experiments/share/rover_experiments/hook/pythonpath.sh'
[3.681s] Level 1:colcon.colcon_core.environment:checking '/home/njoy/ROS/rover_ws/src/install/rover_experiments/bin'
[3.681s] Level 1:colcon.colcon_core.environment:create_environment_scripts_only(rover_experiments)
[3.681s] INFO:colcon.colcon_core.shell:Creating package script '/home/njoy/ROS/rover_ws/src/install/rover_experiments/share/rover_experiments/package.ps1'
[3.683s] INFO:colcon.colcon_core.shell:Creating package descriptor '/home/njoy/ROS/rover_ws/src/install/rover_experiments/share/rover_experiments/package.dsv'
[3.684s] INFO:colcon.colcon_core.shell:Creating package script '/home/njoy/ROS/rover_ws/src/install/rover_experiments/share/rover_experiments/package.sh'
[3.686s] INFO:colcon.colcon_core.shell:Creating package script '/home/njoy/ROS/rover_ws/src/install/rover_experiments/share/rover_experiments/package.bash'
[3.686s] INFO:colcon.colcon_core.shell:Creating package script '/home/njoy/ROS/rover_ws/src/install/rover_experiments/share/rover_experiments/package.zsh'
[3.687s] Level 1:colcon.colcon_core.environment:create_file_with_runtime_dependencies(/home/njoy/ROS/rover_ws/src/install/rover_experiments/share/colcon-core/packages/rover_experiments)
[3.689s] Level 1:colcon.colcon_core.shell:create_environment_hook('py_pubsub', 'pythonpath_develop')
[3.690s] INFO:colcon.colcon_core.shell:Creating environment hook '/home/njoy/ROS/rover_ws/src/build/py_pubsub/share/py_pubsub/hook/pythonpath_develop.ps1'
[3.691s] DEBUG:colcon.colcon_core.event_handler.log_command:Invoked command in '/home/njoy/ROS/rover_ws/src/build/py_pubsub' returned '0': DEBUGINFOD_URLS=ima:enforcing https://debuginfod.fedoraproject.org/ ima:ignore PS1=📦[\u@rover-dev-container \W]$ PYTHONPATH=/home/njoy/ROS/rover_ws/src/build/py_pubsub/prefix_override:/usr/lib/python3/dist-packages/colcon_core/task/python/colcon_distutils_commands:/home/njoy/ROS/rover_ws/src/install/py_pubsub/lib/python3.12/site-packages:${PYTHONPATH} /usr/bin/python3 -W ignore:setup.py install is deprecated -W ignore:easy_install command is deprecated setup.py develop --editable --build-directory /home/njoy/ROS/rover_ws/src/build/py_pubsub/build --no-deps symlink_data
[3.692s] INFO:colcon.colcon_core.shell:Creating environment descriptor '/home/njoy/ROS/rover_ws/src/build/py_pubsub/share/py_pubsub/hook/pythonpath_develop.dsv'
[3.693s] INFO:colcon.colcon_core.shell:Creating environment hook '/home/njoy/ROS/rover_ws/src/build/py_pubsub/share/py_pubsub/hook/pythonpath_develop.sh'
[3.694s] Level 1:colcon.colcon_core.environment:checking '/home/njoy/ROS/rover_ws/src/install/py_pubsub' for CMake module files
[3.694s] Level 1:colcon.colcon_core.environment:checking '/home/njoy/ROS/rover_ws/src/install/py_pubsub' for CMake config files
[3.695s] Level 1:colcon.colcon_core.environment:checking '/home/njoy/ROS/rover_ws/src/install/py_pubsub/lib'
[3.695s] Level 1:colcon.colcon_core.environment:checking '/home/njoy/ROS/rover_ws/src/install/py_pubsub/bin'
[3.695s] Level 1:colcon.colcon_core.environment:checking '/home/njoy/ROS/rover_ws/src/install/py_pubsub/lib/pkgconfig/py_pubsub.pc'
[3.696s] Level 1:colcon.colcon_core.environment:checking '/home/njoy/ROS/rover_ws/src/install/py_pubsub/lib/python3.12/site-packages'
[3.696s] Level 1:colcon.colcon_core.shell:create_environment_hook('py_pubsub', 'pythonpath')
[3.696s] INFO:colcon.colcon_core.shell:Creating environment hook '/home/njoy/ROS/rover_ws/src/install/py_pubsub/share/py_pubsub/hook/pythonpath.ps1'
[3.697s] INFO:colcon.colcon_core.shell:Creating environment descriptor '/home/njoy/ROS/rover_ws/src/install/py_pubsub/share/py_pubsub/hook/pythonpath.dsv'
[3.698s] INFO:colcon.colcon_core.shell:Creating environment hook '/home/njoy/ROS/rover_ws/src/install/py_pubsub/share/py_pubsub/hook/pythonpath.sh'
[3.699s] Level 1:colcon.colcon_core.environment:checking '/home/njoy/ROS/rover_ws/src/install/py_pubsub/bin'
[3.699s] Level 1:colcon.colcon_core.environment:create_environment_scripts_only(py_pubsub)
[3.700s] INFO:colcon.colcon_core.shell:Creating package script '/home/njoy/ROS/rover_ws/src/install/py_pubsub/share/py_pubsub/package.ps1'
[3.701s] INFO:colcon.colcon_core.shell:Creating package descriptor '/home/njoy/ROS/rover_ws/src/install/py_pubsub/share/py_pubsub/package.dsv'
[3.701s] INFO:colcon.colcon_core.shell:Creating package script '/home/njoy/ROS/rover_ws/src/install/py_pubsub/share/py_pubsub/package.sh'
[3.702s] INFO:colcon.colcon_core.shell:Creating package script '/home/njoy/ROS/rover_ws/src/install/py_pubsub/share/py_pubsub/package.bash'
[3.702s] INFO:colcon.colcon_core.shell:Creating package script '/home/njoy/ROS/rover_ws/src/install/py_pubsub/share/py_pubsub/package.zsh'
[3.703s] Level 1:colcon.colcon_core.environment:create_file_with_runtime_dependencies(/home/njoy/ROS/rover_ws/src/install/py_pubsub/share/colcon-core/packages/py_pubsub)
[3.704s] DEBUG:colcon.colcon_parallel_executor.executor.parallel:closing loop
[3.704s] DEBUG:colcon.colcon_parallel_executor.executor.parallel:loop closed
[3.704s] DEBUG:colcon.colcon_parallel_executor.executor.parallel:run_until_complete finished with '0'
[3.705s] DEBUG:colcon.colcon_core.event_reactor:joining thread
[3.714s] INFO:colcon.colcon_core.plugin_system:Skipping extension 'colcon_notification.desktop_notification.notify_send': Could not find 'notify-send'
[3.714s] INFO:colcon.colcon_core.plugin_system:Skipping extension 'colcon_notification.desktop_notification.terminal_notifier': Not used on non-Darwin systems
[3.714s] INFO:colcon.colcon_core.plugin_system:Skipping extension 'colcon_notification.desktop_notification.win32': Not used on non-Windows systems
[3.714s] INFO:colcon.colcon_notification.desktop_notification:Sending desktop notification using 'notify2'
[3.752s] DEBUG:colcon.colcon_core.event_reactor:joined thread
[3.754s] INFO:colcon.colcon_core.shell:Creating prefix script '/home/njoy/ROS/rover_ws/src/install/local_setup.ps1'
[3.756s] INFO:colcon.colcon_core.shell:Creating prefix util module '/home/njoy/ROS/rover_ws/src/install/_local_setup_util_ps1.py'
[3.758s] INFO:colcon.colcon_core.shell:Creating prefix chain script '/home/njoy/ROS/rover_ws/src/install/setup.ps1'
[3.761s] INFO:colcon.colcon_core.shell:Creating prefix script '/home/njoy/ROS/rover_ws/src/install/local_setup.sh'
[3.762s] INFO:colcon.colcon_core.shell:Creating prefix util module '/home/njoy/ROS/rover_ws/src/install/_local_setup_util_sh.py'
[3.764s] INFO:colcon.colcon_core.shell:Creating prefix chain script '/home/njoy/ROS/rover_ws/src/install/setup.sh'
[3.768s] INFO:colcon.colcon_core.shell:Creating prefix script '/home/njoy/ROS/rover_ws/src/install/local_setup.bash'
[3.769s] INFO:colcon.colcon_core.shell:Creating prefix chain script '/home/njoy/ROS/rover_ws/src/install/setup.bash'
[3.774s] INFO:colcon.colcon_core.shell:Creating prefix script '/home/njoy/ROS/rover_ws/src/install/local_setup.zsh'
[3.774s] INFO:colcon.colcon_core.shell:Creating prefix chain script '/home/njoy/ROS/rover_ws/src/install/setup.zsh'
