[  1%] Built target turtlebot3_msgs__rs
[  2%] Built target turtlebot3_msgs__rosidl_generator_type_description
[  2%] Built target ament_cmake_python_symlink_turtlebot3_msgs
[  3%] Built target turtlebot3_msgs__cpp
[ 27%] Built target turtlebot3_msgs__rosidl_generator_c
[ 46%] Built target turtlebot3_msgs__rosidl_typesupport_fastrtps_cpp
[ 52%] Built target turtlebot3_msgs__rosidl_typesupport_introspection_c
[ 55%] Built target turtlebot3_msgs__rosidl_typesupport_c
[ 65%] Built target turtlebot3_msgs__rosidl_typesupport_fastrtps_c
[ 74%] Built target turtlebot3_msgs__rosidl_typesupport_introspection_cpp
[ 84%] Built target turtlebot3_msgs__rosidl_typesupport_cpp
[ 84%] Built target turtlebot3_msgs
[ 85%] Built target turtlebot3_msgs__py
[ 93%] Built target turtlebot3_msgs__rosidl_generator_py
[ 97%] Built target turtlebot3_msgs_s__rosidl_typesupport_introspection_c
[ 97%] Built target turtlebot3_msgs_s__rosidl_typesupport_fastrtps_c
[100%] Built target turtlebot3_msgs_s__rosidl_typesupport_c
running egg_info
writing turtlebot3_msgs.egg-info/PKG-INFO
writing dependency_links to turtlebot3_msgs.egg-info/dependency_links.txt
writing top-level names to turtlebot3_msgs.egg-info/top_level.txt
reading manifest file 'turtlebot3_msgs.egg-info/SOURCES.txt'
writing manifest file 'turtlebot3_msgs.egg-info/SOURCES.txt'
[100%] Built target ament_cmake_python_build_turtlebot3_msgs_egg
