[0.051s] Invoking command in '/home/njoy/rover-simulation/turtlebot3_ws/build/turtlebot3_msgs': CMAKE_PREFIX_PATH=${CMAKE_PREFIX_PATH}:/home/njoy/rover-simulation/turtlebot3_ws/install/turtlebot3_teleop:/home/njoy/rover-simulation/turtlebot3_ws/install/turtlebot3_example:/opt/ros/jazzy DEBUGINFOD_URLS=ima:enforcing https://debuginfod.fedoraproject.org/ ima:ignore PS1=📦[\u@rover-dev-container \W]$ /usr/bin/cmake --build /home/njoy/rover-simulation/turtlebot3_ws/build/turtlebot3_msgs -- -j16 -l16
[0.132s] [  1%] Built target turtlebot3_msgs__rs
[0.134s] [  2%] Built target turtlebot3_msgs__rosidl_generator_type_description
[0.146s] [  2%] Built target ament_cmake_python_symlink_turtlebot3_msgs
[0.171s] [  3%] Built target turtlebot3_msgs__cpp
[0.181s] [ 27%] Built target turtlebot3_msgs__rosidl_generator_c
[0.240s] [ 46%] Built target turtlebot3_msgs__rosidl_typesupport_fastrtps_cpp
[0.240s] [ 52%] Built target turtlebot3_msgs__rosidl_typesupport_introspection_c
[0.240s] [ 55%] Built target turtlebot3_msgs__rosidl_typesupport_c
[0.241s] [ 65%] Built target turtlebot3_msgs__rosidl_typesupport_fastrtps_c
[0.246s] [ 74%] Built target turtlebot3_msgs__rosidl_typesupport_introspection_cpp
[0.251s] [ 84%] Built target turtlebot3_msgs__rosidl_typesupport_cpp
[0.279s] [ 84%] Built target turtlebot3_msgs
[0.306s] [ 85%] Built target turtlebot3_msgs__py
[0.341s] [ 93%] Built target turtlebot3_msgs__rosidl_generator_py
[0.372s] [ 97%] Built target turtlebot3_msgs_s__rosidl_typesupport_introspection_c
[0.373s] [ 97%] Built target turtlebot3_msgs_s__rosidl_typesupport_fastrtps_c
[0.378s] [100%] Built target turtlebot3_msgs_s__rosidl_typesupport_c
[0.423s] running egg_info
[0.445s] writing turtlebot3_msgs.egg-info/PKG-INFO
[0.446s] writing dependency_links to turtlebot3_msgs.egg-info/dependency_links.txt
[0.446s] writing top-level names to turtlebot3_msgs.egg-info/top_level.txt
[0.503s] reading manifest file 'turtlebot3_msgs.egg-info/SOURCES.txt'
[0.504s] writing manifest file 'turtlebot3_msgs.egg-info/SOURCES.txt'
[0.545s] [100%] Built target ament_cmake_python_build_turtlebot3_msgs_egg
