running egg_info
creating ../build/robot_experiments/robot_experiments.egg-info
writing ../build/robot_experiments/robot_experiments.egg-info/PKG-INFO
writing dependency_links to ../build/robot_experiments/robot_experiments.egg-info/dependency_links.txt
writing entry points to ../build/robot_experiments/robot_experiments.egg-info/entry_points.txt
writing requirements to ../build/robot_experiments/robot_experiments.egg-info/requires.txt
writing top-level names to ../build/robot_experiments/robot_experiments.egg-info/top_level.txt
writing manifest file '../build/robot_experiments/robot_experiments.egg-info/SOURCES.txt'
reading manifest file '../build/robot_experiments/robot_experiments.egg-info/SOURCES.txt'
adding license file 'LICENSE'
writing manifest file '../build/robot_experiments/robot_experiments.egg-info/SOURCES.txt'
running build
running build_py
creating /home/njoy/ROS/rover_ws/src/build/robot_experiments/build
creating /home/njoy/ROS/rover_ws/src/build/robot_experiments/build/lib
creating /home/njoy/ROS/rover_ws/src/build/robot_experiments/build/lib/robot_experiments
copying robot_experiments/__init__.py -> /home/njoy/ROS/rover_ws/src/build/robot_experiments/build/lib/robot_experiments
copying robot_experiments/odom_drive.py -> /home/njoy/ROS/rover_ws/src/build/robot_experiments/build/lib/robot_experiments
copying robot_experiments/scan_monitor.py -> /home/njoy/ROS/rover_ws/src/build/robot_experiments/build/lib/robot_experiments
copying robot_experiments/geometry.py -> /home/njoy/ROS/rover_ws/src/build/robot_experiments/build/lib/robot_experiments
copying robot_experiments/waypoint_nav.py -> /home/njoy/ROS/rover_ws/src/build/robot_experiments/build/lib/robot_experiments
running install
running install_lib
creating /home/njoy/ROS/rover_ws/src/install/robot_experiments/lib/python3.12/site-packages/robot_experiments
copying /home/njoy/ROS/rover_ws/src/build/robot_experiments/build/lib/robot_experiments/__init__.py -> /home/njoy/ROS/rover_ws/src/install/robot_experiments/lib/python3.12/site-packages/robot_experiments
copying /home/njoy/ROS/rover_ws/src/build/robot_experiments/build/lib/robot_experiments/odom_drive.py -> /home/njoy/ROS/rover_ws/src/install/robot_experiments/lib/python3.12/site-packages/robot_experiments
copying /home/njoy/ROS/rover_ws/src/build/robot_experiments/build/lib/robot_experiments/scan_monitor.py -> /home/njoy/ROS/rover_ws/src/install/robot_experiments/lib/python3.12/site-packages/robot_experiments
copying /home/njoy/ROS/rover_ws/src/build/robot_experiments/build/lib/robot_experiments/geometry.py -> /home/njoy/ROS/rover_ws/src/install/robot_experiments/lib/python3.12/site-packages/robot_experiments
copying /home/njoy/ROS/rover_ws/src/build/robot_experiments/build/lib/robot_experiments/waypoint_nav.py -> /home/njoy/ROS/rover_ws/src/install/robot_experiments/lib/python3.12/site-packages/robot_experiments
byte-compiling /home/njoy/ROS/rover_ws/src/install/robot_experiments/lib/python3.12/site-packages/robot_experiments/__init__.py to __init__.cpython-312.pyc
byte-compiling /home/njoy/ROS/rover_ws/src/install/robot_experiments/lib/python3.12/site-packages/robot_experiments/odom_drive.py to odom_drive.cpython-312.pyc
byte-compiling /home/njoy/ROS/rover_ws/src/install/robot_experiments/lib/python3.12/site-packages/robot_experiments/scan_monitor.py to scan_monitor.cpython-312.pyc
byte-compiling /home/njoy/ROS/rover_ws/src/install/robot_experiments/lib/python3.12/site-packages/robot_experiments/geometry.py to geometry.cpython-312.pyc
byte-compiling /home/njoy/ROS/rover_ws/src/install/robot_experiments/lib/python3.12/site-packages/robot_experiments/waypoint_nav.py to waypoint_nav.cpython-312.pyc
running install_data
creating /home/njoy/ROS/rover_ws/src/install/robot_experiments/share/ament_index
creating /home/njoy/ROS/rover_ws/src/install/robot_experiments/share/ament_index/resource_index
creating /home/njoy/ROS/rover_ws/src/install/robot_experiments/share/ament_index/resource_index/packages
copying resource/robot_experiments -> /home/njoy/ROS/rover_ws/src/install/robot_experiments/share/ament_index/resource_index/packages
copying package.xml -> /home/njoy/ROS/rover_ws/src/install/robot_experiments/share/robot_experiments
running install_egg_info
Copying ../build/robot_experiments/robot_experiments.egg-info to /home/njoy/ROS/rover_ws/src/install/robot_experiments/lib/python3.12/site-packages/robot_experiments-0.0.0-py3.12.egg-info
running install_scripts
Installing detector script to /home/njoy/ROS/rover_ws/src/install/robot_experiments/lib/rover_experiments
Installing navigation script to /home/njoy/ROS/rover_ws/src/install/robot_experiments/lib/rover_experiments
Installing odometry script to /home/njoy/ROS/rover_ws/src/install/robot_experiments/lib/rover_experiments
writing list of installed files to '/home/njoy/ROS/rover_ws/src/build/robot_experiments/install.log'
