[1.019s] Invoking command in '/home/njoy/ROS/rover_ws/src/robot_experiments': DEBUGINFOD_URLS=ima:enforcing https://debuginfod.fedoraproject.org/ ima:ignore PS1=📦[\u@rover-dev-container \W]$ PYTHONPATH=/home/njoy/ROS/rover_ws/src/build/robot_experiments/prefix_override:/usr/lib/python3/dist-packages/colcon_core/task/python/colcon_distutils_commands:/home/njoy/ROS/rover_ws/src/install/robot_experiments/lib/python3.12/site-packages:${PYTHONPATH} /usr/bin/python3 -W ignore:setup.py install is deprecated -W ignore:easy_install command is deprecated setup.py egg_info --egg-base ../build/robot_experiments build --build-base /home/njoy/ROS/rover_ws/src/build/robot_experiments/build install --record /home/njoy/ROS/rover_ws/src/build/robot_experiments/install.log --single-version-externally-managed install_data
[1.310s] running egg_info
[1.310s] creating ../build/robot_experiments/robot_experiments.egg-info
[1.330s] writing ../build/robot_experiments/robot_experiments.egg-info/PKG-INFO
[1.330s] writing dependency_links to ../build/robot_experiments/robot_experiments.egg-info/dependency_links.txt
[1.331s] writing entry points to ../build/robot_experiments/robot_experiments.egg-info/entry_points.txt
[1.331s] writing requirements to ../build/robot_experiments/robot_experiments.egg-info/requires.txt
[1.331s] writing top-level names to ../build/robot_experiments/robot_experiments.egg-info/top_level.txt
[1.331s] writing manifest file '../build/robot_experiments/robot_experiments.egg-info/SOURCES.txt'
[1.372s] reading manifest file '../build/robot_experiments/robot_experiments.egg-info/SOURCES.txt'
[1.372s] adding license file 'LICENSE'
[1.372s] writing manifest file '../build/robot_experiments/robot_experiments.egg-info/SOURCES.txt'
[1.372s] running build
[1.372s] running build_py
[1.373s] creating /home/njoy/ROS/rover_ws/src/build/robot_experiments/build
[1.373s] creating /home/njoy/ROS/rover_ws/src/build/robot_experiments/build/lib
[1.373s] creating /home/njoy/ROS/rover_ws/src/build/robot_experiments/build/lib/robot_experiments
[1.373s] copying robot_experiments/__init__.py -> /home/njoy/ROS/rover_ws/src/build/robot_experiments/build/lib/robot_experiments
[1.373s] copying robot_experiments/odom_drive.py -> /home/njoy/ROS/rover_ws/src/build/robot_experiments/build/lib/robot_experiments
[1.373s] copying robot_experiments/scan_monitor.py -> /home/njoy/ROS/rover_ws/src/build/robot_experiments/build/lib/robot_experiments
[1.373s] copying robot_experiments/geometry.py -> /home/njoy/ROS/rover_ws/src/build/robot_experiments/build/lib/robot_experiments
[1.374s] copying robot_experiments/waypoint_nav.py -> /home/njoy/ROS/rover_ws/src/build/robot_experiments/build/lib/robot_experiments
[1.374s] running install
[1.380s] running install_lib
[1.400s] creating /home/njoy/ROS/rover_ws/src/install/robot_experiments/lib/python3.12/site-packages/robot_experiments
[1.400s] copying /home/njoy/ROS/rover_ws/src/build/robot_experiments/build/lib/robot_experiments/__init__.py -> /home/njoy/ROS/rover_ws/src/install/robot_experiments/lib/python3.12/site-packages/robot_experiments
[1.400s] copying /home/njoy/ROS/rover_ws/src/build/robot_experiments/build/lib/robot_experiments/odom_drive.py -> /home/njoy/ROS/rover_ws/src/install/robot_experiments/lib/python3.12/site-packages/robot_experiments
[1.400s] copying /home/njoy/ROS/rover_ws/src/build/robot_experiments/build/lib/robot_experiments/scan_monitor.py -> /home/njoy/ROS/rover_ws/src/install/robot_experiments/lib/python3.12/site-packages/robot_experiments
[1.400s] copying /home/njoy/ROS/rover_ws/src/build/robot_experiments/build/lib/robot_experiments/geometry.py -> /home/njoy/ROS/rover_ws/src/install/robot_experiments/lib/python3.12/site-packages/robot_experiments
[1.400s] copying /home/njoy/ROS/rover_ws/src/build/robot_experiments/build/lib/robot_experiments/waypoint_nav.py -> /home/njoy/ROS/rover_ws/src/install/robot_experiments/lib/python3.12/site-packages/robot_experiments
[1.401s] byte-compiling /home/njoy/ROS/rover_ws/src/install/robot_experiments/lib/python3.12/site-packages/robot_experiments/__init__.py to __init__.cpython-312.pyc
[1.401s] byte-compiling /home/njoy/ROS/rover_ws/src/install/robot_experiments/lib/python3.12/site-packages/robot_experiments/odom_drive.py to odom_drive.cpython-312.pyc
[1.403s] byte-compiling /home/njoy/ROS/rover_ws/src/install/robot_experiments/lib/python3.12/site-packages/robot_experiments/scan_monitor.py to scan_monitor.cpython-312.pyc
[1.403s] byte-compiling /home/njoy/ROS/rover_ws/src/install/robot_experiments/lib/python3.12/site-packages/robot_experiments/geometry.py to geometry.cpython-312.pyc
[1.404s] byte-compiling /home/njoy/ROS/rover_ws/src/install/robot_experiments/lib/python3.12/site-packages/robot_experiments/waypoint_nav.py to waypoint_nav.cpython-312.pyc
[1.405s] running install_data
[1.405s] creating /home/njoy/ROS/rover_ws/src/install/robot_experiments/share/ament_index
[1.405s] creating /home/njoy/ROS/rover_ws/src/install/robot_experiments/share/ament_index/resource_index
[1.405s] creating /home/njoy/ROS/rover_ws/src/install/robot_experiments/share/ament_index/resource_index/packages
[1.405s] copying resource/robot_experiments -> /home/njoy/ROS/rover_ws/src/install/robot_experiments/share/ament_index/resource_index/packages
[1.405s] copying package.xml -> /home/njoy/ROS/rover_ws/src/install/robot_experiments/share/robot_experiments
[1.405s] running install_egg_info
[1.428s] Copying ../build/robot_experiments/robot_experiments.egg-info to /home/njoy/ROS/rover_ws/src/install/robot_experiments/lib/python3.12/site-packages/robot_experiments-0.0.0-py3.12.egg-info
[1.429s] running install_scripts
[1.591s] Installing detector script to /home/njoy/ROS/rover_ws/src/install/robot_experiments/lib/rover_experiments
[1.592s] Installing navigation script to /home/njoy/ROS/rover_ws/src/install/robot_experiments/lib/rover_experiments
[1.592s] Installing odometry script to /home/njoy/ROS/rover_ws/src/install/robot_experiments/lib/rover_experiments
[1.592s] writing list of installed files to '/home/njoy/ROS/rover_ws/src/build/robot_experiments/install.log'
[1.652s] Invoked command in '/home/njoy/ROS/rover_ws/src/robot_experiments' returned '0': DEBUGINFOD_URLS=ima:enforcing https://debuginfod.fedoraproject.org/ ima:ignore PS1=📦[\u@rover-dev-container \W]$ PYTHONPATH=/home/njoy/ROS/rover_ws/src/build/robot_experiments/prefix_override:/usr/lib/python3/dist-packages/colcon_core/task/python/colcon_distutils_commands:/home/njoy/ROS/rover_ws/src/install/robot_experiments/lib/python3.12/site-packages:${PYTHONPATH} /usr/bin/python3 -W ignore:setup.py install is deprecated -W ignore:easy_install command is deprecated setup.py egg_info --egg-base ../build/robot_experiments build --build-base /home/njoy/ROS/rover_ws/src/build/robot_experiments/build install --record /home/njoy/ROS/rover_ws/src/build/robot_experiments/install.log --single-version-externally-managed install_data
