[1.444s] Invoking command in '/home/njoy/ROS/rover_ws/build/rover_experiments': DEBUGINFOD_URLS=ima:enforcing https://debuginfod.fedoraproject.org/ ima:ignore PS1=📦[\u@rover-dev-container \W]$ PYTHONPATH=/home/njoy/ROS/rover_ws/build/rover_experiments/prefix_override:/usr/lib/python3/dist-packages/colcon_core/task/python/colcon_distutils_commands:/home/njoy/ROS/rover_ws/install/rover_experiments/lib/python3.12/site-packages:${PYTHONPATH} /usr/bin/python3 -W ignore:setup.py install is deprecated -W ignore:easy_install command is deprecated setup.py develop --editable --build-directory /home/njoy/ROS/rover_ws/build/rover_experiments/build --no-deps symlink_data --force
[1.867s] running develop
[2.145s] running egg_info
[2.167s] writing rover_experiments.egg-info/PKG-INFO
[2.168s] writing dependency_links to rover_experiments.egg-info/dependency_links.txt
[2.168s] writing entry points to rover_experiments.egg-info/entry_points.txt
[2.168s] writing requirements to rover_experiments.egg-info/requires.txt
[2.168s] writing top-level names to rover_experiments.egg-info/top_level.txt
[2.219s] reading manifest file 'rover_experiments.egg-info/SOURCES.txt'
[2.220s] writing manifest file 'rover_experiments.egg-info/SOURCES.txt'
[2.247s] running build_ext
[2.247s] Creating /home/njoy/ROS/rover_ws/install/rover_experiments/lib/python3.12/site-packages/rover-experiments.egg-link (link to .)
[2.248s] Installing detector script to /home/njoy/ROS/rover_ws/install/rover_experiments/lib/rover_experiments
[2.248s] Installing odometry script to /home/njoy/ROS/rover_ws/install/rover_experiments/lib/rover_experiments
[2.249s] 
[2.249s] Installed /home/njoy/ROS/rover_ws/build/rover_experiments
[2.249s] running symlink_data
[2.249s] symbolically linking /home/njoy/ROS/rover_ws/build/rover_experiments/resource/rover_experiments -> /home/njoy/ROS/rover_ws/install/rover_experiments/share/ament_index/resource_index/packages
[2.249s] symbolically linking /home/njoy/ROS/rover_ws/build/rover_experiments/package.xml -> /home/njoy/ROS/rover_ws/install/rover_experiments/share/rover_experiments
[2.365s] Invoked command in '/home/njoy/ROS/rover_ws/build/rover_experiments' returned '0': DEBUGINFOD_URLS=ima:enforcing https://debuginfod.fedoraproject.org/ ima:ignore PS1=📦[\u@rover-dev-container \W]$ PYTHONPATH=/home/njoy/ROS/rover_ws/build/rover_experiments/prefix_override:/usr/lib/python3/dist-packages/colcon_core/task/python/colcon_distutils_commands:/home/njoy/ROS/rover_ws/install/rover_experiments/lib/python3.12/site-packages:${PYTHONPATH} /usr/bin/python3 -W ignore:setup.py install is deprecated -W ignore:easy_install command is deprecated setup.py develop --editable --build-directory /home/njoy/ROS/rover_ws/build/rover_experiments/build --no-deps symlink_data --force
