[1.408s] Invoking command in '/home/njoy/ROS/rover_ws/src/robot_experiments': DEBUGINFOD_URLS=ima:enforcing https://debuginfod.fedoraproject.org/ ima:ignore PYTHONPATH=/home/njoy/ROS/rover_ws/build/robot_experiments/prefix_override:/usr/lib/python3.14/site-packages/colcon_core/task/python/colcon_distutils_commands:/home/njoy/ROS/rover_ws/install/robot_experiments/lib/python3.14/site-packages:${PYTHONPATH} _=/usr/bin/env /usr/bin/python3 -W ignore:setup.py install is deprecated -W ignore:easy_install command is deprecated setup.py egg_info --egg-base ../../build/robot_experiments build --build-base /home/njoy/ROS/rover_ws/build/robot_experiments/build install --record /home/njoy/ROS/rover_ws/build/robot_experiments/install.log --single-version-externally-managed install_data
[1.600s] running egg_info
[1.609s] creating ../../build/robot_experiments/robot_experiments.egg-info
[1.610s] writing ../../build/robot_experiments/robot_experiments.egg-info/PKG-INFO
[1.610s] writing dependency_links to ../../build/robot_experiments/robot_experiments.egg-info/dependency_links.txt
[1.610s] writing entry points to ../../build/robot_experiments/robot_experiments.egg-info/entry_points.txt
[1.611s] writing requirements to ../../build/robot_experiments/robot_experiments.egg-info/requires.txt
[1.611s] writing top-level names to ../../build/robot_experiments/robot_experiments.egg-info/top_level.txt
[1.611s] writing manifest file '../../build/robot_experiments/robot_experiments.egg-info/SOURCES.txt'
[1.633s] reading manifest file '../../build/robot_experiments/robot_experiments.egg-info/SOURCES.txt'
[1.633s] adding license file 'LICENSE'
[1.634s] writing manifest file '../../build/robot_experiments/robot_experiments.egg-info/SOURCES.txt'
[1.634s] running build
[1.634s] running build_py
[1.634s] creating /home/njoy/ROS/rover_ws/build/robot_experiments/build/lib/robot_experiments
[1.635s] copying robot_experiments/__init__.py -> /home/njoy/ROS/rover_ws/build/robot_experiments/build/lib/robot_experiments
[1.635s] copying robot_experiments/odom_drive.py -> /home/njoy/ROS/rover_ws/build/robot_experiments/build/lib/robot_experiments
[1.635s] copying robot_experiments/scan_monitor.py -> /home/njoy/ROS/rover_ws/build/robot_experiments/build/lib/robot_experiments
[1.635s] copying robot_experiments/geometry.py -> /home/njoy/ROS/rover_ws/build/robot_experiments/build/lib/robot_experiments
[1.635s] running install
[1.639s] running install_lib
[1.648s] creating /home/njoy/ROS/rover_ws/install/robot_experiments/lib/python3.14/site-packages/robot_experiments
[1.649s] copying /home/njoy/ROS/rover_ws/build/robot_experiments/build/lib/robot_experiments/__init__.py -> /home/njoy/ROS/rover_ws/install/robot_experiments/lib/python3.14/site-packages/robot_experiments
[1.649s] copying /home/njoy/ROS/rover_ws/build/robot_experiments/build/lib/robot_experiments/odom_drive.py -> /home/njoy/ROS/rover_ws/install/robot_experiments/lib/python3.14/site-packages/robot_experiments
[1.649s] copying /home/njoy/ROS/rover_ws/build/robot_experiments/build/lib/robot_experiments/scan_monitor.py -> /home/njoy/ROS/rover_ws/install/robot_experiments/lib/python3.14/site-packages/robot_experiments
[1.649s] copying /home/njoy/ROS/rover_ws/build/robot_experiments/build/lib/robot_experiments/geometry.py -> /home/njoy/ROS/rover_ws/install/robot_experiments/lib/python3.14/site-packages/robot_experiments
[1.649s] byte-compiling /home/njoy/ROS/rover_ws/install/robot_experiments/lib/python3.14/site-packages/robot_experiments/__init__.py to __init__.cpython-314.pyc
[1.650s] byte-compiling /home/njoy/ROS/rover_ws/install/robot_experiments/lib/python3.14/site-packages/robot_experiments/odom_drive.py to odom_drive.cpython-314.pyc
[1.651s] byte-compiling /home/njoy/ROS/rover_ws/install/robot_experiments/lib/python3.14/site-packages/robot_experiments/scan_monitor.py to scan_monitor.cpython-314.pyc
[1.651s] byte-compiling /home/njoy/ROS/rover_ws/install/robot_experiments/lib/python3.14/site-packages/robot_experiments/geometry.py to geometry.cpython-314.pyc
[1.651s] running install_data
[1.652s] creating /home/njoy/ROS/rover_ws/install/robot_experiments/share/ament_index/resource_index/packages
[1.652s] copying resource/robot_experiments -> /home/njoy/ROS/rover_ws/install/robot_experiments/share/ament_index/resource_index/packages
[1.652s] copying package.xml -> /home/njoy/ROS/rover_ws/install/robot_experiments/share/robot_experiments
[1.652s] running install_egg_info
[1.662s] Copying ../../build/robot_experiments/robot_experiments.egg-info to /home/njoy/ROS/rover_ws/install/robot_experiments/lib/python3.14/site-packages/robot_experiments-0.0.0-py3.14.egg-info
[1.664s] running install_scripts
[1.719s] Installing detector script to /home/njoy/ROS/rover_ws/install/robot_experiments/lib/rover_experiments
[1.719s] Installing odometry script to /home/njoy/ROS/rover_ws/install/robot_experiments/lib/rover_experiments
[1.720s] writing list of installed files to '/home/njoy/ROS/rover_ws/build/robot_experiments/install.log'
[1.766s] Invoked command in '/home/njoy/ROS/rover_ws/src/robot_experiments' returned '0': DEBUGINFOD_URLS=ima:enforcing https://debuginfod.fedoraproject.org/ ima:ignore PYTHONPATH=/home/njoy/ROS/rover_ws/build/robot_experiments/prefix_override:/usr/lib/python3.14/site-packages/colcon_core/task/python/colcon_distutils_commands:/home/njoy/ROS/rover_ws/install/robot_experiments/lib/python3.14/site-packages:${PYTHONPATH} _=/usr/bin/env /usr/bin/python3 -W ignore:setup.py install is deprecated -W ignore:easy_install command is deprecated setup.py egg_info --egg-base ../../build/robot_experiments build --build-base /home/njoy/ROS/rover_ws/build/robot_experiments/build install --record /home/njoy/ROS/rover_ws/build/robot_experiments/install.log --single-version-externally-managed install_data
