[0.822s] Invoking command in '/home/njoy/ROS/rover_ws/src/build/rover_experiments': DEBUGINFOD_URLS=ima:enforcing https://debuginfod.fedoraproject.org/ ima:ignore PS1=📦[\u@rover-dev-container \W]$ PYTHONPATH=/home/njoy/ROS/rover_ws/src/build/rover_experiments/prefix_override:/usr/lib/python3/dist-packages/colcon_core/task/python/colcon_distutils_commands:/home/njoy/ROS/rover_ws/src/install/rover_experiments/lib/python3.12/site-packages:${PYTHONPATH} /usr/bin/python3 -W ignore:setup.py install is deprecated -W ignore:easy_install command is deprecated setup.py develop --uninstall --editable --build-directory /home/njoy/ROS/rover_ws/src/build/rover_experiments/build
[1.121s] running develop
[1.328s] Removing /home/njoy/ROS/rover_ws/src/install/rover_experiments/lib/python3.12/site-packages/rover-experiments.egg-link (link to .)
[1.357s] Invoked command in '/home/njoy/ROS/rover_ws/src/build/rover_experiments' returned '0': DEBUGINFOD_URLS=ima:enforcing https://debuginfod.fedoraproject.org/ ima:ignore PS1=📦[\u@rover-dev-container \W]$ PYTHONPATH=/home/njoy/ROS/rover_ws/src/build/rover_experiments/prefix_override:/usr/lib/python3/dist-packages/colcon_core/task/python/colcon_distutils_commands:/home/njoy/ROS/rover_ws/src/install/rover_experiments/lib/python3.12/site-packages:${PYTHONPATH} /usr/bin/python3 -W ignore:setup.py install is deprecated -W ignore:easy_install command is deprecated setup.py develop --uninstall --editable --build-directory /home/njoy/ROS/rover_ws/src/build/rover_experiments/build
[1.358s] Invoking command in '/home/njoy/ROS/rover_ws/src/rover_experiments': DEBUGINFOD_URLS=ima:enforcing https://debuginfod.fedoraproject.org/ ima:ignore PS1=📦[\u@rover-dev-container \W]$ PYTHONPATH=/home/njoy/ROS/rover_ws/src/build/rover_experiments/prefix_override:/usr/lib/python3/dist-packages/colcon_core/task/python/colcon_distutils_commands:/home/njoy/ROS/rover_ws/src/install/rover_experiments/lib/python3.12/site-packages:${PYTHONPATH} /usr/bin/python3 -W ignore:setup.py install is deprecated -W ignore:easy_install command is deprecated setup.py egg_info --egg-base ../build/rover_experiments build --build-base /home/njoy/ROS/rover_ws/src/build/rover_experiments/build install --record /home/njoy/ROS/rover_ws/src/build/rover_experiments/install.log --single-version-externally-managed install_data --force
[1.628s] running egg_info
[1.646s] writing ../build/rover_experiments/rover_experiments.egg-info/PKG-INFO
[1.647s] writing dependency_links to ../build/rover_experiments/rover_experiments.egg-info/dependency_links.txt
[1.647s] writing entry points to ../build/rover_experiments/rover_experiments.egg-info/entry_points.txt
[1.647s] writing requirements to ../build/rover_experiments/rover_experiments.egg-info/requires.txt
[1.647s] writing top-level names to ../build/rover_experiments/rover_experiments.egg-info/top_level.txt
[1.685s] reading manifest file '../build/rover_experiments/rover_experiments.egg-info/SOURCES.txt'
[1.685s] adding license file 'LICENSE'
[1.686s] writing manifest file '../build/rover_experiments/rover_experiments.egg-info/SOURCES.txt'
[1.686s] running build
[1.686s] running build_py
[1.686s] copying rover_experiments/odom_drive.py -> /home/njoy/ROS/rover_ws/src/build/rover_experiments/build/lib/rover_experiments
[1.686s] running install
[1.692s] running install_lib
[1.710s] creating /home/njoy/ROS/rover_ws/src/install/rover_experiments/lib/python3.12/site-packages/rover_experiments
[1.710s] copying /home/njoy/ROS/rover_ws/src/build/rover_experiments/build/lib/rover_experiments/__init__.py -> /home/njoy/ROS/rover_ws/src/install/rover_experiments/lib/python3.12/site-packages/rover_experiments
[1.710s] copying /home/njoy/ROS/rover_ws/src/build/rover_experiments/build/lib/rover_experiments/scan_monitor.py -> /home/njoy/ROS/rover_ws/src/install/rover_experiments/lib/python3.12/site-packages/rover_experiments
[1.710s] copying /home/njoy/ROS/rover_ws/src/build/rover_experiments/build/lib/rover_experiments/odom_drive.py -> /home/njoy/ROS/rover_ws/src/install/rover_experiments/lib/python3.12/site-packages/rover_experiments
[1.711s] byte-compiling /home/njoy/ROS/rover_ws/src/install/rover_experiments/lib/python3.12/site-packages/rover_experiments/__init__.py to __init__.cpython-312.pyc
[1.711s] byte-compiling /home/njoy/ROS/rover_ws/src/install/rover_experiments/lib/python3.12/site-packages/rover_experiments/scan_monitor.py to scan_monitor.cpython-312.pyc
[1.712s] byte-compiling /home/njoy/ROS/rover_ws/src/install/rover_experiments/lib/python3.12/site-packages/rover_experiments/odom_drive.py to odom_drive.cpython-312.pyc
[1.713s] running install_data
[1.713s] copying resource/rover_experiments -> /home/njoy/ROS/rover_ws/src/install/rover_experiments/share/ament_index/resource_index/packages
[1.713s] copying package.xml -> /home/njoy/ROS/rover_ws/src/install/rover_experiments/share/rover_experiments
[1.713s] running install_egg_info
[1.733s] Copying ../build/rover_experiments/rover_experiments.egg-info to /home/njoy/ROS/rover_ws/src/install/rover_experiments/lib/python3.12/site-packages/rover_experiments-0.0.0-py3.12.egg-info
[1.735s] running install_scripts
[1.883s] Installing detector script to /home/njoy/ROS/rover_ws/src/install/rover_experiments/lib/rover_experiments
[1.883s] Installing odometry script to /home/njoy/ROS/rover_ws/src/install/rover_experiments/lib/rover_experiments
[1.884s] writing list of installed files to '/home/njoy/ROS/rover_ws/src/build/rover_experiments/install.log'
[1.932s] Invoked command in '/home/njoy/ROS/rover_ws/src/rover_experiments' returned '0': DEBUGINFOD_URLS=ima:enforcing https://debuginfod.fedoraproject.org/ ima:ignore PS1=📦[\u@rover-dev-container \W]$ PYTHONPATH=/home/njoy/ROS/rover_ws/src/build/rover_experiments/prefix_override:/usr/lib/python3/dist-packages/colcon_core/task/python/colcon_distutils_commands:/home/njoy/ROS/rover_ws/src/install/rover_experiments/lib/python3.12/site-packages:${PYTHONPATH} /usr/bin/python3 -W ignore:setup.py install is deprecated -W ignore:easy_install command is deprecated setup.py egg_info --egg-base ../build/rover_experiments build --build-base /home/njoy/ROS/rover_ws/src/build/rover_experiments/build install --record /home/njoy/ROS/rover_ws/src/build/rover_experiments/install.log --single-version-externally-managed install_data --force
