[-1782780539395923200.000s] [34mcolcon[0m [1;30mDEBUG[0m [32mCommand line arguments: ['/usr/bin/colcon', 'build'][0m
[-1782780539395923200.000s] [34mcolcon[0m [1;30mDEBUG[0m [32mParsed command line arguments: Namespace(log_base=None, log_level=None, verb_name='build', build_base='build', install_base='install', merge_install=False, symlink_install=False, test_result_base=None, continue_on_error=False, executor='parallel', parallel_workers=16, event_handlers=None, ignore_user_meta=False, metas=['./colcon.meta'], base_paths=['.'], packages_ignore=None, packages_ignore_regex=None, paths=None, packages_up_to=None, packages_up_to_regex=None, packages_above=None, packages_above_and_dependencies=None, packages_above_depth=None, packages_select_by_dep=None, packages_skip_by_dep=None, packages_skip_up_to=None, packages_select_build_failed=False, packages_skip_build_finished=False, packages_select_test_failures=False, packages_skip_test_passed=False, packages_select=None, packages_skip=None, packages_select_regex=None, packages_skip_regex=None, packages_start=None, packages_end=None, allow_overriding=[], cmake_args=None, cmake_target=None, cmake_target_skip_unavailable=False, cmake_clean_cache=False, cmake_clean_first=False, cmake_force_configure=False, ament_cmake_args=None, catkin_cmake_args=None, catkin_skip_building_tests=False, verb_parser=<colcon_defaults.argument_parser.defaults.DefaultArgumentsDecorator object at 0x7f4f627411d0>, verb_extension=<colcon_core.verb.build.BuildVerb object at 0x7f4f6274cd70>, main=<bound method BuildVerb.main of <colcon_core.verb.build.BuildVerb object at 0x7f4f6274cd70>>)[0m
[-1782780539395923200.000s] [34mcolcon.colcon_core.package_discovery[0m [1;30mLevel 1[0m discover_packages(colcon_meta) check parameters
[-1782780539395923200.000s] [34mcolcon.colcon_core.package_discovery[0m [1;30mLevel 1[0m discover_packages(recursive) check parameters
[-1782780539395923200.000s] [34mcolcon.colcon_core.package_discovery[0m [1;30mLevel 1[0m discover_packages(ignore) check parameters
[-1782780539395923200.000s] [34mcolcon.colcon_core.package_discovery[0m [1;30mLevel 1[0m discover_packages(path) check parameters
[-1782780539395923200.000s] [34mcolcon.colcon_core.package_discovery[0m [1;30mLevel 1[0m discover_packages(colcon_meta) discover
[-1782780539395923200.000s] [34mcolcon.colcon_core.package_discovery[0m [1;30mLevel 1[0m discover_packages(recursive) discover
[-1782780539395923200.000s] [34mcolcon.colcon_core.package_discovery[0m [1;30mINFO[0m Crawling recursively for packages in '/home/njoy/ROS/rover_ws'
[-1782780539395923200.000s] [34mcolcon.colcon_core.package_identification[0m [1;30mLevel 1[0m _identify(.) by extensions ['ignore', 'ignore_ament_install']
[-1782780539395923200.000s] [34mcolcon.colcon_core.package_identification[0m [1;30mLevel 1[0m _identify(.) by extension 'ignore'
[-1782780539395923200.000s] [34mcolcon.colcon_core.package_identification[0m [1;30mLevel 1[0m _identify(.) by extension 'ignore_ament_install'
[-1782780539395923200.000s] [34mcolcon.colcon_core.package_identification[0m [1;30mLevel 1[0m _identify(.) by extensions ['colcon_pkg']
[-1782780539395923200.000s] [34mcolcon.colcon_core.package_identification[0m [1;30mLevel 1[0m _identify(.) by extension 'colcon_pkg'
[-1782780539395923200.000s] [34mcolcon.colcon_core.package_identification[0m [1;30mLevel 1[0m _identify(.) by extensions ['colcon_meta']
[-1782780539395923200.000s] [34mcolcon.colcon_core.package_identification[0m [1;30mLevel 1[0m _identify(.) by extension 'colcon_meta'
[-1782780539395923200.000s] [34mcolcon.colcon_core.package_identification[0m [1;30mLevel 1[0m _identify(.) by extensions ['ros']
[-1782780539395923200.000s] [34mcolcon.colcon_core.package_identification[0m [1;30mLevel 1[0m _identify(.) by extension 'ros'
[-1782780539395923200.000s] [34mcolcon.colcon_core.package_identification[0m [1;30mLevel 1[0m _identify(.) by extensions ['cmake', 'python']
[-1782780539395923200.000s] [34mcolcon.colcon_core.package_identification[0m [1;30mLevel 1[0m _identify(.) by extension 'cmake'
[-1782780539395923200.000s] [34mcolcon.colcon_core.package_identification[0m [1;30mLevel 1[0m _identify(.) by extension 'python'
[-1782780539395923200.000s] [34mcolcon.colcon_core.package_identification[0m [1;30mLevel 1[0m _identify(.) by extensions ['python_setup_py']
[-1782780539395923200.000s] [34mcolcon.colcon_core.package_identification[0m [1;30mLevel 1[0m _identify(.) by extension 'python_setup_py'
[-1782780539395923200.000s] [34mcolcon.colcon_core.package_identification[0m [1;30mLevel 1[0m _identify(build) by extensions ['ignore', 'ignore_ament_install']
[-1782780539395923200.000s] [34mcolcon.colcon_core.package_identification[0m [1;30mLevel 1[0m _identify(build) by extension 'ignore'
[-1782780539395923200.000s] [34mcolcon.colcon_core.package_identification[0m [1;30mLevel 1[0m _identify(build) ignored
[-1782780539395923200.000s] [34mcolcon.colcon_core.package_identification[0m [1;30mLevel 1[0m _identify(install) by extensions ['ignore', 'ignore_ament_install']
[-1782780539395923200.000s] [34mcolcon.colcon_core.package_identification[0m [1;30mLevel 1[0m _identify(install) by extension 'ignore'
[-1782780539395923200.000s] [34mcolcon.colcon_core.package_identification[0m [1;30mLevel 1[0m _identify(install) ignored
[-1782780539395923200.000s] [34mcolcon.colcon_core.package_identification[0m [1;30mLevel 1[0m _identify(log) by extensions ['ignore', 'ignore_ament_install']
[-1782780539395923200.000s] [34mcolcon.colcon_core.package_identification[0m [1;30mLevel 1[0m _identify(log) by extension 'ignore'
[-1782780539395923200.000s] [34mcolcon.colcon_core.package_identification[0m [1;30mLevel 1[0m _identify(log) ignored
[-1782780539395923200.000s] [34mcolcon.colcon_core.package_identification[0m [1;30mLevel 1[0m _identify(src) by extensions ['ignore', 'ignore_ament_install']
[-1782780539395923200.000s] [34mcolcon.colcon_core.package_identification[0m [1;30mLevel 1[0m _identify(src) by extension 'ignore'
[-1782780539395923200.000s] [34mcolcon.colcon_core.package_identification[0m [1;30mLevel 1[0m _identify(src) by extension 'ignore_ament_install'
[-1782780539395923200.000s] [34mcolcon.colcon_core.package_identification[0m [1;30mLevel 1[0m _identify(src) by extensions ['colcon_pkg']
[-1782780539395923200.000s] [34mcolcon.colcon_core.package_identification[0m [1;30mLevel 1[0m _identify(src) by extension 'colcon_pkg'
[-1782780539395923200.000s] [34mcolcon.colcon_core.package_identification[0m [1;30mLevel 1[0m _identify(src) by extensions ['colcon_meta']
[-1782780539395923200.000s] [34mcolcon.colcon_core.package_identification[0m [1;30mLevel 1[0m _identify(src) by extension 'colcon_meta'
[-1782780539395923200.000s] [34mcolcon.colcon_core.package_identification[0m [1;30mLevel 1[0m _identify(src) by extensions ['ros']
[-1782780539395923200.000s] [34mcolcon.colcon_core.package_identification[0m [1;30mLevel 1[0m _identify(src) by extension 'ros'
[-1782780539395923200.000s] [34mcolcon.colcon_core.package_identification[0m [1;30mLevel 1[0m _identify(src) by extensions ['cmake', 'python']
[-1782780539395923200.000s] [34mcolcon.colcon_core.package_identification[0m [1;30mLevel 1[0m _identify(src) by extension 'cmake'
[-1782780539395923200.000s] [34mcolcon.colcon_core.package_identification[0m [1;30mLevel 1[0m _identify(src) by extension 'python'
[-1782780539395923200.000s] [34mcolcon.colcon_core.package_identification[0m [1;30mLevel 1[0m _identify(src) by extensions ['python_setup_py']
[-1782780539395923200.000s] [34mcolcon.colcon_core.package_identification[0m [1;30mLevel 1[0m _identify(src) by extension 'python_setup_py'
[-1782780539395923200.000s] [34mcolcon.colcon_core.package_identification[0m [1;30mLevel 1[0m _identify(src/py_pubsub) by extensions ['ignore', 'ignore_ament_install']
[-1782780539395923200.000s] [34mcolcon.colcon_core.package_identification[0m [1;30mLevel 1[0m _identify(src/py_pubsub) by extension 'ignore'
[-1782780539395923200.000s] [34mcolcon.colcon_core.package_identification[0m [1;30mLevel 1[0m _identify(src/py_pubsub) by extension 'ignore_ament_install'
[-1782780539395923200.000s] [34mcolcon.colcon_core.package_identification[0m [1;30mLevel 1[0m _identify(src/py_pubsub) by extensions ['colcon_pkg']
[-1782780539395923200.000s] [34mcolcon.colcon_core.package_identification[0m [1;30mLevel 1[0m _identify(src/py_pubsub) by extension 'colcon_pkg'
[-1782780539395923200.000s] [34mcolcon.colcon_core.package_identification[0m [1;30mLevel 1[0m _identify(src/py_pubsub) by extensions ['colcon_meta']
[-1782780539395923200.000s] [34mcolcon.colcon_core.package_identification[0m [1;30mLevel 1[0m _identify(src/py_pubsub) by extension 'colcon_meta'
[-1782780539395923200.000s] [34mcolcon.colcon_core.package_identification[0m [1;30mLevel 1[0m _identify(src/py_pubsub) by extensions ['ros']
[-1782780539395923200.000s] [34mcolcon.colcon_core.package_identification[0m [1;30mLevel 1[0m _identify(src/py_pubsub) by extension 'ros'
[-1782780539395923200.000s] [34mcolcon.colcon_core.package_identification[0m [1;30mDEBUG[0m [32mPackage 'src/py_pubsub' with type 'ros.ament_python' and name 'py_pubsub'[0m
[-1782780539395923200.000s] [34mcolcon.colcon_core.package_identification[0m [1;30mLevel 1[0m _identify(src/robot_experiments) by extensions ['ignore', 'ignore_ament_install']
[-1782780539395923200.000s] [34mcolcon.colcon_core.package_identification[0m [1;30mLevel 1[0m _identify(src/robot_experiments) by extension 'ignore'
[-1782780539395923200.000s] [34mcolcon.colcon_core.package_identification[0m [1;30mLevel 1[0m _identify(src/robot_experiments) by extension 'ignore_ament_install'
[-1782780539395923200.000s] [34mcolcon.colcon_core.package_identification[0m [1;30mLevel 1[0m _identify(src/robot_experiments) by extensions ['colcon_pkg']
[-1782780539395923200.000s] [34mcolcon.colcon_core.package_identification[0m [1;30mLevel 1[0m _identify(src/robot_experiments) by extension 'colcon_pkg'
[-1782780539395923200.000s] [34mcolcon.colcon_core.package_identification[0m [1;30mLevel 1[0m _identify(src/robot_experiments) by extensions ['colcon_meta']
[-1782780539395923200.000s] [34mcolcon.colcon_core.package_identification[0m [1;30mLevel 1[0m _identify(src/robot_experiments) by extension 'colcon_meta'
[-1782780539395923200.000s] [34mcolcon.colcon_core.package_identification[0m [1;30mLevel 1[0m _identify(src/robot_experiments) by extensions ['ros']
[-1782780539395923200.000s] [34mcolcon.colcon_core.package_identification[0m [1;30mLevel 1[0m _identify(src/robot_experiments) by extension 'ros'
[-1782780539395923200.000s] [34mcolcon.colcon_core.package_identification[0m [1;30mDEBUG[0m [32mPackage 'src/robot_experiments' with type 'ros.ament_python' and name 'robot_experiments'[0m
[-1782780539395923200.000s] [34mcolcon.colcon_core.package_discovery[0m [1;30mLevel 1[0m discover_packages(recursive) using defaults
[-1782780539395923200.000s] [34mcolcon.colcon_core.package_discovery[0m [1;30mLevel 1[0m discover_packages(ignore) discover
[-1782780539395923200.000s] [34mcolcon.colcon_core.package_discovery[0m [1;30mLevel 1[0m discover_packages(ignore) using defaults
[-1782780539395923200.000s] [34mcolcon.colcon_core.package_discovery[0m [1;30mLevel 1[0m discover_packages(path) discover
[-1782780539395923200.000s] [34mcolcon.colcon_core.package_discovery[0m [1;30mLevel 1[0m discover_packages(path) using defaults
[-1782780539395923200.000s] [34mcolcon.colcon_core.package_discovery[0m [1;30mLevel 1[0m discover_packages(prefix_path) check parameters
[-1782780539395923200.000s] [34mcolcon.colcon_core.package_discovery[0m [1;30mLevel 1[0m discover_packages(prefix_path) discover
[-1782780539395923200.000s] [34mcolcon.colcon_ros.prefix_path.ament[0m [1;30mWARNING[0m [33mThe path '/home/njoy/ROS/rover_ws/install/rover_experiments' in the environment variable AMENT_PREFIX_PATH doesn't exist[0m
[-1782780539395923200.000s] [34mcolcon.colcon_ros.prefix_path.ament[0m [1;30mWARNING[0m [33mThe path '/home/njoy/ROS/rover_ws/install/py_pubsub' in the environment variable AMENT_PREFIX_PATH doesn't exist[0m
[-1782780539395923200.000s] [34mcolcon.colcon_installed_package_information.package_discovery[0m [1;30mDEBUG[0m [32mFound 15 installed packages in /home/njoy/ROS/turtlebot3_ws/install[0m
[-1782780539395923200.000s] [34mcolcon.colcon_installed_package_information.package_discovery[0m [1;30mDEBUG[0m [32mFound 0 installed packages in /home/njoy/ROS/rover_ws/install[0m
[-1782780539395923200.000s] [34mcolcon.colcon_core.package_discovery[0m [1;30mLevel 1[0m discover_packages(prefix_path) using defaults
[-1782780539395923200.000s] [34mcolcon.colcon_core.verb[0m [1;30mLevel 5[0m set package 'py_pubsub' build argument 'cmake_args' from command line to 'None'
[-1782780539395923200.000s] [34mcolcon.colcon_core.verb[0m [1;30mLevel 5[0m set package 'py_pubsub' build argument 'cmake_target' from command line to 'None'
[-1782780539395923200.000s] [34mcolcon.colcon_core.verb[0m [1;30mLevel 5[0m set package 'py_pubsub' build argument 'cmake_target_skip_unavailable' from command line to 'False'
[-1782780539395923200.000s] [34mcolcon.colcon_core.verb[0m [1;30mLevel 5[0m set package 'py_pubsub' build argument 'cmake_clean_cache' from command line to 'False'
[-1782780539395923200.000s] [34mcolcon.colcon_core.verb[0m [1;30mLevel 5[0m set package 'py_pubsub' build argument 'cmake_clean_first' from command line to 'False'
[-1782780539395923200.000s] [34mcolcon.colcon_core.verb[0m [1;30mLevel 5[0m set package 'py_pubsub' build argument 'cmake_force_configure' from command line to 'False'
[-1782780539395923200.000s] [34mcolcon.colcon_core.verb[0m [1;30mLevel 5[0m set package 'py_pubsub' build argument 'ament_cmake_args' from command line to 'None'
[-1782780539395923200.000s] [34mcolcon.colcon_core.verb[0m [1;30mLevel 5[0m set package 'py_pubsub' build argument 'catkin_cmake_args' from command line to 'None'
[-1782780539395923200.000s] [34mcolcon.colcon_core.verb[0m [1;30mLevel 5[0m set package 'py_pubsub' build argument 'catkin_skip_building_tests' from command line to 'False'
[-1782780539395923200.000s] [34mcolcon.colcon_core.verb[0m [1;30mDEBUG[0m [32mBuilding package 'py_pubsub' with the following arguments: {'ament_cmake_args': None, 'build_base': '/home/njoy/ROS/rover_ws/build/py_pubsub', 'catkin_cmake_args': None, 'catkin_skip_building_tests': False, 'cmake_args': None, 'cmake_clean_cache': False, 'cmake_clean_first': False, 'cmake_force_configure': False, 'cmake_target': None, 'cmake_target_skip_unavailable': False, 'install_base': '/home/njoy/ROS/rover_ws/install/py_pubsub', 'merge_install': False, 'path': '/home/njoy/ROS/rover_ws/src/py_pubsub', 'symlink_install': False, 'test_result_base': None}[0m
[-1782780539395923200.000s] [34mcolcon.colcon_core.verb[0m [1;30mLevel 5[0m set package 'robot_experiments' build argument 'cmake_args' from command line to 'None'
[-1782780539395923200.000s] [34mcolcon.colcon_core.verb[0m [1;30mLevel 5[0m set package 'robot_experiments' build argument 'cmake_target' from command line to 'None'
[-1782780539395923200.000s] [34mcolcon.colcon_core.verb[0m [1;30mLevel 5[0m set package 'robot_experiments' build argument 'cmake_target_skip_unavailable' from command line to 'False'
[-1782780539395923200.000s] [34mcolcon.colcon_core.verb[0m [1;30mLevel 5[0m set package 'robot_experiments' build argument 'cmake_clean_cache' from command line to 'False'
[-1782780539395923200.000s] [34mcolcon.colcon_core.verb[0m [1;30mLevel 5[0m set package 'robot_experiments' build argument 'cmake_clean_first' from command line to 'False'
[-1782780539395923200.000s] [34mcolcon.colcon_core.verb[0m [1;30mLevel 5[0m set package 'robot_experiments' build argument 'cmake_force_configure' from command line to 'False'
[-1782780539395923200.000s] [34mcolcon.colcon_core.verb[0m [1;30mLevel 5[0m set package 'robot_experiments' build argument 'ament_cmake_args' from command line to 'None'
[-1782780539395923200.000s] [34mcolcon.colcon_core.verb[0m [1;30mLevel 5[0m set package 'robot_experiments' build argument 'catkin_cmake_args' from command line to 'None'
[-1782780539395923200.000s] [34mcolcon.colcon_core.verb[0m [1;30mLevel 5[0m set package 'robot_experiments' build argument 'catkin_skip_building_tests' from command line to 'False'
[-1782780539395923200.000s] [34mcolcon.colcon_core.verb[0m [1;30mDEBUG[0m [32mBuilding package 'robot_experiments' with the following arguments: {'ament_cmake_args': None, 'build_base': '/home/njoy/ROS/rover_ws/build/robot_experiments', 'catkin_cmake_args': None, 'catkin_skip_building_tests': False, 'cmake_args': None, 'cmake_clean_cache': False, 'cmake_clean_first': False, 'cmake_force_configure': False, 'cmake_target': None, 'cmake_target_skip_unavailable': False, 'install_base': '/home/njoy/ROS/rover_ws/install/robot_experiments', 'merge_install': False, 'path': '/home/njoy/ROS/rover_ws/src/robot_experiments', 'symlink_install': False, 'test_result_base': None}[0m
[-1782780539395923200.000s] [34mcolcon.colcon_core.executor[0m [1;30mINFO[0m Executing jobs using 'parallel' executor
[-1782780539395923200.000s] [34mcolcon.colcon_parallel_executor.executor.parallel[0m [1;30mDEBUG[0m [32mrun_until_complete[0m
[-1782780539395923200.000s] [34mcolcon.colcon_ros.task.ament_python.build[0m [1;30mINFO[0m Building ROS package in '/home/njoy/ROS/rover_ws/src/py_pubsub' with build type 'ament_python'
[-1782780539395923200.000s] [34mcolcon.colcon_core.shell[0m [1;30mLevel 1[0m create_environment_hook('py_pubsub', 'ament_prefix_path')
[-1782780539395923200.000s] [34mcolcon.colcon_core.plugin_system[0m [1;30mINFO[0m Skipping extension 'colcon_core.shell.bat': Not used on non-Windows systems
[-1782780539395923200.000s] [34mcolcon.colcon_core.shell[0m [1;30mINFO[0m Creating environment hook '/home/njoy/ROS/rover_ws/install/py_pubsub/share/py_pubsub/hook/ament_prefix_path.ps1'
[-1782780539395923200.000s] [34mcolcon.colcon_core.shell[0m [1;30mINFO[0m Creating environment descriptor '/home/njoy/ROS/rover_ws/install/py_pubsub/share/py_pubsub/hook/ament_prefix_path.dsv'
[-1782780539395923200.000s] [34mcolcon.colcon_core.shell[0m [1;30mINFO[0m Creating environment hook '/home/njoy/ROS/rover_ws/install/py_pubsub/share/py_pubsub/hook/ament_prefix_path.sh'
[-1782780539395923200.000s] [34mcolcon.colcon_core.shell[0m [1;30mINFO[0m Skip shell extension 'powershell' for command environment: Not usable outside of PowerShell
[-1782780539395923200.000s] [34mcolcon.colcon_core.shell[0m [1;30mDEBUG[0m [32mSkip shell extension 'dsv' for command environment[0m
[-1782780539395923200.000s] [34mcolcon.colcon_ros.task.ament_python.build[0m [1;30mINFO[0m Building ROS package in '/home/njoy/ROS/rover_ws/src/robot_experiments' with build type 'ament_python'
[-1782780539395923200.000s] [34mcolcon.colcon_core.shell[0m [1;30mLevel 1[0m create_environment_hook('robot_experiments', 'ament_prefix_path')
[-1782780539395923200.000s] [34mcolcon.colcon_core.shell[0m [1;30mINFO[0m Creating environment hook '/home/njoy/ROS/rover_ws/install/robot_experiments/share/robot_experiments/hook/ament_prefix_path.ps1'
[-1782780539395923200.000s] [34mcolcon.colcon_core.shell[0m [1;30mINFO[0m Creating environment descriptor '/home/njoy/ROS/rover_ws/install/robot_experiments/share/robot_experiments/hook/ament_prefix_path.dsv'
[-1782780539395923200.000s] [34mcolcon.colcon_core.shell[0m [1;30mINFO[0m Creating environment hook '/home/njoy/ROS/rover_ws/install/robot_experiments/share/robot_experiments/hook/ament_prefix_path.sh'
[-1782780539395923200.000s] [34mcolcon.colcon_core.shell[0m [1;30mINFO[0m Skip shell extension 'powershell' for command environment: Not usable outside of PowerShell
[-1782780539395923200.000s] [34mcolcon.colcon_core.shell[0m [1;30mDEBUG[0m [32mSkip shell extension 'dsv' for command environment[0m
[-1782780539395923200.000s] [34mcolcon.colcon_core.task.python.build[0m [1;30mINFO[0m Building Python package in '/home/njoy/ROS/rover_ws/src/py_pubsub'
[-1782780539395923200.000s] [34mcolcon.colcon_core.shell[0m [1;30mINFO[0m Skip shell extension 'powershell' for command environment: Not usable outside of PowerShell
[-1782780539395923200.000s] [34mcolcon.colcon_core.shell[0m [1;30mDEBUG[0m [32mSkip shell extension 'dsv' for command environment[0m
[-1782780539395923200.000s] [34mcolcon.colcon_core.task.python.build[0m [1;30mINFO[0m Building Python package in '/home/njoy/ROS/rover_ws/src/robot_experiments'
[-1782780539395923200.000s] [34mcolcon.colcon_core.shell[0m [1;30mINFO[0m Skip shell extension 'powershell' for command environment: Not usable outside of PowerShell
[-1782780539395923200.000s] [34mcolcon.colcon_core.shell[0m [1;30mDEBUG[0m [32mSkip shell extension 'dsv' for command environment[0m
[-1782780539395923200.000s] [34mcolcon.colcon_core.event_handler.log_command[0m [1;30mDEBUG[0m [32mInvoking command in '/home/njoy/ROS/rover_ws/src/py_pubsub': DEBUGINFOD_URLS=ima:enforcing https://debuginfod.fedoraproject.org/ ima:ignore PYTHONPATH=/home/njoy/ROS/rover_ws/build/py_pubsub/prefix_override:/usr/lib/python3.14/site-packages/colcon_core/task/python/colcon_distutils_commands:/home/njoy/ROS/rover_ws/install/py_pubsub/lib/python3.14/site-packages:${PYTHONPATH} _=/usr/bin/env /usr/bin/python3 -W ignore:setup.py install is deprecated -W ignore:easy_install command is deprecated setup.py egg_info --egg-base ../../build/py_pubsub build --build-base /home/njoy/ROS/rover_ws/build/py_pubsub/build install --record /home/njoy/ROS/rover_ws/build/py_pubsub/install.log --single-version-externally-managed install_data[0m
[-1782780539395923200.000s] [34mcolcon.colcon_core.event_handler.log_command[0m [1;30mDEBUG[0m [32mInvoking command in '/home/njoy/ROS/rover_ws/src/robot_experiments': DEBUGINFOD_URLS=ima:enforcing https://debuginfod.fedoraproject.org/ ima:ignore PYTHONPATH=/home/njoy/ROS/rover_ws/build/robot_experiments/prefix_override:/usr/lib/python3.14/site-packages/colcon_core/task/python/colcon_distutils_commands:/home/njoy/ROS/rover_ws/install/robot_experiments/lib/python3.14/site-packages:${PYTHONPATH} _=/usr/bin/env /usr/bin/python3 -W ignore:setup.py install is deprecated -W ignore:easy_install command is deprecated setup.py egg_info --egg-base ../../build/robot_experiments build --build-base /home/njoy/ROS/rover_ws/build/robot_experiments/build install --record /home/njoy/ROS/rover_ws/build/robot_experiments/install.log --single-version-externally-managed install_data[0m
[-1782780539395923200.000s] [34mcolcon.colcon_core.event_handler.log_command[0m [1;30mDEBUG[0m [32mInvoked command in '/home/njoy/ROS/rover_ws/src/py_pubsub' returned '0': DEBUGINFOD_URLS=ima:enforcing https://debuginfod.fedoraproject.org/ ima:ignore PYTHONPATH=/home/njoy/ROS/rover_ws/build/py_pubsub/prefix_override:/usr/lib/python3.14/site-packages/colcon_core/task/python/colcon_distutils_commands:/home/njoy/ROS/rover_ws/install/py_pubsub/lib/python3.14/site-packages:${PYTHONPATH} _=/usr/bin/env /usr/bin/python3 -W ignore:setup.py install is deprecated -W ignore:easy_install command is deprecated setup.py egg_info --egg-base ../../build/py_pubsub build --build-base /home/njoy/ROS/rover_ws/build/py_pubsub/build install --record /home/njoy/ROS/rover_ws/build/py_pubsub/install.log --single-version-externally-managed install_data[0m
[-1782780539395923200.000s] [34mcolcon.colcon_core.environment[0m [1;30mLevel 1[0m checking '/home/njoy/ROS/rover_ws/install/py_pubsub' for CMake module files
[-1782780539395923200.000s] [34mcolcon.colcon_core.environment[0m [1;30mLevel 1[0m checking '/home/njoy/ROS/rover_ws/install/py_pubsub' for CMake config files
[-1782780539395923200.000s] [34mcolcon.colcon_core.environment[0m [1;30mLevel 1[0m checking '/home/njoy/ROS/rover_ws/install/py_pubsub/lib'
[-1782780539395923200.000s] [34mcolcon.colcon_core.environment[0m [1;30mLevel 1[0m checking '/home/njoy/ROS/rover_ws/install/py_pubsub/bin'
[-1782780539395923200.000s] [34mcolcon.colcon_core.environment[0m [1;30mLevel 1[0m checking '/home/njoy/ROS/rover_ws/install/py_pubsub/lib/pkgconfig/py_pubsub.pc'
[-1782780539395923200.000s] [34mcolcon.colcon_core.environment[0m [1;30mLevel 1[0m checking '/home/njoy/ROS/rover_ws/install/py_pubsub/lib/python3.14/site-packages'
[-1782780539395923200.000s] [34mcolcon.colcon_core.shell[0m [1;30mLevel 1[0m create_environment_hook('py_pubsub', 'pythonpath')
[-1782780539395923200.000s] [34mcolcon.colcon_core.shell[0m [1;30mINFO[0m Creating environment hook '/home/njoy/ROS/rover_ws/install/py_pubsub/share/py_pubsub/hook/pythonpath.ps1'
[-1782780539395923200.000s] [34mcolcon.colcon_core.shell[0m [1;30mINFO[0m Creating environment descriptor '/home/njoy/ROS/rover_ws/install/py_pubsub/share/py_pubsub/hook/pythonpath.dsv'
[-1782780539395923200.000s] [34mcolcon.colcon_core.shell[0m [1;30mINFO[0m Creating environment hook '/home/njoy/ROS/rover_ws/install/py_pubsub/share/py_pubsub/hook/pythonpath.sh'
[-1782780539395923200.000s] [34mcolcon.colcon_core.environment[0m [1;30mLevel 1[0m checking '/home/njoy/ROS/rover_ws/install/py_pubsub/lib64/python3.14/site-packages'
[-1782780539395923200.000s] [34mcolcon.colcon_core.environment[0m [1;30mLevel 1[0m checking '/home/njoy/ROS/rover_ws/install/py_pubsub/bin'
[-1782780539395923200.000s] [34mcolcon.colcon_core.environment[0m [1;30mLevel 1[0m create_environment_scripts_only(py_pubsub)
[-1782780539395923200.000s] [34mcolcon.colcon_core.shell[0m [1;30mINFO[0m Creating package script '/home/njoy/ROS/rover_ws/install/py_pubsub/share/py_pubsub/package.ps1'
[-1782780539395923200.000s] [34mcolcon.colcon_core.shell[0m [1;30mINFO[0m Creating package descriptor '/home/njoy/ROS/rover_ws/install/py_pubsub/share/py_pubsub/package.dsv'
[-1782780539395923200.000s] [34mcolcon.colcon_core.shell[0m [1;30mINFO[0m Creating package script '/home/njoy/ROS/rover_ws/install/py_pubsub/share/py_pubsub/package.sh'
[-1782780539395923200.000s] [34mcolcon.colcon_core.shell[0m [1;30mINFO[0m Creating package script '/home/njoy/ROS/rover_ws/install/py_pubsub/share/py_pubsub/package.bash'
[-1782780539395923200.000s] [34mcolcon.colcon_core.shell[0m [1;30mINFO[0m Creating package script '/home/njoy/ROS/rover_ws/install/py_pubsub/share/py_pubsub/package.zsh'
[-1782780539395923200.000s] [34mcolcon.colcon_core.environment[0m [1;30mLevel 1[0m create_file_with_runtime_dependencies(/home/njoy/ROS/rover_ws/install/py_pubsub/share/colcon-core/packages/py_pubsub)
[-1782780539395923200.000s] [34mcolcon.colcon_core.environment[0m [1;30mLevel 1[0m checking '/home/njoy/ROS/rover_ws/install/robot_experiments' for CMake module files
[-1782780539395923200.000s] [34mcolcon.colcon_core.event_handler.log_command[0m [1;30mDEBUG[0m [32mInvoked command in '/home/njoy/ROS/rover_ws/src/robot_experiments' returned '0': DEBUGINFOD_URLS=ima:enforcing https://debuginfod.fedoraproject.org/ ima:ignore PYTHONPATH=/home/njoy/ROS/rover_ws/build/robot_experiments/prefix_override:/usr/lib/python3.14/site-packages/colcon_core/task/python/colcon_distutils_commands:/home/njoy/ROS/rover_ws/install/robot_experiments/lib/python3.14/site-packages:${PYTHONPATH} _=/usr/bin/env /usr/bin/python3 -W ignore:setup.py install is deprecated -W ignore:easy_install command is deprecated setup.py egg_info --egg-base ../../build/robot_experiments build --build-base /home/njoy/ROS/rover_ws/build/robot_experiments/build install --record /home/njoy/ROS/rover_ws/build/robot_experiments/install.log --single-version-externally-managed install_data[0m
[-1782780539395923200.000s] [34mcolcon.colcon_core.environment[0m [1;30mLevel 1[0m checking '/home/njoy/ROS/rover_ws/install/robot_experiments' for CMake config files
[-1782780539395923200.000s] [34mcolcon.colcon_core.environment[0m [1;30mLevel 1[0m checking '/home/njoy/ROS/rover_ws/install/robot_experiments/lib'
[-1782780539395923200.000s] [34mcolcon.colcon_core.environment[0m [1;30mLevel 1[0m checking '/home/njoy/ROS/rover_ws/install/robot_experiments/bin'
[-1782780539395923200.000s] [34mcolcon.colcon_core.environment[0m [1;30mLevel 1[0m checking '/home/njoy/ROS/rover_ws/install/robot_experiments/lib/pkgconfig/robot_experiments.pc'
[-1782780539395923200.000s] [34mcolcon.colcon_core.environment[0m [1;30mLevel 1[0m checking '/home/njoy/ROS/rover_ws/install/robot_experiments/lib/python3.14/site-packages'
[-1782780539395923200.000s] [34mcolcon.colcon_core.shell[0m [1;30mLevel 1[0m create_environment_hook('robot_experiments', 'pythonpath')
[-1782780539395923200.000s] [34mcolcon.colcon_core.shell[0m [1;30mINFO[0m Creating environment hook '/home/njoy/ROS/rover_ws/install/robot_experiments/share/robot_experiments/hook/pythonpath.ps1'
[-1782780539395923200.000s] [34mcolcon.colcon_core.shell[0m [1;30mINFO[0m Creating environment descriptor '/home/njoy/ROS/rover_ws/install/robot_experiments/share/robot_experiments/hook/pythonpath.dsv'
[-1782780539395923200.000s] [34mcolcon.colcon_core.shell[0m [1;30mINFO[0m Creating environment hook '/home/njoy/ROS/rover_ws/install/robot_experiments/share/robot_experiments/hook/pythonpath.sh'
[-1782780539395923200.000s] [34mcolcon.colcon_core.environment[0m [1;30mLevel 1[0m checking '/home/njoy/ROS/rover_ws/install/robot_experiments/lib64/python3.14/site-packages'
[-1782780539395923200.000s] [34mcolcon.colcon_core.environment[0m [1;30mLevel 1[0m checking '/home/njoy/ROS/rover_ws/install/robot_experiments/bin'
[-1782780539395923200.000s] [34mcolcon.colcon_core.environment[0m [1;30mLevel 1[0m create_environment_scripts_only(robot_experiments)
[-1782780539395923200.000s] [34mcolcon.colcon_core.shell[0m [1;30mINFO[0m Creating package script '/home/njoy/ROS/rover_ws/install/robot_experiments/share/robot_experiments/package.ps1'
[-1782780539395923200.000s] [34mcolcon.colcon_core.shell[0m [1;30mINFO[0m Creating package descriptor '/home/njoy/ROS/rover_ws/install/robot_experiments/share/robot_experiments/package.dsv'
[-1782780539395923200.000s] [34mcolcon.colcon_core.shell[0m [1;30mINFO[0m Creating package script '/home/njoy/ROS/rover_ws/install/robot_experiments/share/robot_experiments/package.sh'
[-1782780539395923200.000s] [34mcolcon.colcon_core.shell[0m [1;30mINFO[0m Creating package script '/home/njoy/ROS/rover_ws/install/robot_experiments/share/robot_experiments/package.bash'
[-1782780539395923200.000s] [34mcolcon.colcon_core.shell[0m [1;30mINFO[0m Creating package script '/home/njoy/ROS/rover_ws/install/robot_experiments/share/robot_experiments/package.zsh'
[-1782780539395923200.000s] [34mcolcon.colcon_core.environment[0m [1;30mLevel 1[0m create_file_with_runtime_dependencies(/home/njoy/ROS/rover_ws/install/robot_experiments/share/colcon-core/packages/robot_experiments)
[-1782780539395923200.000s] [34mcolcon.colcon_parallel_executor.executor.parallel[0m [1;30mDEBUG[0m [32mclosing loop[0m
[-1782780539395923200.000s] [34mcolcon.colcon_parallel_executor.executor.parallel[0m [1;30mDEBUG[0m [32mloop closed[0m
[-1782780539395923200.000s] [34mcolcon.colcon_parallel_executor.executor.parallel[0m [1;30mDEBUG[0m [32mrun_until_complete finished with '0'[0m
[-1782780539395923200.000s] [34mcolcon.colcon_core.event_reactor[0m [1;30mDEBUG[0m [32mjoining thread[0m
[-1782780539395923200.000s] [34mcolcon.colcon_core.plugin_system[0m [1;30mINFO[0m Skipping extension 'colcon_notification.desktop_notification.terminal_notifier': Not used on non-Darwin systems
[-1782780539395923200.000s] [34mcolcon.colcon_core.plugin_system[0m [1;30mINFO[0m Skipping extension 'colcon_notification.desktop_notification.win32': Not used on non-Windows systems
[-1782780539395923200.000s] [34mcolcon.colcon_notification.desktop_notification[0m [1;30mINFO[0m Sending desktop notification using 'notify2'
[-1782780539395923200.000s] [34mcolcon.colcon_core.event_reactor[0m [1;30mDEBUG[0m [32mjoined thread[0m
[-1782780539395923200.000s] [34mcolcon.colcon_core.shell[0m [1;30mINFO[0m Creating prefix script '/home/njoy/ROS/rover_ws/install/local_setup.ps1'
[-1782780539395923200.000s] [34mcolcon.colcon_core.shell[0m [1;30mINFO[0m Creating prefix util module '/home/njoy/ROS/rover_ws/install/_local_setup_util_ps1.py'
[-1782780539395923200.000s] [34mcolcon.colcon_core.shell[0m [1;30mINFO[0m Creating prefix chain script '/home/njoy/ROS/rover_ws/install/setup.ps1'
[-1782780539395923200.000s] [34mcolcon.colcon_core.shell[0m [1;30mINFO[0m Creating prefix script '/home/njoy/ROS/rover_ws/install/local_setup.sh'
[-1782780539395923200.000s] [34mcolcon.colcon_core.shell[0m [1;30mINFO[0m Creating prefix util module '/home/njoy/ROS/rover_ws/install/_local_setup_util_sh.py'
[-1782780539395923200.000s] [34mcolcon.colcon_core.shell[0m [1;30mINFO[0m Creating prefix chain script '/home/njoy/ROS/rover_ws/install/setup.sh'
[-1782780539395923200.000s] [34mcolcon.colcon_core.shell[0m [1;30mINFO[0m Creating prefix script '/home/njoy/ROS/rover_ws/install/local_setup.bash'
[-1782780539395923200.000s] [34mcolcon.colcon_core.shell[0m [1;30mINFO[0m Creating prefix chain script '/home/njoy/ROS/rover_ws/install/setup.bash'
[-1782780539395923200.000s] [34mcolcon.colcon_core.shell[0m [1;30mINFO[0m Creating prefix script '/home/njoy/ROS/rover_ws/install/local_setup.zsh'
[-1782780539395923200.000s] [34mcolcon.colcon_core.shell[0m [1;30mINFO[0m Creating prefix chain script '/home/njoy/ROS/rover_ws/install/setup.zsh'
