[0.221s] DEBUG:colcon:Command line arguments: ['/usr/bin/colcon', 'build', '--symlink-install']
[0.221s] DEBUG:colcon:Parsed command line arguments: Namespace(log_base=None, log_level=None, verb_name='build', build_base='build', install_base='install', merge_install=False, symlink_install=True, test_result_base=None, continue_on_error=False, executor='parallel', parallel_workers=16, event_handlers=None, ignore_user_meta=False, metas=['./colcon.meta'], base_paths=['.'], packages_ignore=None, packages_ignore_regex=None, paths=None, packages_up_to=None, packages_up_to_regex=None, packages_above=None, packages_above_and_dependencies=None, packages_above_depth=None, packages_select_by_dep=None, packages_skip_by_dep=None, packages_skip_up_to=None, packages_select_build_failed=False, packages_skip_build_finished=False, packages_select_test_failures=False, packages_skip_test_passed=False, packages_select=None, packages_skip=None, packages_select_regex=None, packages_skip_regex=None, packages_start=None, packages_end=None, allow_overriding=[], cmake_args=None, cmake_target=None, cmake_target_skip_unavailable=False, cmake_clean_cache=False, cmake_clean_first=False, cmake_force_configure=False, ament_cmake_args=None, catkin_cmake_args=None, catkin_skip_building_tests=False, verb_parser=<colcon_defaults.argument_parser.defaults.DefaultArgumentsDecorator object at 0x7ff131c6bc50>, verb_extension=<colcon_core.verb.build.BuildVerb object at 0x7ff131e10950>, main=<bound method BuildVerb.main of <colcon_core.verb.build.BuildVerb object at 0x7ff131e10950>>)
[0.290s] Level 1:colcon.colcon_core.package_discovery:discover_packages(colcon_meta) check parameters
[0.291s] Level 1:colcon.colcon_core.package_discovery:discover_packages(recursive) check parameters
[0.291s] Level 1:colcon.colcon_core.package_discovery:discover_packages(ignore) check parameters
[0.291s] Level 1:colcon.colcon_core.package_discovery:discover_packages(path) check parameters
[0.291s] Level 1:colcon.colcon_core.package_discovery:discover_packages(colcon_meta) discover
[0.291s] Level 1:colcon.colcon_core.package_discovery:discover_packages(recursive) discover
[0.291s] INFO:colcon.colcon_core.package_discovery:Crawling recursively for packages in '/home/njoy/ROS/rover_ws/src'
[0.291s] Level 1:colcon.colcon_core.package_identification:_identify(.) by extensions ['ignore', 'ignore_ament_install']
[0.291s] Level 1:colcon.colcon_core.package_identification:_identify(.) by extension 'ignore'
[0.291s] Level 1:colcon.colcon_core.package_identification:_identify(.) by extension 'ignore_ament_install'
[0.291s] Level 1:colcon.colcon_core.package_identification:_identify(.) by extensions ['colcon_pkg']
[0.292s] Level 1:colcon.colcon_core.package_identification:_identify(.) by extension 'colcon_pkg'
[0.292s] Level 1:colcon.colcon_core.package_identification:_identify(.) by extensions ['colcon_meta']
[0.292s] Level 1:colcon.colcon_core.package_identification:_identify(.) by extension 'colcon_meta'
[0.292s] Level 1:colcon.colcon_core.package_identification:_identify(.) by extensions ['ros']
[0.292s] Level 1:colcon.colcon_core.package_identification:_identify(.) by extension 'ros'
[0.335s] Level 1:colcon.colcon_core.package_identification:_identify(.) by extensions ['cmake', 'python']
[0.336s] Level 1:colcon.colcon_core.package_identification:_identify(.) by extension 'cmake'
[0.336s] Level 1:colcon.colcon_core.package_identification:_identify(.) by extension 'python'
[0.336s] Level 1:colcon.colcon_core.package_identification:_identify(.) by extensions ['python_setup_py']
[0.336s] Level 1:colcon.colcon_core.package_identification:_identify(.) by extension 'python_setup_py'
[0.336s] Level 1:colcon.colcon_core.package_identification:_identify(build) by extensions ['ignore', 'ignore_ament_install']
[0.336s] Level 1:colcon.colcon_core.package_identification:_identify(build) by extension 'ignore'
[0.336s] Level 1:colcon.colcon_core.package_identification:_identify(build) ignored
[0.336s] Level 1:colcon.colcon_core.package_identification:_identify(install) by extensions ['ignore', 'ignore_ament_install']
[0.337s] Level 1:colcon.colcon_core.package_identification:_identify(install) by extension 'ignore'
[0.337s] Level 1:colcon.colcon_core.package_identification:_identify(install) ignored
[0.337s] Level 1:colcon.colcon_core.package_identification:_identify(log) by extensions ['ignore', 'ignore_ament_install']
[0.337s] Level 1:colcon.colcon_core.package_identification:_identify(log) by extension 'ignore'
[0.337s] Level 1:colcon.colcon_core.package_identification:_identify(log) ignored
[0.337s] Level 1:colcon.colcon_core.package_identification:_identify(py_pubsub) by extensions ['ignore', 'ignore_ament_install']
[0.337s] Level 1:colcon.colcon_core.package_identification:_identify(py_pubsub) by extension 'ignore'
[0.337s] Level 1:colcon.colcon_core.package_identification:_identify(py_pubsub) by extension 'ignore_ament_install'
[0.338s] Level 1:colcon.colcon_core.package_identification:_identify(py_pubsub) by extensions ['colcon_pkg']
[0.338s] Level 1:colcon.colcon_core.package_identification:_identify(py_pubsub) by extension 'colcon_pkg'
[0.338s] Level 1:colcon.colcon_core.package_identification:_identify(py_pubsub) by extensions ['colcon_meta']
[0.338s] Level 1:colcon.colcon_core.package_identification:_identify(py_pubsub) by extension 'colcon_meta'
[0.338s] Level 1:colcon.colcon_core.package_identification:_identify(py_pubsub) by extensions ['ros']
[0.338s] Level 1:colcon.colcon_core.package_identification:_identify(py_pubsub) by extension 'ros'
[0.342s] DEBUG:colcon.colcon_core.package_identification:Package 'py_pubsub' with type 'ros.ament_python' and name 'py_pubsub'
[0.342s] Level 1:colcon.colcon_core.package_identification:_identify(robot_experiments) by extensions ['ignore', 'ignore_ament_install']
[0.342s] Level 1:colcon.colcon_core.package_identification:_identify(robot_experiments) by extension 'ignore'
[0.342s] Level 1:colcon.colcon_core.package_identification:_identify(robot_experiments) by extension 'ignore_ament_install'
[0.342s] Level 1:colcon.colcon_core.package_identification:_identify(robot_experiments) by extensions ['colcon_pkg']
[0.342s] Level 1:colcon.colcon_core.package_identification:_identify(robot_experiments) by extension 'colcon_pkg'
[0.342s] Level 1:colcon.colcon_core.package_identification:_identify(robot_experiments) by extensions ['colcon_meta']
[0.342s] Level 1:colcon.colcon_core.package_identification:_identify(robot_experiments) by extension 'colcon_meta'
[0.342s] Level 1:colcon.colcon_core.package_identification:_identify(robot_experiments) by extensions ['ros']
[0.342s] Level 1:colcon.colcon_core.package_identification:_identify(robot_experiments) by extension 'ros'
[0.343s] DEBUG:colcon.colcon_core.package_identification:Package 'robot_experiments' with type 'ros.ament_python' and name 'robot_experiments'
[0.343s] Level 1:colcon.colcon_core.package_discovery:discover_packages(recursive) using defaults
[0.343s] Level 1:colcon.colcon_core.package_discovery:discover_packages(ignore) discover
[0.343s] Level 1:colcon.colcon_core.package_discovery:discover_packages(ignore) using defaults
[0.343s] Level 1:colcon.colcon_core.package_discovery:discover_packages(path) discover
[0.343s] Level 1:colcon.colcon_core.package_discovery:discover_packages(path) using defaults
[0.374s] Level 1:colcon.colcon_core.package_discovery:discover_packages(prefix_path) check parameters
[0.374s] Level 1:colcon.colcon_core.package_discovery:discover_packages(prefix_path) discover
[0.376s] WARNING:colcon.colcon_ros.prefix_path.ament:The path '/home/njoy/ROS/rover_ws/install/rover_experiments' in the environment variable AMENT_PREFIX_PATH doesn't exist
[0.381s] DEBUG:colcon.colcon_installed_package_information.package_discovery:Found 15 installed packages in /home/njoy/ROS/turtlebot3_ws/install
[0.382s] DEBUG:colcon.colcon_installed_package_information.package_discovery:Found 2 installed packages in /home/njoy/ROS/rover_ws/install
[0.386s] DEBUG:colcon.colcon_installed_package_information.package_discovery:Found 386 installed packages in /opt/ros/jazzy
[0.388s] Level 1:colcon.colcon_core.package_discovery:discover_packages(prefix_path) using defaults
[0.482s] Level 5:colcon.colcon_core.verb:set package 'py_pubsub' build argument 'cmake_args' from command line to 'None'
[0.482s] Level 5:colcon.colcon_core.verb:set package 'py_pubsub' build argument 'cmake_target' from command line to 'None'
[0.482s] Level 5:colcon.colcon_core.verb:set package 'py_pubsub' build argument 'cmake_target_skip_unavailable' from command line to 'False'
[0.482s] Level 5:colcon.colcon_core.verb:set package 'py_pubsub' build argument 'cmake_clean_cache' from command line to 'False'
[0.482s] Level 5:colcon.colcon_core.verb:set package 'py_pubsub' build argument 'cmake_clean_first' from command line to 'False'
[0.482s] Level 5:colcon.colcon_core.verb:set package 'py_pubsub' build argument 'cmake_force_configure' from command line to 'False'
[0.482s] Level 5:colcon.colcon_core.verb:set package 'py_pubsub' build argument 'ament_cmake_args' from command line to 'None'
[0.482s] Level 5:colcon.colcon_core.verb:set package 'py_pubsub' build argument 'catkin_cmake_args' from command line to 'None'
[0.482s] Level 5:colcon.colcon_core.verb:set package 'py_pubsub' build argument 'catkin_skip_building_tests' from command line to 'False'
[0.482s] DEBUG:colcon.colcon_core.verb:Building package 'py_pubsub' with the following arguments: {'ament_cmake_args': None, 'build_base': '/home/njoy/ROS/rover_ws/src/build/py_pubsub', 'catkin_cmake_args': None, 'catkin_skip_building_tests': False, 'cmake_args': None, 'cmake_clean_cache': False, 'cmake_clean_first': False, 'cmake_force_configure': False, 'cmake_target': None, 'cmake_target_skip_unavailable': False, 'install_base': '/home/njoy/ROS/rover_ws/src/install/py_pubsub', 'merge_install': False, 'path': '/home/njoy/ROS/rover_ws/src/py_pubsub', 'symlink_install': True, 'test_result_base': None}
[0.482s] Level 5:colcon.colcon_core.verb:set package 'robot_experiments' build argument 'cmake_args' from command line to 'None'
[0.483s] Level 5:colcon.colcon_core.verb:set package 'robot_experiments' build argument 'cmake_target' from command line to 'None'
[0.483s] Level 5:colcon.colcon_core.verb:set package 'robot_experiments' build argument 'cmake_target_skip_unavailable' from command line to 'False'
[0.483s] Level 5:colcon.colcon_core.verb:set package 'robot_experiments' build argument 'cmake_clean_cache' from command line to 'False'
[0.483s] Level 5:colcon.colcon_core.verb:set package 'robot_experiments' build argument 'cmake_clean_first' from command line to 'False'
[0.483s] Level 5:colcon.colcon_core.verb:set package 'robot_experiments' build argument 'cmake_force_configure' from command line to 'False'
[0.483s] Level 5:colcon.colcon_core.verb:set package 'robot_experiments' build argument 'ament_cmake_args' from command line to 'None'
[0.483s] Level 5:colcon.colcon_core.verb:set package 'robot_experiments' build argument 'catkin_cmake_args' from command line to 'None'
[0.483s] Level 5:colcon.colcon_core.verb:set package 'robot_experiments' build argument 'catkin_skip_building_tests' from command line to 'False'
[0.483s] DEBUG:colcon.colcon_core.verb:Building package 'robot_experiments' with the following arguments: {'ament_cmake_args': None, 'build_base': '/home/njoy/ROS/rover_ws/src/build/robot_experiments', 'catkin_cmake_args': None, 'catkin_skip_building_tests': False, 'cmake_args': None, 'cmake_clean_cache': False, 'cmake_clean_first': False, 'cmake_force_configure': False, 'cmake_target': None, 'cmake_target_skip_unavailable': False, 'install_base': '/home/njoy/ROS/rover_ws/src/install/robot_experiments', 'merge_install': False, 'path': '/home/njoy/ROS/rover_ws/src/robot_experiments', 'symlink_install': True, 'test_result_base': None}
[0.483s] INFO:colcon.colcon_core.executor:Executing jobs using 'parallel' executor
[0.484s] DEBUG:colcon.colcon_parallel_executor.executor.parallel:run_until_complete
[0.485s] INFO:colcon.colcon_ros.task.ament_python.build:Building ROS package in '/home/njoy/ROS/rover_ws/src/py_pubsub' with build type 'ament_python'
[0.485s] Level 1:colcon.colcon_core.shell:create_environment_hook('py_pubsub', 'ament_prefix_path')
[0.497s] INFO:colcon.colcon_core.plugin_system:Skipping extension 'colcon_core.shell.bat': Not used on non-Windows systems
[0.498s] INFO:colcon.colcon_core.shell:Creating environment hook '/home/njoy/ROS/rover_ws/src/install/py_pubsub/share/py_pubsub/hook/ament_prefix_path.ps1'
[0.499s] INFO:colcon.colcon_core.shell:Creating environment descriptor '/home/njoy/ROS/rover_ws/src/install/py_pubsub/share/py_pubsub/hook/ament_prefix_path.dsv'
[0.499s] INFO:colcon.colcon_core.shell:Creating environment hook '/home/njoy/ROS/rover_ws/src/install/py_pubsub/share/py_pubsub/hook/ament_prefix_path.sh'
[0.500s] INFO:colcon.colcon_core.shell:Skip shell extension 'powershell' for command environment: Not usable outside of PowerShell
[0.500s] DEBUG:colcon.colcon_core.shell:Skip shell extension 'dsv' for command environment
[0.510s] INFO:colcon.colcon_ros.task.ament_python.build:Building ROS package in '/home/njoy/ROS/rover_ws/src/robot_experiments' with build type 'ament_python'
[0.510s] Level 1:colcon.colcon_core.shell:create_environment_hook('robot_experiments', 'ament_prefix_path')
[0.511s] INFO:colcon.colcon_core.shell:Creating environment hook '/home/njoy/ROS/rover_ws/src/install/robot_experiments/share/robot_experiments/hook/ament_prefix_path.ps1'
[0.512s] INFO:colcon.colcon_core.shell:Creating environment descriptor '/home/njoy/ROS/rover_ws/src/install/robot_experiments/share/robot_experiments/hook/ament_prefix_path.dsv'
[0.512s] INFO:colcon.colcon_core.shell:Creating environment hook '/home/njoy/ROS/rover_ws/src/install/robot_experiments/share/robot_experiments/hook/ament_prefix_path.sh'
[0.513s] INFO:colcon.colcon_core.shell:Skip shell extension 'powershell' for command environment: Not usable outside of PowerShell
[0.513s] DEBUG:colcon.colcon_core.shell:Skip shell extension 'dsv' for command environment
[0.886s] INFO:colcon.colcon_core.task.python.build:Building Python package in '/home/njoy/ROS/rover_ws/src/py_pubsub'
[0.887s] INFO:colcon.colcon_core.shell:Skip shell extension 'powershell' for command environment: Not usable outside of PowerShell
[0.887s] DEBUG:colcon.colcon_core.shell:Skip shell extension 'dsv' for command environment
[1.255s] INFO:colcon.colcon_core.task.python.build:Building Python package in '/home/njoy/ROS/rover_ws/src/robot_experiments'
[1.255s] INFO:colcon.colcon_core.shell:Skip shell extension 'powershell' for command environment: Not usable outside of PowerShell
[1.255s] DEBUG:colcon.colcon_core.shell:Skip shell extension 'dsv' for command environment
[2.285s] DEBUG:colcon.colcon_core.event_handler.log_command:Invoking command in '/home/njoy/ROS/rover_ws/src/build/py_pubsub': DEBUGINFOD_URLS=ima:enforcing https://debuginfod.fedoraproject.org/ ima:ignore PS1=📦[\u@rover-dev-container \W]$ PYTHONPATH=/home/njoy/ROS/rover_ws/src/build/py_pubsub/prefix_override:/usr/lib/python3/dist-packages/colcon_core/task/python/colcon_distutils_commands:/home/njoy/ROS/rover_ws/src/install/py_pubsub/lib/python3.12/site-packages:${PYTHONPATH} /usr/bin/python3 -W ignore:setup.py install is deprecated -W ignore:easy_install command is deprecated setup.py develop --editable --build-directory /home/njoy/ROS/rover_ws/src/build/py_pubsub/build --no-deps symlink_data
[2.288s] DEBUG:colcon.colcon_core.event_handler.log_command:Invoking command in '/home/njoy/ROS/rover_ws/src/build/robot_experiments': DEBUGINFOD_URLS=ima:enforcing https://debuginfod.fedoraproject.org/ ima:ignore PS1=📦[\u@rover-dev-container \W]$ PYTHONPATH=/home/njoy/ROS/rover_ws/src/build/robot_experiments/prefix_override:/usr/lib/python3/dist-packages/colcon_core/task/python/colcon_distutils_commands:/home/njoy/ROS/rover_ws/src/install/robot_experiments/lib/python3.12/site-packages:${PYTHONPATH} /usr/bin/python3 -W ignore:setup.py install is deprecated -W ignore:easy_install command is deprecated setup.py develop --editable --build-directory /home/njoy/ROS/rover_ws/src/build/robot_experiments/build --no-deps symlink_data
[2.875s] Level 1:colcon.colcon_core.shell:create_environment_hook('py_pubsub', 'pythonpath_develop')
[2.875s] INFO:colcon.colcon_core.shell:Creating environment hook '/home/njoy/ROS/rover_ws/src/build/py_pubsub/share/py_pubsub/hook/pythonpath_develop.ps1'
[2.876s] DEBUG:colcon.colcon_core.event_handler.log_command:Invoked command in '/home/njoy/ROS/rover_ws/src/build/py_pubsub' returned '0': DEBUGINFOD_URLS=ima:enforcing https://debuginfod.fedoraproject.org/ ima:ignore PS1=📦[\u@rover-dev-container \W]$ PYTHONPATH=/home/njoy/ROS/rover_ws/src/build/py_pubsub/prefix_override:/usr/lib/python3/dist-packages/colcon_core/task/python/colcon_distutils_commands:/home/njoy/ROS/rover_ws/src/install/py_pubsub/lib/python3.12/site-packages:${PYTHONPATH} /usr/bin/python3 -W ignore:setup.py install is deprecated -W ignore:easy_install command is deprecated setup.py develop --editable --build-directory /home/njoy/ROS/rover_ws/src/build/py_pubsub/build --no-deps symlink_data
[2.876s] INFO:colcon.colcon_core.shell:Creating environment descriptor '/home/njoy/ROS/rover_ws/src/build/py_pubsub/share/py_pubsub/hook/pythonpath_develop.dsv'
[2.876s] INFO:colcon.colcon_core.shell:Creating environment hook '/home/njoy/ROS/rover_ws/src/build/py_pubsub/share/py_pubsub/hook/pythonpath_develop.sh'
[2.879s] Level 1:colcon.colcon_core.environment:checking '/home/njoy/ROS/rover_ws/src/install/py_pubsub' for CMake module files
[2.879s] Level 1:colcon.colcon_core.environment:checking '/home/njoy/ROS/rover_ws/src/install/py_pubsub' for CMake config files
[2.880s] Level 1:colcon.colcon_core.environment:checking '/home/njoy/ROS/rover_ws/src/install/py_pubsub/lib'
[2.880s] Level 1:colcon.colcon_core.environment:checking '/home/njoy/ROS/rover_ws/src/install/py_pubsub/bin'
[2.880s] Level 1:colcon.colcon_core.environment:checking '/home/njoy/ROS/rover_ws/src/install/py_pubsub/lib/pkgconfig/py_pubsub.pc'
[2.880s] Level 1:colcon.colcon_core.environment:checking '/home/njoy/ROS/rover_ws/src/install/py_pubsub/lib/python3.12/site-packages'
[2.880s] Level 1:colcon.colcon_core.shell:create_environment_hook('py_pubsub', 'pythonpath')
[2.880s] INFO:colcon.colcon_core.shell:Creating environment hook '/home/njoy/ROS/rover_ws/src/install/py_pubsub/share/py_pubsub/hook/pythonpath.ps1'
[2.881s] INFO:colcon.colcon_core.shell:Creating environment descriptor '/home/njoy/ROS/rover_ws/src/install/py_pubsub/share/py_pubsub/hook/pythonpath.dsv'
[2.881s] INFO:colcon.colcon_core.shell:Creating environment hook '/home/njoy/ROS/rover_ws/src/install/py_pubsub/share/py_pubsub/hook/pythonpath.sh'
[2.881s] Level 1:colcon.colcon_core.environment:checking '/home/njoy/ROS/rover_ws/src/install/py_pubsub/bin'
[2.881s] Level 1:colcon.colcon_core.environment:create_environment_scripts_only(py_pubsub)
[2.881s] INFO:colcon.colcon_core.shell:Creating package script '/home/njoy/ROS/rover_ws/src/install/py_pubsub/share/py_pubsub/package.ps1'
[2.882s] INFO:colcon.colcon_core.shell:Creating package descriptor '/home/njoy/ROS/rover_ws/src/install/py_pubsub/share/py_pubsub/package.dsv'
[2.882s] INFO:colcon.colcon_core.shell:Creating package script '/home/njoy/ROS/rover_ws/src/install/py_pubsub/share/py_pubsub/package.sh'
[2.883s] INFO:colcon.colcon_core.shell:Creating package script '/home/njoy/ROS/rover_ws/src/install/py_pubsub/share/py_pubsub/package.bash'
[2.883s] INFO:colcon.colcon_core.shell:Creating package script '/home/njoy/ROS/rover_ws/src/install/py_pubsub/share/py_pubsub/package.zsh'
[2.884s] Level 1:colcon.colcon_core.environment:create_file_with_runtime_dependencies(/home/njoy/ROS/rover_ws/src/install/py_pubsub/share/colcon-core/packages/py_pubsub)
[2.885s] Level 1:colcon.colcon_core.shell:create_environment_hook('robot_experiments', 'pythonpath_develop')
[2.885s] INFO:colcon.colcon_core.shell:Creating environment hook '/home/njoy/ROS/rover_ws/src/build/robot_experiments/share/robot_experiments/hook/pythonpath_develop.ps1'
[2.886s] DEBUG:colcon.colcon_core.event_handler.log_command:Invoked command in '/home/njoy/ROS/rover_ws/src/build/robot_experiments' returned '0': DEBUGINFOD_URLS=ima:enforcing https://debuginfod.fedoraproject.org/ ima:ignore PS1=📦[\u@rover-dev-container \W]$ PYTHONPATH=/home/njoy/ROS/rover_ws/src/build/robot_experiments/prefix_override:/usr/lib/python3/dist-packages/colcon_core/task/python/colcon_distutils_commands:/home/njoy/ROS/rover_ws/src/install/robot_experiments/lib/python3.12/site-packages:${PYTHONPATH} /usr/bin/python3 -W ignore:setup.py install is deprecated -W ignore:easy_install command is deprecated setup.py develop --editable --build-directory /home/njoy/ROS/rover_ws/src/build/robot_experiments/build --no-deps symlink_data
[2.886s] INFO:colcon.colcon_core.shell:Creating environment descriptor '/home/njoy/ROS/rover_ws/src/build/robot_experiments/share/robot_experiments/hook/pythonpath_develop.dsv'
[2.886s] INFO:colcon.colcon_core.shell:Creating environment hook '/home/njoy/ROS/rover_ws/src/build/robot_experiments/share/robot_experiments/hook/pythonpath_develop.sh'
[2.887s] Level 1:colcon.colcon_core.environment:checking '/home/njoy/ROS/rover_ws/src/install/robot_experiments' for CMake module files
[2.887s] Level 1:colcon.colcon_core.environment:checking '/home/njoy/ROS/rover_ws/src/install/robot_experiments' for CMake config files
[2.887s] Level 1:colcon.colcon_core.environment:checking '/home/njoy/ROS/rover_ws/src/install/robot_experiments/lib'
[2.887s] Level 1:colcon.colcon_core.environment:checking '/home/njoy/ROS/rover_ws/src/install/robot_experiments/bin'
[2.887s] Level 1:colcon.colcon_core.environment:checking '/home/njoy/ROS/rover_ws/src/install/robot_experiments/lib/pkgconfig/robot_experiments.pc'
[2.888s] Level 1:colcon.colcon_core.environment:checking '/home/njoy/ROS/rover_ws/src/install/robot_experiments/lib/python3.12/site-packages'
[2.888s] Level 1:colcon.colcon_core.shell:create_environment_hook('robot_experiments', 'pythonpath')
[2.888s] INFO:colcon.colcon_core.shell:Creating environment hook '/home/njoy/ROS/rover_ws/src/install/robot_experiments/share/robot_experiments/hook/pythonpath.ps1'
[2.888s] INFO:colcon.colcon_core.shell:Creating environment descriptor '/home/njoy/ROS/rover_ws/src/install/robot_experiments/share/robot_experiments/hook/pythonpath.dsv'
[2.888s] INFO:colcon.colcon_core.shell:Creating environment hook '/home/njoy/ROS/rover_ws/src/install/robot_experiments/share/robot_experiments/hook/pythonpath.sh'
[2.889s] Level 1:colcon.colcon_core.environment:checking '/home/njoy/ROS/rover_ws/src/install/robot_experiments/bin'
[2.889s] Level 1:colcon.colcon_core.environment:create_environment_scripts_only(robot_experiments)
[2.889s] INFO:colcon.colcon_core.shell:Creating package script '/home/njoy/ROS/rover_ws/src/install/robot_experiments/share/robot_experiments/package.ps1'
[2.889s] INFO:colcon.colcon_core.shell:Creating package descriptor '/home/njoy/ROS/rover_ws/src/install/robot_experiments/share/robot_experiments/package.dsv'
[2.890s] INFO:colcon.colcon_core.shell:Creating package script '/home/njoy/ROS/rover_ws/src/install/robot_experiments/share/robot_experiments/package.sh'
[2.890s] INFO:colcon.colcon_core.shell:Creating package script '/home/njoy/ROS/rover_ws/src/install/robot_experiments/share/robot_experiments/package.bash'
[2.890s] INFO:colcon.colcon_core.shell:Creating package script '/home/njoy/ROS/rover_ws/src/install/robot_experiments/share/robot_experiments/package.zsh'
[2.891s] Level 1:colcon.colcon_core.environment:create_file_with_runtime_dependencies(/home/njoy/ROS/rover_ws/src/install/robot_experiments/share/colcon-core/packages/robot_experiments)
[2.891s] DEBUG:colcon.colcon_parallel_executor.executor.parallel:closing loop
[2.892s] DEBUG:colcon.colcon_parallel_executor.executor.parallel:loop closed
[2.892s] DEBUG:colcon.colcon_parallel_executor.executor.parallel:run_until_complete finished with '0'
[2.892s] DEBUG:colcon.colcon_core.event_reactor:joining thread
[2.897s] INFO:colcon.colcon_core.plugin_system:Skipping extension 'colcon_notification.desktop_notification.notify_send': Could not find 'notify-send'
[2.897s] INFO:colcon.colcon_core.plugin_system:Skipping extension 'colcon_notification.desktop_notification.terminal_notifier': Not used on non-Darwin systems
[2.897s] INFO:colcon.colcon_core.plugin_system:Skipping extension 'colcon_notification.desktop_notification.win32': Not used on non-Windows systems
[2.897s] INFO:colcon.colcon_notification.desktop_notification:Sending desktop notification using 'notify2'
[2.914s] DEBUG:colcon.colcon_core.event_reactor:joined thread
[2.915s] INFO:colcon.colcon_core.shell:Creating prefix script '/home/njoy/ROS/rover_ws/src/install/local_setup.ps1'
[2.916s] INFO:colcon.colcon_core.shell:Creating prefix util module '/home/njoy/ROS/rover_ws/src/install/_local_setup_util_ps1.py'
[2.917s] INFO:colcon.colcon_core.shell:Creating prefix chain script '/home/njoy/ROS/rover_ws/src/install/setup.ps1'
[2.918s] INFO:colcon.colcon_core.shell:Creating prefix script '/home/njoy/ROS/rover_ws/src/install/local_setup.sh'
[2.919s] INFO:colcon.colcon_core.shell:Creating prefix util module '/home/njoy/ROS/rover_ws/src/install/_local_setup_util_sh.py'
[2.919s] INFO:colcon.colcon_core.shell:Creating prefix chain script '/home/njoy/ROS/rover_ws/src/install/setup.sh'
[2.921s] INFO:colcon.colcon_core.shell:Creating prefix script '/home/njoy/ROS/rover_ws/src/install/local_setup.bash'
[2.922s] INFO:colcon.colcon_core.shell:Creating prefix chain script '/home/njoy/ROS/rover_ws/src/install/setup.bash'
[2.923s] INFO:colcon.colcon_core.shell:Creating prefix script '/home/njoy/ROS/rover_ws/src/install/local_setup.zsh'
[2.924s] INFO:colcon.colcon_core.shell:Creating prefix chain script '/home/njoy/ROS/rover_ws/src/install/setup.zsh'
