[0.743s] Invoking command in '/home/njoy/ROS/rover_ws/src/rover_experiments': DEBUGINFOD_URLS=ima:enforcing https://debuginfod.fedoraproject.org/ ima:ignore PS1=📦[\u@rover-dev-container \W]$ PYTHONPATH=/home/njoy/ROS/rover_ws/build/rover_experiments/prefix_override:/usr/lib/python3/dist-packages/colcon_core/task/python/colcon_distutils_commands:/home/njoy/ROS/rover_ws/install/rover_experiments/lib/python3.12/site-packages:${PYTHONPATH} /usr/bin/python3 -W ignore:setup.py install is deprecated -W ignore:easy_install command is deprecated setup.py egg_info --egg-base ../../build/rover_experiments build --build-base /home/njoy/ROS/rover_ws/build/rover_experiments/build install --record /home/njoy/ROS/rover_ws/build/rover_experiments/install.log --single-version-externally-managed install_data
[0.965s] running egg_info
[0.981s] writing ../../build/rover_experiments/rover_experiments.egg-info/PKG-INFO
[0.981s] writing dependency_links to ../../build/rover_experiments/rover_experiments.egg-info/dependency_links.txt
[0.981s] writing entry points to ../../build/rover_experiments/rover_experiments.egg-info/entry_points.txt
[0.981s] writing requirements to ../../build/rover_experiments/rover_experiments.egg-info/requires.txt
[0.981s] writing top-level names to ../../build/rover_experiments/rover_experiments.egg-info/top_level.txt
[1.013s] reading manifest file '../../build/rover_experiments/rover_experiments.egg-info/SOURCES.txt'
[1.014s] adding license file 'LICENSE'
[1.014s] writing manifest file '../../build/rover_experiments/rover_experiments.egg-info/SOURCES.txt'
[1.014s] running build
[1.014s] running build_py
[1.014s] running install
[1.020s] running install_lib
[1.037s] running install_data
[1.037s] running install_egg_info
[1.054s] removing '/home/njoy/ROS/rover_ws/install/rover_experiments/lib/python3.12/site-packages/rover_experiments-0.0.0-py3.12.egg-info' (and everything under it)
[1.055s] Copying ../../build/rover_experiments/rover_experiments.egg-info to /home/njoy/ROS/rover_ws/install/rover_experiments/lib/python3.12/site-packages/rover_experiments-0.0.0-py3.12.egg-info
[1.056s] running install_scripts
[1.179s] Installing detector script to /home/njoy/ROS/rover_ws/install/rover_experiments/lib/rover_experiments
[1.179s] Installing odometry script to /home/njoy/ROS/rover_ws/install/rover_experiments/lib/rover_experiments
[1.179s] writing list of installed files to '/home/njoy/ROS/rover_ws/build/rover_experiments/install.log'
[1.202s] Invoked command in '/home/njoy/ROS/rover_ws/src/rover_experiments' returned '0': DEBUGINFOD_URLS=ima:enforcing https://debuginfod.fedoraproject.org/ ima:ignore PS1=📦[\u@rover-dev-container \W]$ PYTHONPATH=/home/njoy/ROS/rover_ws/build/rover_experiments/prefix_override:/usr/lib/python3/dist-packages/colcon_core/task/python/colcon_distutils_commands:/home/njoy/ROS/rover_ws/install/rover_experiments/lib/python3.12/site-packages:${PYTHONPATH} /usr/bin/python3 -W ignore:setup.py install is deprecated -W ignore:easy_install command is deprecated setup.py egg_info --egg-base ../../build/rover_experiments build --build-base /home/njoy/ROS/rover_ws/build/rover_experiments/build install --record /home/njoy/ROS/rover_ws/build/rover_experiments/install.log --single-version-externally-managed install_data
