[1.526s] Invoking command in '/home/njoy/ROS/rover_ws/src/robot_experiments': DEBUGINFOD_URLS=ima:enforcing https://debuginfod.fedoraproject.org/ ima:ignore PS1=📦[\u@rover-dev-container \W]$ PYTHONPATH=/home/njoy/ROS/rover_ws/build/robot_experiments/prefix_override:/usr/lib/python3/dist-packages/colcon_core/task/python/colcon_distutils_commands:/home/njoy/ROS/rover_ws/install/robot_experiments/lib/python3.12/site-packages:${PYTHONPATH} /usr/bin/python3 -W ignore:setup.py install is deprecated -W ignore:easy_install command is deprecated setup.py egg_info --egg-base ../../build/robot_experiments build --build-base /home/njoy/ROS/rover_ws/build/robot_experiments/build install --record /home/njoy/ROS/rover_ws/build/robot_experiments/install.log --single-version-externally-managed install_data
[1.991s] running egg_info
[2.009s] writing ../../build/robot_experiments/robot_experiments.egg-info/PKG-INFO
[2.009s] writing dependency_links to ../../build/robot_experiments/robot_experiments.egg-info/dependency_links.txt
[2.010s] writing entry points to ../../build/robot_experiments/robot_experiments.egg-info/entry_points.txt
[2.010s] writing requirements to ../../build/robot_experiments/robot_experiments.egg-info/requires.txt
[2.010s] writing top-level names to ../../build/robot_experiments/robot_experiments.egg-info/top_level.txt
[2.043s] reading manifest file '../../build/robot_experiments/robot_experiments.egg-info/SOURCES.txt'
[2.043s] adding license file 'LICENSE'
[2.044s] writing manifest file '../../build/robot_experiments/robot_experiments.egg-info/SOURCES.txt'
[2.044s] running build
[2.044s] running build_py
[2.044s] copying robot_experiments/odom_drive.py -> /home/njoy/ROS/rover_ws/build/robot_experiments/build/lib/robot_experiments
[2.044s] copying robot_experiments/geometry.py -> /home/njoy/ROS/rover_ws/build/robot_experiments/build/lib/robot_experiments
[2.044s] copying robot_experiments/waypoint_nav.py -> /home/njoy/ROS/rover_ws/build/robot_experiments/build/lib/robot_experiments
[2.044s] running install
[2.049s] running install_lib
[2.065s] creating /home/njoy/ROS/rover_ws/install/robot_experiments/lib/python3.12/site-packages/robot_experiments
[2.066s] copying /home/njoy/ROS/rover_ws/build/robot_experiments/build/lib/robot_experiments/__init__.py -> /home/njoy/ROS/rover_ws/install/robot_experiments/lib/python3.12/site-packages/robot_experiments
[2.066s] copying /home/njoy/ROS/rover_ws/build/robot_experiments/build/lib/robot_experiments/scan_monitor.py -> /home/njoy/ROS/rover_ws/install/robot_experiments/lib/python3.12/site-packages/robot_experiments
[2.066s] copying /home/njoy/ROS/rover_ws/build/robot_experiments/build/lib/robot_experiments/odom_drive.py -> /home/njoy/ROS/rover_ws/install/robot_experiments/lib/python3.12/site-packages/robot_experiments
[2.066s] copying /home/njoy/ROS/rover_ws/build/robot_experiments/build/lib/robot_experiments/geometry.py -> /home/njoy/ROS/rover_ws/install/robot_experiments/lib/python3.12/site-packages/robot_experiments
[2.067s] copying /home/njoy/ROS/rover_ws/build/robot_experiments/build/lib/robot_experiments/waypoint_nav.py -> /home/njoy/ROS/rover_ws/install/robot_experiments/lib/python3.12/site-packages/robot_experiments
[2.067s] byte-compiling /home/njoy/ROS/rover_ws/install/robot_experiments/lib/python3.12/site-packages/robot_experiments/__init__.py to __init__.cpython-312.pyc
[2.068s] byte-compiling /home/njoy/ROS/rover_ws/install/robot_experiments/lib/python3.12/site-packages/robot_experiments/scan_monitor.py to scan_monitor.cpython-312.pyc
[2.068s] byte-compiling /home/njoy/ROS/rover_ws/install/robot_experiments/lib/python3.12/site-packages/robot_experiments/odom_drive.py to odom_drive.cpython-312.pyc
[2.069s] byte-compiling /home/njoy/ROS/rover_ws/install/robot_experiments/lib/python3.12/site-packages/robot_experiments/geometry.py to geometry.cpython-312.pyc
[2.069s] byte-compiling /home/njoy/ROS/rover_ws/install/robot_experiments/lib/python3.12/site-packages/robot_experiments/waypoint_nav.py to waypoint_nav.cpython-312.pyc
[2.070s] running install_data
[2.070s] running install_egg_info
[2.087s] Copying ../../build/robot_experiments/robot_experiments.egg-info to /home/njoy/ROS/rover_ws/install/robot_experiments/lib/python3.12/site-packages/robot_experiments-0.0.0-py3.12.egg-info
[2.088s] running install_scripts
[2.211s] Installing detector script to /home/njoy/ROS/rover_ws/install/robot_experiments/lib/rover_experiments
[2.211s] Installing navigation script to /home/njoy/ROS/rover_ws/install/robot_experiments/lib/rover_experiments
[2.211s] Installing odometry script to /home/njoy/ROS/rover_ws/install/robot_experiments/lib/rover_experiments
[2.211s] writing list of installed files to '/home/njoy/ROS/rover_ws/build/robot_experiments/install.log'
[2.236s] Invoked command in '/home/njoy/ROS/rover_ws/src/robot_experiments' returned '0': DEBUGINFOD_URLS=ima:enforcing https://debuginfod.fedoraproject.org/ ima:ignore PS1=📦[\u@rover-dev-container \W]$ PYTHONPATH=/home/njoy/ROS/rover_ws/build/robot_experiments/prefix_override:/usr/lib/python3/dist-packages/colcon_core/task/python/colcon_distutils_commands:/home/njoy/ROS/rover_ws/install/robot_experiments/lib/python3.12/site-packages:${PYTHONPATH} /usr/bin/python3 -W ignore:setup.py install is deprecated -W ignore:easy_install command is deprecated setup.py egg_info --egg-base ../../build/robot_experiments build --build-base /home/njoy/ROS/rover_ws/build/robot_experiments/build install --record /home/njoy/ROS/rover_ws/build/robot_experiments/install.log --single-version-externally-managed install_data
