[2.068s] Invoking command in '/home/njoy/ROS/rover_ws/src/build/py_pubsub': DEBUGINFOD_URLS=ima:enforcing https://debuginfod.fedoraproject.org/ ima:ignore PS1=📦[\u@rover-dev-container \W]$ PYTHONPATH=/home/njoy/ROS/rover_ws/src/build/py_pubsub/prefix_override:/usr/lib/python3/dist-packages/colcon_core/task/python/colcon_distutils_commands:/home/njoy/ROS/rover_ws/src/install/py_pubsub/lib/python3.12/site-packages:${PYTHONPATH} /usr/bin/python3 -W ignore:setup.py install is deprecated -W ignore:easy_install command is deprecated setup.py develop --editable --build-directory /home/njoy/ROS/rover_ws/src/build/py_pubsub/build --no-deps symlink_data
[2.621s] running develop
[2.950s] running egg_info
[2.950s] creating py_pubsub.egg-info
[2.985s] writing py_pubsub.egg-info/PKG-INFO
[2.985s] writing dependency_links to py_pubsub.egg-info/dependency_links.txt
[2.987s] writing entry points to py_pubsub.egg-info/entry_points.txt
[2.987s] writing requirements to py_pubsub.egg-info/requires.txt
[2.987s] writing top-level names to py_pubsub.egg-info/top_level.txt
[2.988s] writing manifest file 'py_pubsub.egg-info/SOURCES.txt'
[3.045s] reading manifest file 'py_pubsub.egg-info/SOURCES.txt'
[3.046s] writing manifest file 'py_pubsub.egg-info/SOURCES.txt'
[3.076s] running build_ext
[3.076s] Creating /home/njoy/ROS/rover_ws/src/install/py_pubsub/lib/python3.12/site-packages/py-pubsub.egg-link (link to .)
[3.077s] Installing listener script to /home/njoy/ROS/rover_ws/src/install/py_pubsub/lib/py_pubsub
[3.077s] Installing talker script to /home/njoy/ROS/rover_ws/src/install/py_pubsub/lib/py_pubsub
[3.077s] 
[3.077s] Installed /home/njoy/ROS/rover_ws/src/build/py_pubsub
[3.078s] running symlink_data
[3.078s] creating /home/njoy/ROS/rover_ws/src/install/py_pubsub/share/ament_index
[3.078s] creating /home/njoy/ROS/rover_ws/src/install/py_pubsub/share/ament_index/resource_index
[3.078s] creating /home/njoy/ROS/rover_ws/src/install/py_pubsub/share/ament_index/resource_index/packages
[3.078s] symbolically linking /home/njoy/ROS/rover_ws/src/build/py_pubsub/resource/py_pubsub -> /home/njoy/ROS/rover_ws/src/install/py_pubsub/share/ament_index/resource_index/packages
[3.078s] symbolically linking /home/njoy/ROS/rover_ws/src/build/py_pubsub/package.xml -> /home/njoy/ROS/rover_ws/src/install/py_pubsub/share/py_pubsub
[3.267s] Invoked command in '/home/njoy/ROS/rover_ws/src/build/py_pubsub' returned '0': DEBUGINFOD_URLS=ima:enforcing https://debuginfod.fedoraproject.org/ ima:ignore PS1=📦[\u@rover-dev-container \W]$ PYTHONPATH=/home/njoy/ROS/rover_ws/src/build/py_pubsub/prefix_override:/usr/lib/python3/dist-packages/colcon_core/task/python/colcon_distutils_commands:/home/njoy/ROS/rover_ws/src/install/py_pubsub/lib/python3.12/site-packages:${PYTHONPATH} /usr/bin/python3 -W ignore:setup.py install is deprecated -W ignore:easy_install command is deprecated setup.py develop --editable --build-directory /home/njoy/ROS/rover_ws/src/build/py_pubsub/build --no-deps symlink_data
