[1.286s] Invoking command in '/home/njoy/ROS/rover_ws/build/robot_experiments': DEBUGINFOD_URLS=ima:enforcing https://debuginfod.fedoraproject.org/ ima:ignore PS1=📦[\u@rover-dev-container \W]$ PYTHONPATH=/home/njoy/ROS/rover_ws/build/robot_experiments/prefix_override:/usr/lib/python3/dist-packages/colcon_core/task/python/colcon_distutils_commands:/home/njoy/ROS/rover_ws/install/robot_experiments/lib/python3.12/site-packages:${PYTHONPATH} /usr/bin/python3 -W ignore:setup.py install is deprecated -W ignore:easy_install command is deprecated setup.py develop --editable --build-directory /home/njoy/ROS/rover_ws/build/robot_experiments/build --no-deps symlink_data --force
[1.668s] running develop
[1.900s] running egg_info
[1.922s] writing robot_experiments.egg-info/PKG-INFO
[1.922s] writing dependency_links to robot_experiments.egg-info/dependency_links.txt
[1.922s] writing entry points to robot_experiments.egg-info/entry_points.txt
[1.922s] writing requirements to robot_experiments.egg-info/requires.txt
[1.922s] writing top-level names to robot_experiments.egg-info/top_level.txt
[1.965s] reading manifest file 'robot_experiments.egg-info/SOURCES.txt'
[1.966s] writing manifest file 'robot_experiments.egg-info/SOURCES.txt'
[1.987s] running build_ext
[1.987s] Creating /home/njoy/ROS/rover_ws/install/robot_experiments/lib/python3.12/site-packages/robot-experiments.egg-link (link to .)
[1.988s] Installing detector script to /home/njoy/ROS/rover_ws/install/robot_experiments/lib/rover_experiments
[1.988s] Installing navigation script to /home/njoy/ROS/rover_ws/install/robot_experiments/lib/rover_experiments
[1.989s] Installing odometry script to /home/njoy/ROS/rover_ws/install/robot_experiments/lib/rover_experiments
[1.989s] 
[1.989s] Installed /home/njoy/ROS/rover_ws/build/robot_experiments
[1.989s] running symlink_data
[1.989s] symbolically linking /home/njoy/ROS/rover_ws/build/robot_experiments/resource/robot_experiments -> /home/njoy/ROS/rover_ws/install/robot_experiments/share/ament_index/resource_index/packages
[1.989s] symbolically linking /home/njoy/ROS/rover_ws/build/robot_experiments/package.xml -> /home/njoy/ROS/rover_ws/install/robot_experiments/share/robot_experiments
[2.090s] Invoked command in '/home/njoy/ROS/rover_ws/build/robot_experiments' returned '0': DEBUGINFOD_URLS=ima:enforcing https://debuginfod.fedoraproject.org/ ima:ignore PS1=📦[\u@rover-dev-container \W]$ PYTHONPATH=/home/njoy/ROS/rover_ws/build/robot_experiments/prefix_override:/usr/lib/python3/dist-packages/colcon_core/task/python/colcon_distutils_commands:/home/njoy/ROS/rover_ws/install/robot_experiments/lib/python3.12/site-packages:${PYTHONPATH} /usr/bin/python3 -W ignore:setup.py install is deprecated -W ignore:easy_install command is deprecated setup.py develop --editable --build-directory /home/njoy/ROS/rover_ws/build/robot_experiments/build --no-deps symlink_data --force
