[0.055s] Invoking command in '/home/njoy/ROS/turtlebot3_ws/build/turtlebot3_gazebo': CMAKE_PREFIX_PATH=${CMAKE_PREFIX_PATH}:/home/njoy/ROS/turtlebot3_ws/install/turtlebot3_teleop:/home/njoy/ROS/turtlebot3_ws/install/turtlebot3_example:/opt/ros/jazzy:/home/njoy/ROS/ros_ws/turtlebot3_ws/install/turtlebot3_teleop:/home/njoy/ROS/ros_ws/turtlebot3_ws/install/turtlebot3_example DEBUGINFOD_URLS=ima:enforcing https://debuginfod.fedoraproject.org/ ima:ignore PS1=📦[\u@rover-dev-container \W]$ /usr/bin/cmake /home/njoy/ROS/turtlebot3_ws/src/turtlebot3_simulations/turtlebot3_gazebo -DAMENT_CMAKE_SYMLINK_INSTALL=1 -DCMAKE_INSTALL_PREFIX=/home/njoy/ROS/turtlebot3_ws/install/turtlebot3_gazebo
[0.282s] -- The C compiler identification is GNU 13.3.0
[0.427s] -- The CXX compiler identification is GNU 13.3.0
[0.467s] -- Detecting C compiler ABI info
[0.674s] -- Detecting C compiler ABI info - done
[0.691s] -- Check for working C compiler: /usr/bin/cc - skipped
[0.692s] -- Detecting C compile features
[0.693s] -- Detecting C compile features - done
[0.714s] -- Detecting CXX compiler ABI info
[0.930s] -- Detecting CXX compiler ABI info - done
[0.947s] -- Check for working CXX compiler: /usr/bin/c++ - skipped
[0.947s] -- Detecting CXX compile features
[0.948s] -- Detecting CXX compile features - done
[0.989s] -- Found ament_cmake: 2.5.6 (/opt/ros/jazzy/share/ament_cmake/cmake)
[1.367s] -- Found Python3: /usr/bin/python3 (found version "3.12.3") found components: Interpreter 
[1.460s] -- Override CMake install command with custom implementation using symlinks instead of copying resources
[1.590s] -- Found ros_gz_sim: 1.0.22 (/opt/ros/jazzy/share/ros_gz_sim/cmake)
[1.704s] -- Found rosidl_generator_c: 4.6.7 (/opt/ros/jazzy/share/rosidl_generator_c/cmake)
[1.733s] -- Found rosidl_generator_cpp: 4.6.7 (/opt/ros/jazzy/share/rosidl_generator_cpp/cmake)
[1.767s] -- Using all available rosidl_typesupport_c: rosidl_typesupport_fastrtps_c;rosidl_typesupport_introspection_c
[1.802s] -- Using all available rosidl_typesupport_cpp: rosidl_typesupport_fastrtps_cpp;rosidl_typesupport_introspection_cpp
[1.966s] -- Found rmw_implementation_cmake: 7.3.3 (/opt/ros/jazzy/share/rmw_implementation_cmake/cmake)
[1.978s] -- Found rmw_fastrtps_cpp: 8.4.3 (/opt/ros/jazzy/share/rmw_fastrtps_cpp/cmake)
[2.465s] -- Found OpenSSL: /usr/lib/x86_64-linux-gnu/libcrypto.so (found version "3.0.13")  
[2.509s] -- Found FastRTPS: /opt/ros/jazzy/include (Required is at least version "2.13") 
[2.572s] -- Using RMW implementation 'rmw_fastrtps_cpp' as default
[3.078s] -- Found nav_msgs: 5.3.7 (/opt/ros/jazzy/share/nav_msgs/cmake)
[3.116s] -- Found sensor_msgs: 5.3.7 (/opt/ros/jazzy/share/sensor_msgs/cmake)
[3.151s] -- Found gz_math_vendor: 0.0.8 (/opt/ros/jazzy/share/gz_math_vendor/cmake)
[3.174s] -- Looking for gz-math7 -- found version 7.5.2
[3.190s] -- Searching for dependencies of gz-math7
[3.195s] -- Looking for gz-utils2 -- found version 2.2.1
[3.195s] -- Searching for dependencies of gz-utils2
[3.206s] -- Found gz_sim_vendor: 0.0.10 (/opt/ros/jazzy/share/gz_sim_vendor/cmake)
[3.339s] -- Looking for gz-sim8 -- found version 8.11.0
[3.339s] -- Searching for dependencies of gz-sim8
[3.344s] -- Looking for sdformat14 -- found version 14.9.0
[3.344s] -- Searching for dependencies of sdformat14
[3.352s] -- Checking for module 'tinyxml2'
[3.382s] --   Found tinyxml2, version 10.0.0
[3.434s] -- Looking for gz-math7 -- found version 7.5.2
[3.434s] -- Looking for gz-utils2 -- found version 2.2.1
[3.435s] -- Searching for dependencies of gz-utils2
[3.435s] -- Searching for <gz-utils2> component [cli]
[3.441s] -- Looking for gz-utils2-cli -- found version 2.2.1
[3.441s] -- Searching for dependencies of gz-utils2-cli
[3.448s] -- Looking for gz-plugin2 -- found version 2.0.4
[3.448s] -- Searching for dependencies of gz-plugin2
[3.448s] -- Looking for gz-utils2 -- found version 2.2.1
[3.450s] -- Searching for <gz-plugin2> component [loader]
[3.455s] -- Looking for gz-plugin2-loader -- found version 2.0.4
[3.455s] -- Searching for dependencies of gz-plugin2-loader
[3.456s] -- Searching for <gz-plugin2> component [register]
[3.461s] -- Looking for gz-plugin2-register -- found version 2.0.4
[3.461s] -- Searching for dependencies of gz-plugin2-register
[3.468s] -- Looking for gz-transport13 -- found version 13.5.0
[3.468s] -- Searching for dependencies of gz-transport13
[3.655s] -- Found Protobuf: /usr/lib/x86_64-linux-gnu/libprotobuf.so (found version "3.21.12") 
[3.686s] -- Config-file not installed for ZeroMQ -- checking for pkg-config
[3.692s] -- Checking for module 'libzmq >= 4'
[3.717s] --   Found libzmq, version 4.3.5
[3.787s] -- Found ZeroMQ: TRUE (Required is at least version "4") 
[3.796s] -- Checking for module 'uuid'
[3.822s] --   Found uuid, version 2.39.3
[3.875s] -- Found UUID: TRUE  
[3.876s] -- Looking for gz-utils2 -- found version 2.2.1
[3.882s] -- Looking for gz-msgs10 -- found version 10.3.2
[3.882s] -- Searching for dependencies of gz-msgs10
[3.921s] -- Looking for gz-utils2 -- found version 2.2.1
[3.921s] -- Looking for gz-math7 -- found version 7.5.2
[3.934s] -- Searching for <gz-transport13> component [log]
[3.940s] -- Looking for gz-transport13-log -- found version 13.5.0
[3.940s] -- Searching for dependencies of gz-transport13-log
[3.940s] -- Searching for <gz-transport13> component [parameters]
[3.945s] -- Looking for gz-transport13-parameters -- found version 13.5.0
[3.946s] -- Searching for dependencies of gz-transport13-parameters
[3.947s] -- Looking for gz-msgs10 -- found version 10.3.2
[3.954s] -- Looking for gz-common5 -- found version 5.8.0
[3.954s] -- Searching for dependencies of gz-common5
[3.954s] -- Looking for gz-utils2 -- found version 2.2.1
[3.956s] -- Looking for dlfcn.h - found
[3.958s] -- Looking for libdl - found
[3.959s] -- Found DL: TRUE  
[3.968s] -- Searching for <gz-common5> component [av]
[3.974s] -- Looking for gz-common5-av -- found version 5.8.0
[3.974s] -- Searching for dependencies of gz-common5-av
[3.981s] -- Checking for module 'libswscale'
[4.008s] --   Found libswscale, version 7.5.100
[4.064s] -- Found SWSCALE: TRUE  
[4.072s] -- Checking for module 'libavdevice >= 56.4.100'
[4.098s] --   Found libavdevice, version 60.3.100
[4.172s] -- Found AVDEVICE: TRUE (Required is at least version "56.4.100") 
[4.179s] -- Checking for module 'libavformat'
[4.206s] --   Found libavformat, version 60.16.100
[4.273s] -- Found AVFORMAT: TRUE  
[4.280s] -- Checking for module 'libavcodec'
[4.306s] --   Found libavcodec, version 60.31.102
[4.367s] -- Found AVCODEC: TRUE  
[4.375s] -- Checking for module 'libavutil'
[4.400s] --   Found libavutil, version 58.29.100
[4.454s] -- Found AVUTIL: TRUE  
[4.463s] -- Searching for <gz-common5> component [events]
[4.469s] -- Looking for gz-common5-events -- found version 5.8.0
[4.469s] -- Searching for dependencies of gz-common5-events
[4.469s] -- Looking for gz-math7 -- found version 7.5.2
[4.470s] -- Searching for <gz-common5> component [graphics]
[4.476s] -- Looking for gz-common5-graphics -- found version 5.8.0
[4.476s] -- Searching for dependencies of gz-common5-graphics
[4.477s] -- Looking for gz-math7 -- found version 7.5.2
[4.490s] -- Found GzAssimp: TRUE (found version "5.3.0") 
[4.491s] -- Searching for <gz-common5> component [io]
[4.498s] -- Looking for gz-common5-io -- found version 5.8.0
[4.498s] -- Searching for dependencies of gz-common5-io
[4.498s] -- Searching for <gz-common5> component [profiler]
[4.504s] -- Looking for gz-common5-profiler -- found version 5.8.0
[4.505s] -- Searching for dependencies of gz-common5-profiler
[4.511s] -- Looking for gz-fuel_tools9 -- found version 9.1.1
[4.512s] -- Searching for dependencies of gz-fuel_tools9
[4.663s] -- Found CURL: /usr/lib/x86_64-linux-gnu/libcurl.so (found version "8.5.0")  
[4.684s] -- Checking for module 'jsoncpp'
[4.713s] --   Found jsoncpp, version 1.9.5
[4.767s] -- Found JSONCPP: TRUE  
[4.806s] -- Checking for module 'yaml-0.1'
[4.833s] --   Found yaml-0.1, version 0.2.5
[4.886s] -- Found YAML: TRUE  
[4.894s] -- Checking for module 'libzip'
[4.922s] --   Found libzip, version 1.7.3
[4.986s] -- Found ZIP: TRUE  
[4.986s] -- Looking for gz-utils2 -- found version 2.2.1
[4.987s] -- Looking for gz-common5 -- found version 5.8.0
[4.987s] -- Searching for dependencies of gz-common5
[4.987s] -- Looking for gz-utils2 -- found version 2.2.1
[4.988s] -- Looking for dlfcn.h - found
[4.988s] -- Looking for libdl - found
[4.998s] -- Searching for <gz-common5> component [testing]
[5.005s] -- Looking for gz-common5-testing -- found version 5.8.0
[5.005s] -- Searching for dependencies of gz-common5-testing
[5.006s] -- Looking for gz-math7 -- found version 7.5.2
[5.007s] -- Looking for gz-msgs10 -- found version 10.3.2
[5.014s] -- Looking for gz-gui8 -- found version 8.4.0
[5.014s] -- Searching for dependencies of gz-gui8
[5.063s] -- Looking for gz-utils2 -- found version 2.2.1
[5.064s] -- Looking for gz-math7 -- found version 7.5.2
[5.064s] -- Looking for gz-common5 -- found version 5.8.0
[5.065s] -- Looking for gz-plugin2 -- found version 2.0.4
[5.065s] -- Looking for gz-transport13 -- found version 13.5.0
[5.072s] -- Looking for gz-rendering8 -- found version 8.2.3
[5.072s] -- Searching for dependencies of gz-rendering8
[5.072s] -- Looking for gz-math7 -- found version 7.5.2
[5.073s] -- Searching for dependencies of gz-math7
[5.073s] -- Looking for gz-utils2 -- found version 2.2.1
[5.073s] -- Searching for <gz-math7> component [eigen3]
[5.080s] -- Looking for gz-math7-eigen3 -- found version 7.5.2
[5.080s] -- Searching for dependencies of gz-math7-eigen3
[5.106s] -- Looking for gz-common5 -- found version 5.8.0
[5.106s] -- Searching for dependencies of gz-common5
[5.107s] -- Looking for gz-utils2 -- found version 2.2.1
[5.107s] -- Looking for dlfcn.h - found
[5.107s] -- Looking for libdl - found
[5.116s] -- Searching for <gz-common5> component [graphics]
[5.116s] -- Searching for <gz-common5> component [events]
[5.116s] -- Searching for <gz-common5> component [geospatial]
[5.124s] -- Looking for gz-common5-geospatial -- found version 5.8.0
[5.124s] -- Searching for dependencies of gz-common5-geospatial
[5.124s] -- Looking for gz-math7 -- found version 7.5.2
[5.125s] -- Looking for gz-common5 -- found version 5.8.0
[5.126s] -- Looking for gz-plugin2 -- found version 2.0.4
[5.127s] -- Searching for dependencies of gz-plugin2
[5.127s] -- Looking for gz-utils2 -- found version 2.2.1
[5.127s] -- Searching for <gz-plugin2> component [all]
[5.133s] -- Looking for all libraries of gz-plugin2 -- found version 2.0.4
[5.134s] -- Looking for gz-plugin2 -- found version 2.0.4
[5.135s] -- Looking for gz-utils2 -- found version 2.2.1
[5.160s] -- Found OpenGL: /usr/lib/x86_64-linux-gnu/libOpenGL.so  found components: OpenGL 
[5.162s] -- Looking for gz-msgs10 -- found version 10.3.2
[5.218s] -- Looking for gz-physics7 -- found version 7.6.0
[5.218s] -- Searching for dependencies of gz-physics7
[5.218s] -- Looking for gz-common5 -- found version 5.8.0
[5.219s] -- Looking for gz-math7 -- found version 7.5.2
[5.219s] -- Looking for gz-plugin2 -- found version 2.0.4
[5.219s] -- Looking for gz-utils2 -- found version 2.2.1
[5.221s] -- Searching for <gz-physics7> component [heightmap]
[5.226s] -- Looking for gz-physics7-heightmap -- found version 7.6.0
[5.226s] -- Searching for dependencies of gz-physics7-heightmap
[5.226s] -- Looking for gz-common5 -- found version 5.8.0
[5.228s] -- Searching for <gz-physics7> component [mesh]
[5.232s] -- Looking for gz-physics7-mesh -- found version 7.6.0
[5.233s] -- Searching for dependencies of gz-physics7-mesh
[5.233s] -- Looking for gz-common5 -- found version 5.8.0
[5.233s] -- Searching for <gz-physics7> component [sdf]
[5.238s] -- Looking for gz-physics7-sdf -- found version 7.6.0
[5.238s] -- Searching for dependencies of gz-physics7-sdf
[5.239s] -- Looking for sdformat14 -- found version 14.9.0
[5.246s] -- Looking for gz-sensors8 -- found version 8.2.2
[5.247s] -- Searching for dependencies of gz-sensors8
[5.286s] -- Looking for gz-math7 -- found version 7.5.2
[5.287s] -- Looking for gz-common5 -- found version 5.8.0
[5.287s] -- Looking for gz-transport13 -- found version 13.5.0
[5.287s] -- Looking for gz-rendering8 -- found version 8.2.3
[5.288s] -- Looking for gz-msgs10 -- found version 10.3.2
[5.288s] -- Looking for sdformat14 -- found version 14.9.0
[5.289s] -- Searching for <gz-sensors8> component [air_pressure]
[5.294s] -- Looking for gz-sensors8-air_pressure -- found version 8.2.2
[5.294s] -- Searching for dependencies of gz-sensors8-air_pressure
[5.296s] -- Searching for <gz-sensors8> component [air_speed]
[5.300s] -- Looking for gz-sensors8-air_speed -- found version 8.2.2
[5.301s] -- Searching for dependencies of gz-sensors8-air_speed
[5.301s] -- Searching for <gz-sensors8> component [altimeter]
[5.306s] -- Looking for gz-sensors8-altimeter -- found version 8.2.2
[5.306s] -- Searching for dependencies of gz-sensors8-altimeter
[5.307s] -- Searching for <gz-sensors8> component [imu]
[5.311s] -- Looking for gz-sensors8-imu -- found version 8.2.2
[5.311s] -- Searching for dependencies of gz-sensors8-imu
[5.312s] -- Searching for <gz-sensors8> component [force_torque]
[5.317s] -- Looking for gz-sensors8-force_torque -- found version 8.2.2
[5.317s] -- Searching for dependencies of gz-sensors8-force_torque
[5.318s] -- Searching for <gz-sensors8> component [logical_camera]
[5.324s] -- Looking for gz-sensors8-logical_camera -- found version 8.2.2
[5.324s] -- Searching for dependencies of gz-sensors8-logical_camera
[5.325s] -- Searching for <gz-sensors8> component [magnetometer]
[5.329s] -- Looking for gz-sensors8-magnetometer -- found version 8.2.2
[5.329s] -- Searching for dependencies of gz-sensors8-magnetometer
[5.330s] -- Searching for <gz-sensors8> component [navsat]
[5.334s] -- Looking for gz-sensors8-navsat -- found version 8.2.2
[5.334s] -- Searching for dependencies of gz-sensors8-navsat
[5.335s] -- Searching for <gz-sensors8> component [dvl]
[5.340s] -- Looking for gz-sensors8-dvl -- found version 8.2.2
[5.341s] -- Searching for dependencies of gz-sensors8-dvl
[5.341s] -- Looking for gz-sensors8 -- found version 8.2.2
[5.341s] -- Searching for dependencies of gz-sensors8
[5.382s] -- Looking for gz-math7 -- found version 7.5.2
[5.382s] -- Looking for gz-common5 -- found version 5.8.0
[5.382s] -- Looking for gz-transport13 -- found version 13.5.0
[5.383s] -- Looking for gz-rendering8 -- found version 8.2.3
[5.383s] -- Looking for gz-msgs10 -- found version 10.3.2
[5.384s] -- Looking for sdformat14 -- found version 14.9.0
[5.384s] -- Searching for <gz-sensors8> component [rendering]
[5.390s] -- Looking for gz-sensors8-rendering -- found version 8.2.2
[5.390s] -- Searching for dependencies of gz-sensors8-rendering
[5.391s] -- Searching for <gz-sensors8> component [rendering]
[5.391s] -- Searching for <gz-sensors8> component [lidar]
[5.396s] -- Looking for gz-sensors8-lidar -- found version 8.2.2
[5.397s] -- Searching for dependencies of gz-sensors8-lidar
[5.397s] -- Looking for gz-sensors8 -- found version 8.2.2
[5.398s] -- Searching for <gz-sensors8> component [gpu_lidar]
[5.403s] -- Looking for gz-sensors8-gpu_lidar -- found version 8.2.2
[5.403s] -- Searching for dependencies of gz-sensors8-gpu_lidar
[5.403s] -- Looking for gz-sensors8 -- found version 8.2.2
[5.404s] -- Searching for <gz-sensors8> component [camera]
[5.409s] -- Looking for gz-sensors8-camera -- found version 8.2.2
[5.409s] -- Searching for dependencies of gz-sensors8-camera
[5.410s] -- Looking for gz-sensors8 -- found version 8.2.2
[5.411s] -- Searching for <gz-sensors8> component [boundingbox_camera]
[5.418s] -- Looking for gz-sensors8-boundingbox_camera -- found version 8.2.2
[5.418s] -- Searching for dependencies of gz-sensors8-boundingbox_camera
[5.419s] -- Searching for <gz-sensors8> component [segmentation_camera]
[5.427s] -- Looking for gz-sensors8-segmentation_camera -- found version 8.2.2
[5.427s] -- Searching for dependencies of gz-sensors8-segmentation_camera
[5.427s] -- Searching for <gz-sensors8> component [depth_camera]
[5.433s] -- Looking for gz-sensors8-depth_camera -- found version 8.2.2
[5.434s] -- Searching for dependencies of gz-sensors8-depth_camera
[5.434s] -- Looking for gz-sensors8 -- found version 8.2.2
[5.435s] -- Searching for <gz-sensors8> component [rgbd_camera]
[5.446s] -- Looking for gz-sensors8-rgbd_camera -- found version 8.2.2
[5.446s] -- Searching for dependencies of gz-sensors8-rgbd_camera
[5.447s] -- Looking for gz-sensors8 -- found version 8.2.2
[5.448s] -- Searching for <gz-sensors8> component [thermal_camera]
[5.454s] -- Looking for gz-sensors8-thermal_camera -- found version 8.2.2
[5.454s] -- Searching for dependencies of gz-sensors8-thermal_camera
[5.454s] -- Looking for gz-sensors8 -- found version 8.2.2
[5.455s] -- Searching for <gz-sensors8> component [wide_angle_camera]
[5.460s] -- Looking for gz-sensors8-wide_angle_camera -- found version 8.2.2
[5.461s] -- Searching for dependencies of gz-sensors8-wide_angle_camera
[5.462s] -- Looking for gz-rendering8 -- found version 8.2.3
[5.462s] -- Looking for gz-math7 -- found version 7.5.2
[5.463s] -- Looking for gz-utils2 -- found version 2.2.1
[5.519s] -- Looking for gz-plugin2 -- found version 2.0.4
[5.629s] -- Configuring done (5.5s)
[5.732s] -- Generating done (0.1s)
[5.747s] -- Build files have been written to: /home/njoy/ROS/turtlebot3_ws/build/turtlebot3_gazebo
[5.781s] Invoked command in '/home/njoy/ROS/turtlebot3_ws/build/turtlebot3_gazebo' returned '0': CMAKE_PREFIX_PATH=${CMAKE_PREFIX_PATH}:/home/njoy/ROS/turtlebot3_ws/install/turtlebot3_teleop:/home/njoy/ROS/turtlebot3_ws/install/turtlebot3_example:/opt/ros/jazzy:/home/njoy/ROS/ros_ws/turtlebot3_ws/install/turtlebot3_teleop:/home/njoy/ROS/ros_ws/turtlebot3_ws/install/turtlebot3_example DEBUGINFOD_URLS=ima:enforcing https://debuginfod.fedoraproject.org/ ima:ignore PS1=📦[\u@rover-dev-container \W]$ /usr/bin/cmake /home/njoy/ROS/turtlebot3_ws/src/turtlebot3_simulations/turtlebot3_gazebo -DAMENT_CMAKE_SYMLINK_INSTALL=1 -DCMAKE_INSTALL_PREFIX=/home/njoy/ROS/turtlebot3_ws/install/turtlebot3_gazebo
[5.783s] Invoking command in '/home/njoy/ROS/turtlebot3_ws/build/turtlebot3_gazebo': CMAKE_PREFIX_PATH=${CMAKE_PREFIX_PATH}:/home/njoy/ROS/turtlebot3_ws/install/turtlebot3_teleop:/home/njoy/ROS/turtlebot3_ws/install/turtlebot3_example:/opt/ros/jazzy:/home/njoy/ROS/ros_ws/turtlebot3_ws/install/turtlebot3_teleop:/home/njoy/ROS/ros_ws/turtlebot3_ws/install/turtlebot3_example DEBUGINFOD_URLS=ima:enforcing https://debuginfod.fedoraproject.org/ ima:ignore PS1=📦[\u@rover-dev-container \W]$ /usr/bin/cmake --build /home/njoy/ROS/turtlebot3_ws/build/turtlebot3_gazebo -- -j16 -l16
[5.900s] [ 12%] [32mBuilding CXX object CMakeFiles/turtlebot3_drive.dir/src/turtlebot3_drive.cpp.o[0m
[5.905s] [ 37%] [32mBuilding CXX object CMakeFiles/obstacles.dir/src/obstacles.cpp.o[0m
[5.905s] [ 37%] [32mBuilding CXX object CMakeFiles/obstacle1.dir/src/obstacle1.cpp.o[0m
[5.907s] [ 50%] [32mBuilding CXX object CMakeFiles/obstacle2.dir/src/obstacle2.cpp.o[0m
[8.779s] [ 62%] [32m[1mLinking CXX shared library libobstacle1.so[0m
[9.010s] [ 75%] [32m[1mLinking CXX shared library libobstacle2.so[0m
[9.549s] [ 75%] Built target obstacle1
[9.635s] [ 75%] Built target obstacle2
[9.735s] [ 87%] [32m[1mLinking CXX shared library libobstacles.so[0m
[10.222s] [ 87%] Built target obstacles
[17.346s] [100%] [32m[1mLinking CXX executable turtlebot3_drive[0m
[17.828s] [100%] Built target turtlebot3_drive
[17.846s] Invoked command in '/home/njoy/ROS/turtlebot3_ws/build/turtlebot3_gazebo' returned '0': CMAKE_PREFIX_PATH=${CMAKE_PREFIX_PATH}:/home/njoy/ROS/turtlebot3_ws/install/turtlebot3_teleop:/home/njoy/ROS/turtlebot3_ws/install/turtlebot3_example:/opt/ros/jazzy:/home/njoy/ROS/ros_ws/turtlebot3_ws/install/turtlebot3_teleop:/home/njoy/ROS/ros_ws/turtlebot3_ws/install/turtlebot3_example DEBUGINFOD_URLS=ima:enforcing https://debuginfod.fedoraproject.org/ ima:ignore PS1=📦[\u@rover-dev-container \W]$ /usr/bin/cmake --build /home/njoy/ROS/turtlebot3_ws/build/turtlebot3_gazebo -- -j16 -l16
[17.847s] Invoking command in '/home/njoy/ROS/turtlebot3_ws/build/turtlebot3_gazebo': CMAKE_PREFIX_PATH=${CMAKE_PREFIX_PATH}:/home/njoy/ROS/turtlebot3_ws/install/turtlebot3_teleop:/home/njoy/ROS/turtlebot3_ws/install/turtlebot3_example:/opt/ros/jazzy:/home/njoy/ROS/ros_ws/turtlebot3_ws/install/turtlebot3_teleop:/home/njoy/ROS/ros_ws/turtlebot3_ws/install/turtlebot3_example DEBUGINFOD_URLS=ima:enforcing https://debuginfod.fedoraproject.org/ ima:ignore PS1=📦[\u@rover-dev-container \W]$ /usr/bin/cmake --install /home/njoy/ROS/turtlebot3_ws/build/turtlebot3_gazebo
[17.859s] -- Install configuration: ""
[17.860s] -- Execute custom install script
[17.860s] -- Symlinking: /home/njoy/ROS/turtlebot3_ws/install/turtlebot3_gazebo/lib/turtlebot3_gazebo/turtlebot3_drive
[17.875s] -- Symlinking: /home/njoy/ROS/turtlebot3_ws/install/turtlebot3_gazebo/lib/turtlebot3_gazebo/libobstacles.so
[17.888s] -- Symlinking: /home/njoy/ROS/turtlebot3_ws/install/turtlebot3_gazebo/lib/turtlebot3_gazebo/libobstacle1.so
[17.901s] -- Symlinking: /home/njoy/ROS/turtlebot3_ws/install/turtlebot3_gazebo/lib/turtlebot3_gazebo/libobstacle2.so
[17.915s] -- Symlinking: /home/njoy/ROS/turtlebot3_ws/install/turtlebot3_gazebo/share/turtlebot3_gazebo//launch/empty_world.launch.py
[17.930s] -- Symlinking: /home/njoy/ROS/turtlebot3_ws/install/turtlebot3_gazebo/share/turtlebot3_gazebo//launch/robot_state_publisher.launch.py
[17.943s] -- Symlinking: /home/njoy/ROS/turtlebot3_ws/install/turtlebot3_gazebo/share/turtlebot3_gazebo//launch/spawn_turtlebot3.launch.py
[17.956s] -- Symlinking: /home/njoy/ROS/turtlebot3_ws/install/turtlebot3_gazebo/share/turtlebot3_gazebo//launch/turtlebot3_dqn_stage1.launch.py
[17.970s] -- Symlinking: /home/njoy/ROS/turtlebot3_ws/install/turtlebot3_gazebo/share/turtlebot3_gazebo//launch/turtlebot3_dqn_stage2.launch.py
[17.983s] -- Symlinking: /home/njoy/ROS/turtlebot3_ws/install/turtlebot3_gazebo/share/turtlebot3_gazebo//launch/turtlebot3_dqn_stage3.launch.py
[17.996s] -- Symlinking: /home/njoy/ROS/turtlebot3_ws/install/turtlebot3_gazebo/share/turtlebot3_gazebo//launch/turtlebot3_dqn_stage4.launch.py
[18.009s] -- Symlinking: /home/njoy/ROS/turtlebot3_ws/install/turtlebot3_gazebo/share/turtlebot3_gazebo//launch/turtlebot3_house.launch.py
[18.024s] -- Symlinking: /home/njoy/ROS/turtlebot3_ws/install/turtlebot3_gazebo/share/turtlebot3_gazebo//launch/turtlebot3_world.launch.py
[18.039s] -- Symlinking: /home/njoy/ROS/turtlebot3_ws/install/turtlebot3_gazebo/share/turtlebot3_gazebo//models/turtlebot3_burger/model-1_4.sdf
[18.052s] -- Symlinking: /home/njoy/ROS/turtlebot3_ws/install/turtlebot3_gazebo/share/turtlebot3_gazebo//models/turtlebot3_burger/model.config
[18.067s] -- Symlinking: /home/njoy/ROS/turtlebot3_ws/install/turtlebot3_gazebo/share/turtlebot3_gazebo//models/turtlebot3_burger/model.sdf
[18.081s] -- Symlinking: /home/njoy/ROS/turtlebot3_ws/install/turtlebot3_gazebo/share/turtlebot3_gazebo//models/turtlebot3_burger_cam/model-1_4.sdf
[18.094s] -- Symlinking: /home/njoy/ROS/turtlebot3_ws/install/turtlebot3_gazebo/share/turtlebot3_gazebo//models/turtlebot3_burger_cam/model.config
[18.108s] -- Symlinking: /home/njoy/ROS/turtlebot3_ws/install/turtlebot3_gazebo/share/turtlebot3_gazebo//models/turtlebot3_burger_cam/model.sdf
[18.121s] -- Symlinking: /home/njoy/ROS/turtlebot3_ws/install/turtlebot3_gazebo/share/turtlebot3_gazebo//models/turtlebot3_common/meshes/bases/burger_base.stl
[18.135s] -- Symlinking: /home/njoy/ROS/turtlebot3_ws/install/turtlebot3_gazebo/share/turtlebot3_gazebo//models/turtlebot3_common/meshes/bases/waffle_base.stl
[18.149s] -- Symlinking: /home/njoy/ROS/turtlebot3_ws/install/turtlebot3_gazebo/share/turtlebot3_gazebo//models/turtlebot3_common/meshes/bases/waffle_pi_base.stl
[18.164s] -- Symlinking: /home/njoy/ROS/turtlebot3_ws/install/turtlebot3_gazebo/share/turtlebot3_gazebo//models/turtlebot3_common/meshes/burger_base.dae
[18.179s] -- Symlinking: /home/njoy/ROS/turtlebot3_ws/install/turtlebot3_gazebo/share/turtlebot3_gazebo//models/turtlebot3_common/meshes/lds.dae
[18.194s] -- Symlinking: /home/njoy/ROS/turtlebot3_ws/install/turtlebot3_gazebo/share/turtlebot3_gazebo//models/turtlebot3_common/meshes/r200.dae
[18.209s] -- Symlinking: /home/njoy/ROS/turtlebot3_ws/install/turtlebot3_gazebo/share/turtlebot3_gazebo//models/turtlebot3_common/meshes/sensors/astra.dae
[18.223s] -- Symlinking: /home/njoy/ROS/turtlebot3_ws/install/turtlebot3_gazebo/share/turtlebot3_gazebo//models/turtlebot3_common/meshes/sensors/astra.jpg
[18.238s] -- Symlinking: /home/njoy/ROS/turtlebot3_ws/install/turtlebot3_gazebo/share/turtlebot3_gazebo//models/turtlebot3_common/meshes/sensors/lds.stl
[18.252s] -- Symlinking: /home/njoy/ROS/turtlebot3_ws/install/turtlebot3_gazebo/share/turtlebot3_gazebo//models/turtlebot3_common/meshes/sensors/r200.dae
[18.265s] -- Symlinking: /home/njoy/ROS/turtlebot3_ws/install/turtlebot3_gazebo/share/turtlebot3_gazebo//models/turtlebot3_common/meshes/sensors/r200.jpg
[18.278s] -- Symlinking: /home/njoy/ROS/turtlebot3_ws/install/turtlebot3_gazebo/share/turtlebot3_gazebo//models/turtlebot3_common/meshes/tire.dae
[18.291s] -- Symlinking: /home/njoy/ROS/turtlebot3_ws/install/turtlebot3_gazebo/share/turtlebot3_gazebo//models/turtlebot3_common/meshes/waffle_base.dae
[18.303s] -- Symlinking: /home/njoy/ROS/turtlebot3_ws/install/turtlebot3_gazebo/share/turtlebot3_gazebo//models/turtlebot3_common/meshes/waffle_pi_base.dae
[18.313s] -- Symlinking: /home/njoy/ROS/turtlebot3_ws/install/turtlebot3_gazebo/share/turtlebot3_gazebo//models/turtlebot3_common/meshes/wheels/left_tire.stl
[18.331s] -- Symlinking: /home/njoy/ROS/turtlebot3_ws/install/turtlebot3_gazebo/share/turtlebot3_gazebo//models/turtlebot3_common/meshes/wheels/right_tire.stl
[18.350s] -- Symlinking: /home/njoy/ROS/turtlebot3_ws/install/turtlebot3_gazebo/share/turtlebot3_gazebo//models/turtlebot3_common/model.config
[18.368s] -- Symlinking: /home/njoy/ROS/turtlebot3_ws/install/turtlebot3_gazebo/share/turtlebot3_gazebo//models/turtlebot3_dqn_world/goal_box/model.config
[18.388s] -- Symlinking: /home/njoy/ROS/turtlebot3_ws/install/turtlebot3_gazebo/share/turtlebot3_gazebo//models/turtlebot3_dqn_world/goal_box/model.sdf
[18.407s] -- Symlinking: /home/njoy/ROS/turtlebot3_ws/install/turtlebot3_gazebo/share/turtlebot3_gazebo//models/turtlebot3_dqn_world/inner_walls/model.config
[18.425s] -- Symlinking: /home/njoy/ROS/turtlebot3_ws/install/turtlebot3_gazebo/share/turtlebot3_gazebo//models/turtlebot3_dqn_world/inner_walls/model.sdf
[18.445s] -- Symlinking: /home/njoy/ROS/turtlebot3_ws/install/turtlebot3_gazebo/share/turtlebot3_gazebo//models/turtlebot3_dqn_world/inner_walls/textures/wood.png
[18.464s] -- Symlinking: /home/njoy/ROS/turtlebot3_ws/install/turtlebot3_gazebo/share/turtlebot3_gazebo//models/turtlebot3_dqn_world/model.config
[18.485s] -- Symlinking: /home/njoy/ROS/turtlebot3_ws/install/turtlebot3_gazebo/share/turtlebot3_gazebo//models/turtlebot3_dqn_world/model.sdf
[18.506s] -- Symlinking: /home/njoy/ROS/turtlebot3_ws/install/turtlebot3_gazebo/share/turtlebot3_gazebo//models/turtlebot3_dqn_world/obstacle1/model.config
[18.525s] -- Symlinking: /home/njoy/ROS/turtlebot3_ws/install/turtlebot3_gazebo/share/turtlebot3_gazebo//models/turtlebot3_dqn_world/obstacle1/model.sdf
[18.545s] -- Symlinking: /home/njoy/ROS/turtlebot3_ws/install/turtlebot3_gazebo/share/turtlebot3_gazebo//models/turtlebot3_dqn_world/obstacle2/model.config
[18.564s] -- Symlinking: /home/njoy/ROS/turtlebot3_ws/install/turtlebot3_gazebo/share/turtlebot3_gazebo//models/turtlebot3_dqn_world/obstacle2/model.sdf
[18.582s] -- Symlinking: /home/njoy/ROS/turtlebot3_ws/install/turtlebot3_gazebo/share/turtlebot3_gazebo//models/turtlebot3_dqn_world/obstacles/model.config
[18.601s] -- Symlinking: /home/njoy/ROS/turtlebot3_ws/install/turtlebot3_gazebo/share/turtlebot3_gazebo//models/turtlebot3_dqn_world/obstacles/model.sdf
[18.624s] -- Symlinking: /home/njoy/ROS/turtlebot3_ws/install/turtlebot3_gazebo/share/turtlebot3_gazebo//models/turtlebot3_dqn_world/textures/wood.png
[18.640s] -- Symlinking: /home/njoy/ROS/turtlebot3_ws/install/turtlebot3_gazebo/share/turtlebot3_gazebo//models/turtlebot3_house/cafe_table/materials/textures/Maple.jpg
[18.659s] -- Symlinking: /home/njoy/ROS/turtlebot3_ws/install/turtlebot3_gazebo/share/turtlebot3_gazebo//models/turtlebot3_house/cafe_table/materials/textures/Wood_Floor_Dark.jpg
[18.680s] -- Symlinking: /home/njoy/ROS/turtlebot3_ws/install/turtlebot3_gazebo/share/turtlebot3_gazebo//models/turtlebot3_house/cafe_table/meshes/cafe_table.dae
[18.699s] -- Symlinking: /home/njoy/ROS/turtlebot3_ws/install/turtlebot3_gazebo/share/turtlebot3_gazebo//models/turtlebot3_house/cafe_table/model-1_4.sdf
[18.718s] -- Symlinking: /home/njoy/ROS/turtlebot3_ws/install/turtlebot3_gazebo/share/turtlebot3_gazebo//models/turtlebot3_house/cafe_table/model.config
[18.739s] -- Symlinking: /home/njoy/ROS/turtlebot3_ws/install/turtlebot3_gazebo/share/turtlebot3_gazebo//models/turtlebot3_house/cafe_table/model.sdf
[18.761s] -- Symlinking: /home/njoy/ROS/turtlebot3_ws/install/turtlebot3_gazebo/share/turtlebot3_gazebo//models/turtlebot3_house/first_2015_trash_can/meshes/trash_can.dae
[18.783s] -- Symlinking: /home/njoy/ROS/turtlebot3_ws/install/turtlebot3_gazebo/share/turtlebot3_gazebo//models/turtlebot3_house/first_2015_trash_can/model.config
[18.805s] -- Symlinking: /home/njoy/ROS/turtlebot3_ws/install/turtlebot3_gazebo/share/turtlebot3_gazebo//models/turtlebot3_house/first_2015_trash_can/model.sdf
[18.828s] -- Symlinking: /home/njoy/ROS/turtlebot3_ws/install/turtlebot3_gazebo/share/turtlebot3_gazebo//models/turtlebot3_house/mailbox/materials/scripts/mailbox.material
[18.849s] -- Symlinking: /home/njoy/ROS/turtlebot3_ws/install/turtlebot3_gazebo/share/turtlebot3_gazebo//models/turtlebot3_house/mailbox/materials/textures/Mailbox_Diffuse.png
[18.873s] -- Symlinking: /home/njoy/ROS/turtlebot3_ws/install/turtlebot3_gazebo/share/turtlebot3_gazebo//models/turtlebot3_house/mailbox/materials/textures/Mailbox_Diffuse.tga.orig
[18.895s] -- Symlinking: /home/njoy/ROS/turtlebot3_ws/install/turtlebot3_gazebo/share/turtlebot3_gazebo//models/turtlebot3_house/mailbox/materials/textures/Mailbox_Spec.png
[18.917s] -- Symlinking: /home/njoy/ROS/turtlebot3_ws/install/turtlebot3_gazebo/share/turtlebot3_gazebo//models/turtlebot3_house/mailbox/meshes/mailbox.dae
[18.936s] -- Symlinking: /home/njoy/ROS/turtlebot3_ws/install/turtlebot3_gazebo/share/turtlebot3_gazebo//models/turtlebot3_house/mailbox/model-1_3.sdf
[18.959s] -- Symlinking: /home/njoy/ROS/turtlebot3_ws/install/turtlebot3_gazebo/share/turtlebot3_gazebo//models/turtlebot3_house/mailbox/model-1_4.sdf
[18.983s] -- Symlinking: /home/njoy/ROS/turtlebot3_ws/install/turtlebot3_gazebo/share/turtlebot3_gazebo//models/turtlebot3_house/mailbox/model.config
[19.005s] -- Symlinking: /home/njoy/ROS/turtlebot3_ws/install/turtlebot3_gazebo/share/turtlebot3_gazebo//models/turtlebot3_house/mailbox/model.sdf
[19.029s] -- Symlinking: /home/njoy/ROS/turtlebot3_ws/install/turtlebot3_gazebo/share/turtlebot3_gazebo//models/turtlebot3_house/model.config
[19.051s] -- Symlinking: /home/njoy/ROS/turtlebot3_ws/install/turtlebot3_gazebo/share/turtlebot3_gazebo//models/turtlebot3_house/model.sdf
[19.068s] -- Symlinking: /home/njoy/ROS/turtlebot3_ws/install/turtlebot3_gazebo/share/turtlebot3_gazebo//models/turtlebot3_house/table_marble/materials/scripts/table_lightmap.material
[19.084s] -- Symlinking: /home/njoy/ROS/turtlebot3_ws/install/turtlebot3_gazebo/share/turtlebot3_gazebo//models/turtlebot3_house/table_marble/materials/textures/marble.png
[19.100s] -- Symlinking: /home/njoy/ROS/turtlebot3_ws/install/turtlebot3_gazebo/share/turtlebot3_gazebo//models/turtlebot3_house/table_marble/materials/textures/table_lightmap.png
[19.116s] -- Symlinking: /home/njoy/ROS/turtlebot3_ws/install/turtlebot3_gazebo/share/turtlebot3_gazebo//models/turtlebot3_house/table_marble/meshes/table_lightmap.dae
[19.132s] -- Symlinking: /home/njoy/ROS/turtlebot3_ws/install/turtlebot3_gazebo/share/turtlebot3_gazebo//models/turtlebot3_house/table_marble/model-1_4.sdf
[19.148s] -- Symlinking: /home/njoy/ROS/turtlebot3_ws/install/turtlebot3_gazebo/share/turtlebot3_gazebo//models/turtlebot3_house/table_marble/model.config
[19.164s] -- Symlinking: /home/njoy/ROS/turtlebot3_ws/install/turtlebot3_gazebo/share/turtlebot3_gazebo//models/turtlebot3_house/table_marble/model.sdf
[19.181s] -- Symlinking: /home/njoy/ROS/turtlebot3_ws/install/turtlebot3_gazebo/share/turtlebot3_gazebo//models/turtlebot3_house/textures/bricks.png
[19.197s] -- Symlinking: /home/njoy/ROS/turtlebot3_ws/install/turtlebot3_gazebo/share/turtlebot3_gazebo//models/turtlebot3_house/textures/wood.png
[19.213s] -- Symlinking: /home/njoy/ROS/turtlebot3_ws/install/turtlebot3_gazebo/share/turtlebot3_gazebo//models/turtlebot3_waffle/model-1_4.sdf
[19.232s] -- Symlinking: /home/njoy/ROS/turtlebot3_ws/install/turtlebot3_gazebo/share/turtlebot3_gazebo//models/turtlebot3_waffle/model.config
[19.248s] -- Symlinking: /home/njoy/ROS/turtlebot3_ws/install/turtlebot3_gazebo/share/turtlebot3_gazebo//models/turtlebot3_waffle/model.sdf
[19.264s] -- Symlinking: /home/njoy/ROS/turtlebot3_ws/install/turtlebot3_gazebo/share/turtlebot3_gazebo//models/turtlebot3_waffle_pi/model-1_4_.sdf
[19.281s] -- Symlinking: /home/njoy/ROS/turtlebot3_ws/install/turtlebot3_gazebo/share/turtlebot3_gazebo//models/turtlebot3_waffle_pi/model.config
[19.298s] -- Symlinking: /home/njoy/ROS/turtlebot3_ws/install/turtlebot3_gazebo/share/turtlebot3_gazebo//models/turtlebot3_waffle_pi/model.sdf
[19.316s] -- Symlinking: /home/njoy/ROS/turtlebot3_ws/install/turtlebot3_gazebo/share/turtlebot3_gazebo//models/turtlebot3_world/meshes/hexagon.dae
[19.332s] -- Symlinking: /home/njoy/ROS/turtlebot3_ws/install/turtlebot3_gazebo/share/turtlebot3_gazebo//models/turtlebot3_world/meshes/wall.dae
[19.351s] -- Symlinking: /home/njoy/ROS/turtlebot3_ws/install/turtlebot3_gazebo/share/turtlebot3_gazebo//models/turtlebot3_world/model-1_4.sdf
[19.370s] -- Symlinking: /home/njoy/ROS/turtlebot3_ws/install/turtlebot3_gazebo/share/turtlebot3_gazebo//models/turtlebot3_world/model.config
[19.399s] -- Symlinking: /home/njoy/ROS/turtlebot3_ws/install/turtlebot3_gazebo/share/turtlebot3_gazebo//models/turtlebot3_world/model.sdf
[19.419s] -- Symlinking: /home/njoy/ROS/turtlebot3_ws/install/turtlebot3_gazebo/share/turtlebot3_gazebo//params/turtlebot3_burger_bridge.yaml
[19.438s] -- Symlinking: /home/njoy/ROS/turtlebot3_ws/install/turtlebot3_gazebo/share/turtlebot3_gazebo//params/turtlebot3_burger_cam_bridge.yaml
[19.456s] -- Symlinking: /home/njoy/ROS/turtlebot3_ws/install/turtlebot3_gazebo/share/turtlebot3_gazebo//params/turtlebot3_waffle_bridge.yaml
[19.476s] -- Symlinking: /home/njoy/ROS/turtlebot3_ws/install/turtlebot3_gazebo/share/turtlebot3_gazebo//params/turtlebot3_waffle_pi_bridge.yaml
[19.498s] -- Symlinking: /home/njoy/ROS/turtlebot3_ws/install/turtlebot3_gazebo/share/turtlebot3_gazebo//rviz/tb3_gazebo.rviz
[19.522s] -- Symlinking: /home/njoy/ROS/turtlebot3_ws/install/turtlebot3_gazebo/share/turtlebot3_gazebo//urdf/common_properties.urdf
[19.545s] -- Symlinking: /home/njoy/ROS/turtlebot3_ws/install/turtlebot3_gazebo/share/turtlebot3_gazebo//urdf/turtlebot3_burger.urdf
[19.569s] -- Symlinking: /home/njoy/ROS/turtlebot3_ws/install/turtlebot3_gazebo/share/turtlebot3_gazebo//urdf/turtlebot3_burger_cam.urdf
[19.594s] -- Symlinking: /home/njoy/ROS/turtlebot3_ws/install/turtlebot3_gazebo/share/turtlebot3_gazebo//urdf/turtlebot3_waffle.urdf
[19.625s] -- Symlinking: /home/njoy/ROS/turtlebot3_ws/install/turtlebot3_gazebo/share/turtlebot3_gazebo//urdf/turtlebot3_waffle_pi.urdf
[19.648s] -- Symlinking: /home/njoy/ROS/turtlebot3_ws/install/turtlebot3_gazebo/share/turtlebot3_gazebo//worlds/empty_world.world
[19.672s] -- Symlinking: /home/njoy/ROS/turtlebot3_ws/install/turtlebot3_gazebo/share/turtlebot3_gazebo//worlds/turtlebot3_autorace_2020.world
[19.697s] -- Symlinking: /home/njoy/ROS/turtlebot3_ws/install/turtlebot3_gazebo/share/turtlebot3_gazebo//worlds/turtlebot3_dqn_stage1.world
[19.724s] -- Symlinking: /home/njoy/ROS/turtlebot3_ws/install/turtlebot3_gazebo/share/turtlebot3_gazebo//worlds/turtlebot3_dqn_stage2.world
[19.749s] -- Symlinking: /home/njoy/ROS/turtlebot3_ws/install/turtlebot3_gazebo/share/turtlebot3_gazebo//worlds/turtlebot3_dqn_stage3.world
[19.773s] -- Symlinking: /home/njoy/ROS/turtlebot3_ws/install/turtlebot3_gazebo/share/turtlebot3_gazebo//worlds/turtlebot3_dqn_stage4.world
[19.796s] -- Symlinking: /home/njoy/ROS/turtlebot3_ws/install/turtlebot3_gazebo/share/turtlebot3_gazebo//worlds/turtlebot3_house.world
[19.823s] -- Symlinking: /home/njoy/ROS/turtlebot3_ws/install/turtlebot3_gazebo/share/turtlebot3_gazebo//worlds/turtlebot3_world.world
[19.843s] -- Symlinking: /home/njoy/ROS/turtlebot3_ws/install/turtlebot3_gazebo/include//turtlebot3_gazebo/obstacle1.hpp
[19.868s] -- Symlinking: /home/njoy/ROS/turtlebot3_ws/install/turtlebot3_gazebo/include//turtlebot3_gazebo/obstacle2.hpp
[19.895s] -- Symlinking: /home/njoy/ROS/turtlebot3_ws/install/turtlebot3_gazebo/include//turtlebot3_gazebo/obstacles.hpp
[19.919s] -- Symlinking: /home/njoy/ROS/turtlebot3_ws/install/turtlebot3_gazebo/include//turtlebot3_gazebo/traffic_bar_plugin.hpp
[19.943s] -- Symlinking: /home/njoy/ROS/turtlebot3_ws/install/turtlebot3_gazebo/include//turtlebot3_gazebo/traffic_light_plugin.hpp
[19.966s] -- Symlinking: /home/njoy/ROS/turtlebot3_ws/install/turtlebot3_gazebo/include//turtlebot3_gazebo/turtlebot3_drive.hpp
[19.991s] -- Symlinking: /home/njoy/ROS/turtlebot3_ws/install/turtlebot3_gazebo/share/ament_index/resource_index/package_run_dependencies/turtlebot3_gazebo
[20.015s] -- Symlinking: /home/njoy/ROS/turtlebot3_ws/install/turtlebot3_gazebo/share/ament_index/resource_index/parent_prefix_path/turtlebot3_gazebo
[20.041s] -- Symlinking: /home/njoy/ROS/turtlebot3_ws/install/turtlebot3_gazebo/share/turtlebot3_gazebo/environment/ament_prefix_path.sh
[20.066s] -- Symlinking: /home/njoy/ROS/turtlebot3_ws/install/turtlebot3_gazebo/share/turtlebot3_gazebo/environment/ament_prefix_path.dsv
[20.088s] -- Symlinking: /home/njoy/ROS/turtlebot3_ws/install/turtlebot3_gazebo/share/turtlebot3_gazebo/environment/path.sh
[20.113s] -- Symlinking: /home/njoy/ROS/turtlebot3_ws/install/turtlebot3_gazebo/share/turtlebot3_gazebo/environment/path.dsv
[20.137s] -- Symlinking: /home/njoy/ROS/turtlebot3_ws/install/turtlebot3_gazebo/share/turtlebot3_gazebo/local_setup.bash
[20.162s] -- Symlinking: /home/njoy/ROS/turtlebot3_ws/install/turtlebot3_gazebo/share/turtlebot3_gazebo/local_setup.sh
[20.185s] -- Symlinking: /home/njoy/ROS/turtlebot3_ws/install/turtlebot3_gazebo/share/turtlebot3_gazebo/local_setup.zsh
[20.208s] -- Symlinking: /home/njoy/ROS/turtlebot3_ws/install/turtlebot3_gazebo/share/turtlebot3_gazebo/local_setup.dsv
[20.230s] -- Symlinking: /home/njoy/ROS/turtlebot3_ws/install/turtlebot3_gazebo/share/turtlebot3_gazebo/package.dsv
[20.252s] -- Symlinking: /home/njoy/ROS/turtlebot3_ws/install/turtlebot3_gazebo/share/ament_index/resource_index/packages/turtlebot3_gazebo
[20.276s] -- Symlinking: /home/njoy/ROS/turtlebot3_ws/install/turtlebot3_gazebo/share/turtlebot3_gazebo/cmake/ament_cmake_export_include_directories-extras.cmake
[20.300s] -- Symlinking: /home/njoy/ROS/turtlebot3_ws/install/turtlebot3_gazebo/share/turtlebot3_gazebo/cmake/ament_cmake_export_dependencies-extras.cmake
[20.323s] -- Symlinking: /home/njoy/ROS/turtlebot3_ws/install/turtlebot3_gazebo/share/turtlebot3_gazebo/cmake/turtlebot3_gazeboConfig.cmake
[20.345s] -- Symlinking: /home/njoy/ROS/turtlebot3_ws/install/turtlebot3_gazebo/share/turtlebot3_gazebo/cmake/turtlebot3_gazeboConfig-version.cmake
[20.367s] -- Symlinking: /home/njoy/ROS/turtlebot3_ws/install/turtlebot3_gazebo/share/turtlebot3_gazebo/package.xml
[20.393s] Invoked command in '/home/njoy/ROS/turtlebot3_ws/build/turtlebot3_gazebo' returned '0': CMAKE_PREFIX_PATH=${CMAKE_PREFIX_PATH}:/home/njoy/ROS/turtlebot3_ws/install/turtlebot3_teleop:/home/njoy/ROS/turtlebot3_ws/install/turtlebot3_example:/opt/ros/jazzy:/home/njoy/ROS/ros_ws/turtlebot3_ws/install/turtlebot3_teleop:/home/njoy/ROS/ros_ws/turtlebot3_ws/install/turtlebot3_example DEBUGINFOD_URLS=ima:enforcing https://debuginfod.fedoraproject.org/ ima:ignore PS1=📦[\u@rover-dev-container \W]$ /usr/bin/cmake --install /home/njoy/ROS/turtlebot3_ws/build/turtlebot3_gazebo
