[1.327s] Invoking command in '/home/njoy/ROS/rover_ws/build/py_pubsub': DEBUGINFOD_URLS=ima:enforcing https://debuginfod.fedoraproject.org/ ima:ignore PS1=📦[\u@rover-dev-container \W]$ PYTHONPATH=/home/njoy/ROS/rover_ws/build/py_pubsub/prefix_override:/usr/lib/python3/dist-packages/colcon_core/task/python/colcon_distutils_commands:/home/njoy/ROS/rover_ws/install/py_pubsub/lib/python3.12/site-packages:${PYTHONPATH} /usr/bin/python3 -W ignore:setup.py install is deprecated -W ignore:easy_install command is deprecated setup.py develop --editable --build-directory /home/njoy/ROS/rover_ws/build/py_pubsub/build --no-deps symlink_data --force
[1.714s] running develop
[1.941s] running egg_info
[1.960s] writing py_pubsub.egg-info/PKG-INFO
[1.960s] writing dependency_links to py_pubsub.egg-info/dependency_links.txt
[1.960s] writing entry points to py_pubsub.egg-info/entry_points.txt
[1.960s] writing requirements to py_pubsub.egg-info/requires.txt
[1.960s] writing top-level names to py_pubsub.egg-info/top_level.txt
[2.000s] reading manifest file 'py_pubsub.egg-info/SOURCES.txt'
[2.001s] writing manifest file 'py_pubsub.egg-info/SOURCES.txt'
[2.024s] running build_ext
[2.024s] Creating /home/njoy/ROS/rover_ws/install/py_pubsub/lib/python3.12/site-packages/py-pubsub.egg-link (link to .)
[2.025s] Installing listener script to /home/njoy/ROS/rover_ws/install/py_pubsub/lib/py_pubsub
[2.025s] Installing talker script to /home/njoy/ROS/rover_ws/install/py_pubsub/lib/py_pubsub
[2.025s] 
[2.025s] Installed /home/njoy/ROS/rover_ws/build/py_pubsub
[2.025s] running symlink_data
[2.025s] symbolically linking /home/njoy/ROS/rover_ws/build/py_pubsub/resource/py_pubsub -> /home/njoy/ROS/rover_ws/install/py_pubsub/share/ament_index/resource_index/packages
[2.026s] symbolically linking /home/njoy/ROS/rover_ws/build/py_pubsub/package.xml -> /home/njoy/ROS/rover_ws/install/py_pubsub/share/py_pubsub
[2.089s] Invoked command in '/home/njoy/ROS/rover_ws/build/py_pubsub' returned '0': DEBUGINFOD_URLS=ima:enforcing https://debuginfod.fedoraproject.org/ ima:ignore PS1=📦[\u@rover-dev-container \W]$ PYTHONPATH=/home/njoy/ROS/rover_ws/build/py_pubsub/prefix_override:/usr/lib/python3/dist-packages/colcon_core/task/python/colcon_distutils_commands:/home/njoy/ROS/rover_ws/install/py_pubsub/lib/python3.12/site-packages:${PYTHONPATH} /usr/bin/python3 -W ignore:setup.py install is deprecated -W ignore:easy_install command is deprecated setup.py develop --editable --build-directory /home/njoy/ROS/rover_ws/build/py_pubsub/build --no-deps symlink_data --force
