[1.305s] Invoking command in '/home/njoy/ROS/rover_ws/src/build/py_pubsub': DEBUGINFOD_URLS=ima:enforcing https://debuginfod.fedoraproject.org/ ima:ignore PS1=📦[\u@rover-dev-container \W]$ PYTHONPATH=/home/njoy/ROS/rover_ws/src/build/py_pubsub/prefix_override:/usr/lib/python3/dist-packages/colcon_core/task/python/colcon_distutils_commands:/home/njoy/ROS/rover_ws/src/install/py_pubsub/lib/python3.12/site-packages:${PYTHONPATH} /usr/bin/python3 -W ignore:setup.py install is deprecated -W ignore:easy_install command is deprecated setup.py develop --editable --build-directory /home/njoy/ROS/rover_ws/src/build/py_pubsub/build --no-deps symlink_data
[1.701s] running develop
[1.943s] running egg_info
[1.944s] creating py_pubsub.egg-info
[1.966s] writing py_pubsub.egg-info/PKG-INFO
[1.966s] writing dependency_links to py_pubsub.egg-info/dependency_links.txt
[1.966s] writing entry points to py_pubsub.egg-info/entry_points.txt
[1.966s] writing requirements to py_pubsub.egg-info/requires.txt
[1.966s] writing top-level names to py_pubsub.egg-info/top_level.txt
[1.966s] writing manifest file 'py_pubsub.egg-info/SOURCES.txt'
[2.011s] reading manifest file 'py_pubsub.egg-info/SOURCES.txt'
[2.011s] writing manifest file 'py_pubsub.egg-info/SOURCES.txt'
[2.039s] running build_ext
[2.039s] Creating /home/njoy/ROS/rover_ws/src/install/py_pubsub/lib/python3.12/site-packages/py-pubsub.egg-link (link to .)
[2.040s] Installing listener script to /home/njoy/ROS/rover_ws/src/install/py_pubsub/lib/py_pubsub
[2.040s] Installing talker script to /home/njoy/ROS/rover_ws/src/install/py_pubsub/lib/py_pubsub
[2.040s] 
[2.040s] Installed /home/njoy/ROS/rover_ws/src/build/py_pubsub
[2.040s] running symlink_data
[2.041s] creating /home/njoy/ROS/rover_ws/src/install/py_pubsub/share/ament_index
[2.041s] creating /home/njoy/ROS/rover_ws/src/install/py_pubsub/share/ament_index/resource_index
[2.041s] creating /home/njoy/ROS/rover_ws/src/install/py_pubsub/share/ament_index/resource_index/packages
[2.041s] symbolically linking /home/njoy/ROS/rover_ws/src/build/py_pubsub/resource/py_pubsub -> /home/njoy/ROS/rover_ws/src/install/py_pubsub/share/ament_index/resource_index/packages
[2.041s] symbolically linking /home/njoy/ROS/rover_ws/src/build/py_pubsub/package.xml -> /home/njoy/ROS/rover_ws/src/install/py_pubsub/share/py_pubsub
[2.135s] Invoked command in '/home/njoy/ROS/rover_ws/src/build/py_pubsub' returned '0': DEBUGINFOD_URLS=ima:enforcing https://debuginfod.fedoraproject.org/ ima:ignore PS1=📦[\u@rover-dev-container \W]$ PYTHONPATH=/home/njoy/ROS/rover_ws/src/build/py_pubsub/prefix_override:/usr/lib/python3/dist-packages/colcon_core/task/python/colcon_distutils_commands:/home/njoy/ROS/rover_ws/src/install/py_pubsub/lib/python3.12/site-packages:${PYTHONPATH} /usr/bin/python3 -W ignore:setup.py install is deprecated -W ignore:easy_install command is deprecated setup.py develop --editable --build-directory /home/njoy/ROS/rover_ws/src/build/py_pubsub/build --no-deps symlink_data
