[0.129s] DEBUG:colcon:Command line arguments: ['/usr/bin/colcon', 'build', '--packages-select', 'robot_experiments/']
[0.129s] DEBUG:colcon:Parsed command line arguments: Namespace(log_base=None, log_level=None, verb_name='build', build_base='build', install_base='install', merge_install=False, symlink_install=False, test_result_base=None, continue_on_error=False, executor='parallel', parallel_workers=16, event_handlers=None, ignore_user_meta=False, metas=['./colcon.meta'], base_paths=['.'], packages_ignore=None, packages_ignore_regex=None, paths=None, packages_up_to=None, packages_up_to_regex=None, packages_above=None, packages_above_and_dependencies=None, packages_above_depth=None, packages_select_by_dep=None, packages_skip_by_dep=None, packages_skip_up_to=None, packages_select_build_failed=False, packages_skip_build_finished=False, packages_select_test_failures=False, packages_skip_test_passed=False, packages_select=['robot_experiments/'], packages_skip=None, packages_select_regex=None, packages_skip_regex=None, packages_start=None, packages_end=None, allow_overriding=[], cmake_args=None, cmake_target=None, cmake_target_skip_unavailable=False, cmake_clean_cache=False, cmake_clean_first=False, cmake_force_configure=False, ament_cmake_args=None, catkin_cmake_args=None, catkin_skip_building_tests=False, verb_parser=<colcon_defaults.argument_parser.defaults.DefaultArgumentsDecorator object at 0x7f608f99c080>, verb_extension=<colcon_core.verb.build.BuildVerb object at 0x7f608fb14620>, main=<bound method BuildVerb.main of <colcon_core.verb.build.BuildVerb object at 0x7f608fb14620>>)
[0.175s] Level 1:colcon.colcon_core.package_discovery:discover_packages(colcon_meta) check parameters
[0.175s] Level 1:colcon.colcon_core.package_discovery:discover_packages(recursive) check parameters
[0.175s] Level 1:colcon.colcon_core.package_discovery:discover_packages(ignore) check parameters
[0.175s] Level 1:colcon.colcon_core.package_discovery:discover_packages(path) check parameters
[0.175s] Level 1:colcon.colcon_core.package_discovery:discover_packages(colcon_meta) discover
[0.175s] Level 1:colcon.colcon_core.package_discovery:discover_packages(recursive) discover
[0.175s] INFO:colcon.colcon_core.package_discovery:Crawling recursively for packages in '/home/njoy/ROS/rover_ws/src'
[0.175s] Level 1:colcon.colcon_core.package_identification:_identify(.) by extensions ['ignore', 'ignore_ament_install']
[0.175s] Level 1:colcon.colcon_core.package_identification:_identify(.) by extension 'ignore'
[0.175s] Level 1:colcon.colcon_core.package_identification:_identify(.) by extension 'ignore_ament_install'
[0.175s] Level 1:colcon.colcon_core.package_identification:_identify(.) by extensions ['colcon_pkg']
[0.175s] Level 1:colcon.colcon_core.package_identification:_identify(.) by extension 'colcon_pkg'
[0.175s] Level 1:colcon.colcon_core.package_identification:_identify(.) by extensions ['colcon_meta']
[0.175s] Level 1:colcon.colcon_core.package_identification:_identify(.) by extension 'colcon_meta'
[0.175s] Level 1:colcon.colcon_core.package_identification:_identify(.) by extensions ['ros']
[0.175s] Level 1:colcon.colcon_core.package_identification:_identify(.) by extension 'ros'
[0.204s] Level 1:colcon.colcon_core.package_identification:_identify(.) by extensions ['cmake', 'python']
[0.204s] Level 1:colcon.colcon_core.package_identification:_identify(.) by extension 'cmake'
[0.204s] Level 1:colcon.colcon_core.package_identification:_identify(.) by extension 'python'
[0.204s] Level 1:colcon.colcon_core.package_identification:_identify(.) by extensions ['python_setup_py']
[0.204s] Level 1:colcon.colcon_core.package_identification:_identify(.) by extension 'python_setup_py'
[0.204s] Level 1:colcon.colcon_core.package_identification:_identify(build) by extensions ['ignore', 'ignore_ament_install']
[0.204s] Level 1:colcon.colcon_core.package_identification:_identify(build) by extension 'ignore'
[0.204s] Level 1:colcon.colcon_core.package_identification:_identify(build) ignored
[0.204s] Level 1:colcon.colcon_core.package_identification:_identify(install) by extensions ['ignore', 'ignore_ament_install']
[0.204s] Level 1:colcon.colcon_core.package_identification:_identify(install) by extension 'ignore'
[0.205s] Level 1:colcon.colcon_core.package_identification:_identify(install) ignored
[0.205s] Level 1:colcon.colcon_core.package_identification:_identify(log) by extensions ['ignore', 'ignore_ament_install']
[0.205s] Level 1:colcon.colcon_core.package_identification:_identify(log) by extension 'ignore'
[0.205s] Level 1:colcon.colcon_core.package_identification:_identify(log) ignored
[0.205s] Level 1:colcon.colcon_core.package_identification:_identify(py_pubsub) by extensions ['ignore', 'ignore_ament_install']
[0.205s] Level 1:colcon.colcon_core.package_identification:_identify(py_pubsub) by extension 'ignore'
[0.205s] Level 1:colcon.colcon_core.package_identification:_identify(py_pubsub) by extension 'ignore_ament_install'
[0.205s] Level 1:colcon.colcon_core.package_identification:_identify(py_pubsub) by extensions ['colcon_pkg']
[0.205s] Level 1:colcon.colcon_core.package_identification:_identify(py_pubsub) by extension 'colcon_pkg'
[0.205s] Level 1:colcon.colcon_core.package_identification:_identify(py_pubsub) by extensions ['colcon_meta']
[0.205s] Level 1:colcon.colcon_core.package_identification:_identify(py_pubsub) by extension 'colcon_meta'
[0.205s] Level 1:colcon.colcon_core.package_identification:_identify(py_pubsub) by extensions ['ros']
[0.205s] Level 1:colcon.colcon_core.package_identification:_identify(py_pubsub) by extension 'ros'
[0.208s] DEBUG:colcon.colcon_core.package_identification:Package 'py_pubsub' with type 'ros.ament_python' and name 'py_pubsub'
[0.208s] Level 1:colcon.colcon_core.package_identification:_identify(robot_experiments) by extensions ['ignore', 'ignore_ament_install']
[0.208s] Level 1:colcon.colcon_core.package_identification:_identify(robot_experiments) by extension 'ignore'
[0.208s] Level 1:colcon.colcon_core.package_identification:_identify(robot_experiments) by extension 'ignore_ament_install'
[0.208s] Level 1:colcon.colcon_core.package_identification:_identify(robot_experiments) by extensions ['colcon_pkg']
[0.208s] Level 1:colcon.colcon_core.package_identification:_identify(robot_experiments) by extension 'colcon_pkg'
[0.208s] Level 1:colcon.colcon_core.package_identification:_identify(robot_experiments) by extensions ['colcon_meta']
[0.208s] Level 1:colcon.colcon_core.package_identification:_identify(robot_experiments) by extension 'colcon_meta'
[0.208s] Level 1:colcon.colcon_core.package_identification:_identify(robot_experiments) by extensions ['ros']
[0.208s] Level 1:colcon.colcon_core.package_identification:_identify(robot_experiments) by extension 'ros'
[0.209s] DEBUG:colcon.colcon_core.package_identification:Package 'robot_experiments' with type 'ros.ament_python' and name 'robot_experiments'
[0.209s] Level 1:colcon.colcon_core.package_discovery:discover_packages(recursive) using defaults
[0.209s] Level 1:colcon.colcon_core.package_discovery:discover_packages(ignore) discover
[0.209s] Level 1:colcon.colcon_core.package_discovery:discover_packages(ignore) using defaults
[0.209s] Level 1:colcon.colcon_core.package_discovery:discover_packages(path) discover
[0.209s] Level 1:colcon.colcon_core.package_discovery:discover_packages(path) using defaults
[0.209s] WARNING:colcon.colcon_core.package_selection:ignoring unknown package 'robot_experiments/' in --packages-select
[0.230s] INFO:colcon.colcon_core.package_selection:Skipping not selected package 'py_pubsub' in 'py_pubsub'
[0.230s] INFO:colcon.colcon_core.package_selection:Skipping not selected package 'robot_experiments' in 'robot_experiments'
[0.231s] Level 1:colcon.colcon_core.package_discovery:discover_packages(prefix_path) check parameters
[0.231s] Level 1:colcon.colcon_core.package_discovery:discover_packages(prefix_path) discover
[0.232s] WARNING:colcon.colcon_ros.prefix_path.ament:The path '/home/njoy/ROS/rover_ws/install/rover_experiments' in the environment variable AMENT_PREFIX_PATH doesn't exist
[0.234s] DEBUG:colcon.colcon_installed_package_information.package_discovery:Found 2 installed packages in /home/njoy/ROS/rover_ws/src/install
[0.235s] DEBUG:colcon.colcon_installed_package_information.package_discovery:Found 2 installed packages in /home/njoy/ROS/rover_ws/install
[0.236s] DEBUG:colcon.colcon_installed_package_information.package_discovery:Found 15 installed packages in /home/njoy/ROS/turtlebot3_ws/install
[0.239s] DEBUG:colcon.colcon_installed_package_information.package_discovery:Found 386 installed packages in /opt/ros/jazzy
[0.240s] Level 1:colcon.colcon_core.package_discovery:discover_packages(prefix_path) using defaults
[0.305s] INFO:colcon.colcon_core.executor:Executing jobs using 'parallel' executor
[0.306s] DEBUG:colcon.colcon_parallel_executor.executor.parallel:run_until_complete
[0.306s] DEBUG:colcon.colcon_parallel_executor.executor.parallel:closing loop
[0.307s] DEBUG:colcon.colcon_parallel_executor.executor.parallel:loop closed
[0.307s] DEBUG:colcon.colcon_parallel_executor.executor.parallel:run_until_complete finished with '0'
[0.307s] DEBUG:colcon.colcon_core.event_reactor:joining thread
[0.313s] INFO:colcon.colcon_core.plugin_system:Skipping extension 'colcon_notification.desktop_notification.notify_send': Could not find 'notify-send'
[0.313s] INFO:colcon.colcon_core.plugin_system:Skipping extension 'colcon_notification.desktop_notification.terminal_notifier': Not used on non-Darwin systems
[0.313s] INFO:colcon.colcon_core.plugin_system:Skipping extension 'colcon_notification.desktop_notification.win32': Not used on non-Windows systems
[0.313s] INFO:colcon.colcon_notification.desktop_notification:Sending desktop notification using 'notify2'
[0.334s] DEBUG:colcon.colcon_core.event_reactor:joined thread
[0.337s] INFO:colcon.colcon_core.plugin_system:Skipping extension 'colcon_core.shell.bat': Not used on non-Windows systems
[0.338s] INFO:colcon.colcon_core.shell:Creating prefix script '/home/njoy/ROS/rover_ws/src/install/local_setup.ps1'
[0.339s] INFO:colcon.colcon_core.shell:Creating prefix util module '/home/njoy/ROS/rover_ws/src/install/_local_setup_util_ps1.py'
[0.340s] INFO:colcon.colcon_core.shell:Creating prefix chain script '/home/njoy/ROS/rover_ws/src/install/setup.ps1'
[0.342s] INFO:colcon.colcon_core.shell:Creating prefix script '/home/njoy/ROS/rover_ws/src/install/local_setup.sh'
[0.343s] INFO:colcon.colcon_core.shell:Creating prefix util module '/home/njoy/ROS/rover_ws/src/install/_local_setup_util_sh.py'
[0.344s] INFO:colcon.colcon_core.shell:Creating prefix chain script '/home/njoy/ROS/rover_ws/src/install/setup.sh'
[0.346s] INFO:colcon.colcon_core.shell:Creating prefix script '/home/njoy/ROS/rover_ws/src/install/local_setup.bash'
[0.347s] INFO:colcon.colcon_core.shell:Creating prefix chain script '/home/njoy/ROS/rover_ws/src/install/setup.bash'
[0.350s] INFO:colcon.colcon_core.shell:Creating prefix script '/home/njoy/ROS/rover_ws/src/install/local_setup.zsh'
[0.350s] INFO:colcon.colcon_core.shell:Creating prefix chain script '/home/njoy/ROS/rover_ws/src/install/setup.zsh'
