[0.040s] Invoking command in '/home/njoy/rover-simulation/turtlebot3_ws/build/dynamixel_sdk_custom_interfaces': CMAKE_PREFIX_PATH=${CMAKE_PREFIX_PATH}:/home/njoy/rover-simulation/turtlebot3_ws/install/turtlebot3_teleop:/home/njoy/rover-simulation/turtlebot3_ws/install/turtlebot3_example:/opt/ros/jazzy DEBUGINFOD_URLS=ima:enforcing https://debuginfod.fedoraproject.org/ ima:ignore PS1=📦[\u@rover-dev-container \W]$ /usr/bin/cmake --build /home/njoy/rover-simulation/turtlebot3_ws/build/dynamixel_sdk_custom_interfaces -- -j16 -l16
[0.113s] [  2%] Built target dynamixel_sdk_custom_interfaces__rosidl_generator_type_description
[0.115s] [  4%] Built target dynamixel_sdk_custom_interfaces__rs
[0.129s] [  4%] Built target ament_cmake_python_symlink_dynamixel_sdk_custom_interfaces
[0.145s] [  6%] Built target dynamixel_sdk_custom_interfaces__cpp
[0.151s] [ 24%] Built target dynamixel_sdk_custom_interfaces__rosidl_generator_c
[0.200s] [ 33%] Built target dynamixel_sdk_custom_interfaces__rosidl_typesupport_introspection_cpp
[0.200s] [ 51%] Built target dynamixel_sdk_custom_interfaces__rosidl_typesupport_cpp
[0.200s] [ 51%] Built target dynamixel_sdk_custom_interfaces__rosidl_typesupport_fastrtps_cpp
[0.202s] [ 60%] Built target dynamixel_sdk_custom_interfaces__rosidl_typesupport_introspection_c
[0.203s] [ 77%] Built target dynamixel_sdk_custom_interfaces__rosidl_typesupport_c
[0.206s] [ 77%] Built target dynamixel_sdk_custom_interfaces__rosidl_typesupport_fastrtps_c
[0.236s] [ 77%] Built target dynamixel_sdk_custom_interfaces
[0.261s] [ 80%] Built target dynamixel_sdk_custom_interfaces__py
[0.288s] [ 86%] Built target dynamixel_sdk_custom_interfaces__rosidl_generator_py
[0.319s] [ 91%] Built target dynamixel_sdk_custom_interfaces_s__rosidl_typesupport_fastrtps_c
[0.322s] [ 95%] Built target dynamixel_sdk_custom_interfaces_s__rosidl_typesupport_introspection_c
[0.326s] [100%] Built target dynamixel_sdk_custom_interfaces_s__rosidl_typesupport_c
[0.403s] running egg_info
[0.427s] writing dynamixel_sdk_custom_interfaces.egg-info/PKG-INFO
[0.427s] writing dependency_links to dynamixel_sdk_custom_interfaces.egg-info/dependency_links.txt
[0.428s] writing top-level names to dynamixel_sdk_custom_interfaces.egg-info/top_level.txt
[0.490s] reading manifest file 'dynamixel_sdk_custom_interfaces.egg-info/SOURCES.txt'
[0.491s] writing manifest file 'dynamixel_sdk_custom_interfaces.egg-info/SOURCES.txt'
[0.535s] [100%] Built target ament_cmake_python_build_dynamixel_sdk_custom_interfaces_egg
