[1.304s] Invoking command in '/home/njoy/ROS/rover_ws/src/build/robot_experiments': DEBUGINFOD_URLS=ima:enforcing https://debuginfod.fedoraproject.org/ ima:ignore PS1=📦[\u@rover-dev-container \W]$ PYTHONPATH=/home/njoy/ROS/rover_ws/src/build/robot_experiments/prefix_override:/usr/lib/python3/dist-packages/colcon_core/task/python/colcon_distutils_commands:/home/njoy/ROS/rover_ws/src/install/robot_experiments/lib/python3.12/site-packages:${PYTHONPATH} /usr/bin/python3 -W ignore:setup.py install is deprecated -W ignore:easy_install command is deprecated setup.py develop --editable --build-directory /home/njoy/ROS/rover_ws/src/build/robot_experiments/build --no-deps symlink_data --force
[1.691s] running develop
[1.932s] running egg_info
[1.953s] writing robot_experiments.egg-info/PKG-INFO
[1.953s] writing dependency_links to robot_experiments.egg-info/dependency_links.txt
[1.954s] writing entry points to robot_experiments.egg-info/entry_points.txt
[1.954s] writing requirements to robot_experiments.egg-info/requires.txt
[1.954s] writing top-level names to robot_experiments.egg-info/top_level.txt
[1.997s] reading manifest file 'robot_experiments.egg-info/SOURCES.txt'
[1.998s] writing manifest file 'robot_experiments.egg-info/SOURCES.txt'
[2.024s] running build_ext
[2.025s] Creating /home/njoy/ROS/rover_ws/src/install/robot_experiments/lib/python3.12/site-packages/robot-experiments.egg-link (link to .)
[2.026s] Installing detector script to /home/njoy/ROS/rover_ws/src/install/robot_experiments/lib/robot_experiments
[2.026s] Installing navigation script to /home/njoy/ROS/rover_ws/src/install/robot_experiments/lib/robot_experiments
[2.026s] Installing odometry script to /home/njoy/ROS/rover_ws/src/install/robot_experiments/lib/robot_experiments
[2.026s] 
[2.026s] Installed /home/njoy/ROS/rover_ws/src/build/robot_experiments
[2.026s] running symlink_data
[2.026s] symbolically linking /home/njoy/ROS/rover_ws/src/build/robot_experiments/resource/robot_experiments -> /home/njoy/ROS/rover_ws/src/install/robot_experiments/share/ament_index/resource_index/packages
[2.026s] symbolically linking /home/njoy/ROS/rover_ws/src/build/robot_experiments/package.xml -> /home/njoy/ROS/rover_ws/src/install/robot_experiments/share/robot_experiments
[2.108s] Invoked command in '/home/njoy/ROS/rover_ws/src/build/robot_experiments' returned '0': DEBUGINFOD_URLS=ima:enforcing https://debuginfod.fedoraproject.org/ ima:ignore PS1=📦[\u@rover-dev-container \W]$ PYTHONPATH=/home/njoy/ROS/rover_ws/src/build/robot_experiments/prefix_override:/usr/lib/python3/dist-packages/colcon_core/task/python/colcon_distutils_commands:/home/njoy/ROS/rover_ws/src/install/robot_experiments/lib/python3.12/site-packages:${PYTHONPATH} /usr/bin/python3 -W ignore:setup.py install is deprecated -W ignore:easy_install command is deprecated setup.py develop --editable --build-directory /home/njoy/ROS/rover_ws/src/build/robot_experiments/build --no-deps symlink_data --force
