[1.013s] Invoking command in '/home/njoy/ROS/rover_ws/src/rover_experiments': DEBUGINFOD_URLS=ima:enforcing https://debuginfod.fedoraproject.org/ ima:ignore PS1=📦[\u@rover-dev-container \W]$ PYTHONPATH=/home/njoy/ROS/rover_ws/build/rover_experiments/prefix_override:/usr/lib/python3/dist-packages/colcon_core/task/python/colcon_distutils_commands:/home/njoy/ROS/rover_ws/install/rover_experiments/lib/python3.12/site-packages:${PYTHONPATH} /usr/bin/python3 -W ignore:setup.py install is deprecated -W ignore:easy_install command is deprecated setup.py egg_info --egg-base ../../build/rover_experiments build --build-base /home/njoy/ROS/rover_ws/build/rover_experiments/build install --record /home/njoy/ROS/rover_ws/build/rover_experiments/install.log --single-version-externally-managed install_data
[1.307s] running egg_info
[1.329s] writing ../../build/rover_experiments/rover_experiments.egg-info/PKG-INFO
[1.329s] writing dependency_links to ../../build/rover_experiments/rover_experiments.egg-info/dependency_links.txt
[1.329s] writing entry points to ../../build/rover_experiments/rover_experiments.egg-info/entry_points.txt
[1.330s] writing requirements to ../../build/rover_experiments/rover_experiments.egg-info/requires.txt
[1.330s] writing top-level names to ../../build/rover_experiments/rover_experiments.egg-info/top_level.txt
[1.370s] reading manifest file '../../build/rover_experiments/rover_experiments.egg-info/SOURCES.txt'
[1.370s] adding license file 'LICENSE'
[1.370s] writing manifest file '../../build/rover_experiments/rover_experiments.egg-info/SOURCES.txt'
[1.371s] running build
[1.371s] running build_py
[1.371s] copying rover_experiments/odom_drive.py -> /home/njoy/ROS/rover_ws/build/rover_experiments/build/lib/rover_experiments
[1.371s] running install
[1.377s] running install_lib
[1.401s] copying /home/njoy/ROS/rover_ws/build/rover_experiments/build/lib/rover_experiments/odom_drive.py -> /home/njoy/ROS/rover_ws/install/rover_experiments/lib/python3.12/site-packages/rover_experiments
[1.401s] byte-compiling /home/njoy/ROS/rover_ws/install/rover_experiments/lib/python3.12/site-packages/rover_experiments/odom_drive.py to odom_drive.cpython-312.pyc
[1.402s] running install_data
[1.402s] running install_egg_info
[1.427s] removing '/home/njoy/ROS/rover_ws/install/rover_experiments/lib/python3.12/site-packages/rover_experiments-0.0.0-py3.12.egg-info' (and everything under it)
[1.427s] Copying ../../build/rover_experiments/rover_experiments.egg-info to /home/njoy/ROS/rover_ws/install/rover_experiments/lib/python3.12/site-packages/rover_experiments-0.0.0-py3.12.egg-info
[1.428s] running install_scripts
[1.585s] Installing detector script to /home/njoy/ROS/rover_ws/install/rover_experiments/lib/rover_experiments
[1.586s] Installing odometry script to /home/njoy/ROS/rover_ws/install/rover_experiments/lib/rover_experiments
[1.586s] writing list of installed files to '/home/njoy/ROS/rover_ws/build/rover_experiments/install.log'
[1.660s] Invoked command in '/home/njoy/ROS/rover_ws/src/rover_experiments' returned '0': DEBUGINFOD_URLS=ima:enforcing https://debuginfod.fedoraproject.org/ ima:ignore PS1=📦[\u@rover-dev-container \W]$ PYTHONPATH=/home/njoy/ROS/rover_ws/build/rover_experiments/prefix_override:/usr/lib/python3/dist-packages/colcon_core/task/python/colcon_distutils_commands:/home/njoy/ROS/rover_ws/install/rover_experiments/lib/python3.12/site-packages:${PYTHONPATH} /usr/bin/python3 -W ignore:setup.py install is deprecated -W ignore:easy_install command is deprecated setup.py egg_info --egg-base ../../build/rover_experiments build --build-base /home/njoy/ROS/rover_ws/build/rover_experiments/build install --record /home/njoy/ROS/rover_ws/build/rover_experiments/install.log --single-version-externally-managed install_data
