[0.026s] Invoking command in '/home/njoy/rover-simulation/turtlebot3_ws/build/turtlebot3_gazebo': CMAKE_PREFIX_PATH=${CMAKE_PREFIX_PATH}:/home/njoy/rover-simulation/turtlebot3_ws/install/turtlebot3_teleop:/home/njoy/rover-simulation/turtlebot3_ws/install/turtlebot3_example:/opt/ros/jazzy DEBUGINFOD_URLS=ima:enforcing https://debuginfod.fedoraproject.org/ ima:ignore PS1=📦[\u@rover-dev-container \W]$ /usr/bin/cmake /home/njoy/rover-simulation/turtlebot3_ws/src/turtlebot3_simulations/turtlebot3_gazebo -DAMENT_CMAKE_SYMLINK_INSTALL=1 -DCMAKE_INSTALL_PREFIX=/home/njoy/rover-simulation/turtlebot3_ws/install/turtlebot3_gazebo
[0.045s] -- Found ament_cmake: 2.5.6 (/opt/ros/jazzy/share/ament_cmake/cmake)
[0.349s] -- Override CMake install command with custom implementation using symlinks instead of copying resources
[0.366s] -- Found ros_gz_sim: 1.0.22 (/opt/ros/jazzy/share/ros_gz_sim/cmake)
[0.455s] -- Found rosidl_generator_c: 4.6.9 (/opt/ros/jazzy/share/rosidl_generator_c/cmake)
[0.480s] -- Found rosidl_generator_cpp: 4.6.9 (/opt/ros/jazzy/share/rosidl_generator_cpp/cmake)
[0.512s] -- Using all available rosidl_typesupport_c: rosidl_typesupport_fastrtps_c;rosidl_typesupport_introspection_c
[0.545s] -- Using all available rosidl_typesupport_cpp: rosidl_typesupport_fastrtps_cpp;rosidl_typesupport_introspection_cpp
[0.655s] -- Found rmw_implementation_cmake: 7.3.3 (/opt/ros/jazzy/share/rmw_implementation_cmake/cmake)
[0.662s] -- Found rmw_fastrtps_cpp: 8.4.4 (/opt/ros/jazzy/share/rmw_fastrtps_cpp/cmake)
[0.771s] -- Found OpenSSL: /usr/lib/x86_64-linux-gnu/libcrypto.so (found version "3.0.13")  
[0.794s] -- Found FastRTPS: /opt/ros/jazzy/include (Required is at least version "2.13") 
[0.816s] -- Using RMW implementation 'rmw_fastrtps_cpp' as default
[1.149s] -- Found nav_msgs: 5.3.8 (/opt/ros/jazzy/share/nav_msgs/cmake)
[1.180s] -- Found sensor_msgs: 5.3.8 (/opt/ros/jazzy/share/sensor_msgs/cmake)
[1.209s] -- Found gz_math_vendor: 0.0.9 (/opt/ros/jazzy/share/gz_math_vendor/cmake)
[1.231s] -- Looking for gz-math7 -- found version 7.6.0
[1.242s] -- Searching for dependencies of gz-math7
[1.245s] -- Looking for gz-utils2 -- found version 2.2.1
[1.246s] -- Searching for dependencies of gz-utils2
[1.252s] -- Found gz_sim_vendor: 0.0.10 (/opt/ros/jazzy/share/gz_sim_vendor/cmake)
[1.362s] -- Looking for gz-sim8 -- found version 8.15.0
[1.362s] -- Searching for dependencies of gz-sim8
[1.372s] -- Looking for sdformat14 -- found version 14.9.0
[1.372s] -- Searching for dependencies of sdformat14
[1.380s] -- Checking for module 'tinyxml2'
[1.405s] --   Found tinyxml2, version 10.0.0
[1.452s] -- Looking for gz-math7 -- found version 7.6.0
[1.452s] -- Looking for gz-utils2 -- found version 2.2.1
[1.452s] -- Searching for dependencies of gz-utils2
[1.452s] -- Searching for <gz-utils2> component [cli]
[1.458s] -- Looking for gz-utils2-cli -- found version 2.2.1
[1.458s] -- Searching for dependencies of gz-utils2-cli
[1.469s] -- Looking for gz-plugin2 -- found version 2.0.4
[1.469s] -- Searching for dependencies of gz-plugin2
[1.469s] -- Looking for gz-utils2 -- found version 2.2.1
[1.470s] -- Searching for <gz-plugin2> component [loader]
[1.480s] -- Looking for gz-plugin2-loader -- found version 2.0.4
[1.480s] -- Searching for dependencies of gz-plugin2-loader
[1.481s] -- Searching for <gz-plugin2> component [register]
[1.491s] -- Looking for gz-plugin2-register -- found version 2.0.4
[1.491s] -- Searching for dependencies of gz-plugin2-register
[1.502s] -- Looking for gz-transport13 -- found version 13.5.0
[1.502s] -- Searching for dependencies of gz-transport13
[1.669s] -- Found Protobuf: /usr/lib/x86_64-linux-gnu/libprotobuf.so (found version "3.21.12") 
[1.694s] -- Config-file not installed for ZeroMQ -- checking for pkg-config
[1.701s] -- Checking for module 'libzmq >= 4'
[1.723s] --   Found libzmq, version 4.3.5
[1.775s] -- Found ZeroMQ: TRUE (Required is at least version "4") 
[1.783s] -- Checking for module 'uuid'
[1.803s] --   Found uuid, version 2.39.3
[1.850s] -- Found UUID: TRUE  
[1.850s] -- Looking for gz-utils2 -- found version 2.2.1
[1.867s] -- Looking for gz-msgs10 -- found version 10.4.0
[1.867s] -- Searching for dependencies of gz-msgs10
[1.903s] -- Looking for gz-utils2 -- found version 2.2.1
[1.904s] -- Looking for gz-math7 -- found version 7.6.0
[1.915s] -- Searching for <gz-transport13> component [log]
[1.923s] -- Looking for gz-transport13-log -- found version 13.5.0
[1.923s] -- Searching for dependencies of gz-transport13-log
[1.924s] -- Searching for <gz-transport13> component [parameters]
[1.934s] -- Looking for gz-transport13-parameters -- found version 13.5.0
[1.934s] -- Searching for dependencies of gz-transport13-parameters
[1.936s] -- Looking for gz-msgs10 -- found version 10.4.0
[1.945s] -- Looking for gz-common5 -- found version 5.8.0
[1.945s] -- Searching for dependencies of gz-common5
[1.946s] -- Looking for gz-utils2 -- found version 2.2.1
[1.947s] -- Looking for dlfcn.h - found
[1.948s] -- Looking for libdl - found
[1.949s] -- Found DL: TRUE  
[1.958s] -- Searching for <gz-common5> component [av]
[1.968s] -- Looking for gz-common5-av -- found version 5.8.0
[1.968s] -- Searching for dependencies of gz-common5-av
[1.974s] -- Checking for module 'libswscale'
[1.995s] --   Found libswscale, version 7.5.100
[2.039s] -- Found SWSCALE: TRUE  
[2.045s] -- Checking for module 'libavdevice >= 56.4.100'
[2.066s] --   Found libavdevice, version 60.3.100
[2.123s] -- Found AVDEVICE: TRUE (Required is at least version "56.4.100") 
[2.128s] -- Checking for module 'libavformat'
[2.147s] --   Found libavformat, version 60.16.100
[2.194s] -- Found AVFORMAT: TRUE  
[2.201s] -- Checking for module 'libavcodec'
[2.220s] --   Found libavcodec, version 60.31.102
[2.264s] -- Found AVCODEC: TRUE  
[2.270s] -- Checking for module 'libavutil'
[2.291s] --   Found libavutil, version 58.29.100
[2.334s] -- Found AVUTIL: TRUE  
[2.336s] -- Searching for <gz-common5> component [events]
[2.345s] -- Looking for gz-common5-events -- found version 5.8.0
[2.345s] -- Searching for dependencies of gz-common5-events
[2.346s] -- Looking for gz-math7 -- found version 7.6.0
[2.347s] -- Searching for <gz-common5> component [graphics]
[2.356s] -- Looking for gz-common5-graphics -- found version 5.8.0
[2.356s] -- Searching for dependencies of gz-common5-graphics
[2.356s] -- Looking for gz-math7 -- found version 7.6.0
[2.366s] -- Found GzAssimp: TRUE (found version "5.3.0") 
[2.367s] -- Searching for <gz-common5> component [io]
[2.376s] -- Looking for gz-common5-io -- found version 5.8.0
[2.376s] -- Searching for dependencies of gz-common5-io
[2.376s] -- Searching for <gz-common5> component [profiler]
[2.386s] -- Looking for gz-common5-profiler -- found version 5.8.0
[2.386s] -- Searching for dependencies of gz-common5-profiler
[2.396s] -- Looking for gz-fuel_tools9 -- found version 9.1.1
[2.396s] -- Searching for dependencies of gz-fuel_tools9
[2.511s] -- Found CURL: /usr/lib/x86_64-linux-gnu/libcurl.so (found version "8.5.0")  
[2.538s] -- Checking for module 'jsoncpp'
[2.558s] --   Found jsoncpp, version 1.9.5
[2.599s] -- Found JSONCPP: TRUE  
[2.631s] -- Checking for module 'yaml-0.1'
[2.649s] --   Found yaml-0.1, version 0.2.5
[2.688s] -- Found YAML: TRUE  
[2.694s] -- Checking for module 'libzip'
[2.713s] --   Found libzip, version 1.7.3
[2.753s] -- Found ZIP: TRUE  
[2.753s] -- Looking for gz-utils2 -- found version 2.2.1
[2.753s] -- Looking for gz-common5 -- found version 5.8.0
[2.754s] -- Searching for dependencies of gz-common5
[2.754s] -- Looking for gz-utils2 -- found version 2.2.1
[2.754s] -- Looking for dlfcn.h - found
[2.754s] -- Looking for libdl - found
[2.763s] -- Searching for <gz-common5> component [testing]
[2.772s] -- Looking for gz-common5-testing -- found version 5.8.0
[2.772s] -- Searching for dependencies of gz-common5-testing
[2.773s] -- Looking for gz-math7 -- found version 7.6.0
[2.773s] -- Looking for gz-msgs10 -- found version 10.4.0
[2.782s] -- Looking for gz-gui8 -- found version 8.4.0
[2.783s] -- Searching for dependencies of gz-gui8
[2.819s] -- Looking for gz-utils2 -- found version 2.2.1
[2.819s] -- Looking for gz-math7 -- found version 7.6.0
[2.820s] -- Looking for gz-common5 -- found version 5.8.0
[2.820s] -- Looking for gz-plugin2 -- found version 2.0.4
[2.821s] -- Looking for gz-transport13 -- found version 13.5.0
[2.830s] -- Looking for gz-rendering8 -- found version 8.2.3
[2.830s] -- Searching for dependencies of gz-rendering8
[2.831s] -- Looking for gz-math7 -- found version 7.6.0
[2.831s] -- Searching for dependencies of gz-math7
[2.832s] -- Looking for gz-utils2 -- found version 2.2.1
[2.832s] -- Searching for <gz-math7> component [eigen3]
[2.837s] -- Looking for gz-math7-eigen3 -- found version 7.6.0
[2.837s] -- Searching for dependencies of gz-math7-eigen3
[2.854s] -- Looking for gz-common5 -- found version 5.8.0
[2.854s] -- Searching for dependencies of gz-common5
[2.854s] -- Looking for gz-utils2 -- found version 2.2.1
[2.855s] -- Looking for dlfcn.h - found
[2.855s] -- Looking for libdl - found
[2.862s] -- Searching for <gz-common5> component [graphics]
[2.862s] -- Searching for <gz-common5> component [events]
[2.862s] -- Searching for <gz-common5> component [geospatial]
[2.871s] -- Looking for gz-common5-geospatial -- found version 5.8.0
[2.871s] -- Searching for dependencies of gz-common5-geospatial
[2.871s] -- Looking for gz-math7 -- found version 7.6.0
[2.872s] -- Looking for gz-common5 -- found version 5.8.0
[2.873s] -- Looking for gz-plugin2 -- found version 2.0.4
[2.873s] -- Searching for dependencies of gz-plugin2
[2.873s] -- Looking for gz-utils2 -- found version 2.2.1
[2.874s] -- Searching for <gz-plugin2> component [all]
[2.882s] -- Looking for all libraries of gz-plugin2 -- found version 2.0.4
[2.883s] -- Looking for gz-plugin2 -- found version 2.0.4
[2.884s] -- Looking for gz-utils2 -- found version 2.2.1
[2.897s] -- Found OpenGL: /usr/lib/x86_64-linux-gnu/libOpenGL.so  found components: OpenGL 
[2.899s] -- Looking for gz-msgs10 -- found version 10.4.0
[2.951s] -- Looking for gz-physics7 -- found version 7.8.0
[2.951s] -- Searching for dependencies of gz-physics7
[2.951s] -- Looking for gz-common5 -- found version 5.8.0
[2.952s] -- Looking for gz-math7 -- found version 7.6.0
[2.952s] -- Looking for gz-plugin2 -- found version 2.0.4
[2.952s] -- Looking for gz-utils2 -- found version 2.2.1
[2.954s] -- Searching for <gz-physics7> component [heightmap]
[2.963s] -- Looking for gz-physics7-heightmap -- found version 7.8.0
[2.963s] -- Searching for dependencies of gz-physics7-heightmap
[2.963s] -- Looking for gz-common5 -- found version 5.8.0
[2.964s] -- Searching for <gz-physics7> component [mesh]
[2.972s] -- Looking for gz-physics7-mesh -- found version 7.8.0
[2.973s] -- Searching for dependencies of gz-physics7-mesh
[2.973s] -- Looking for gz-common5 -- found version 5.8.0
[2.974s] -- Searching for <gz-physics7> component [sdf]
[2.982s] -- Looking for gz-physics7-sdf -- found version 7.8.0
[2.982s] -- Searching for dependencies of gz-physics7-sdf
[2.983s] -- Looking for sdformat14 -- found version 14.9.0
[2.992s] -- Looking for gz-sensors8 -- found version 8.2.2
[2.993s] -- Searching for dependencies of gz-sensors8
[3.025s] -- Looking for gz-math7 -- found version 7.6.0
[3.025s] -- Looking for gz-common5 -- found version 5.8.0
[3.026s] -- Looking for gz-transport13 -- found version 13.5.0
[3.026s] -- Looking for gz-rendering8 -- found version 8.2.3
[3.027s] -- Looking for gz-msgs10 -- found version 10.4.0
[3.027s] -- Looking for sdformat14 -- found version 14.9.0
[3.028s] -- Searching for <gz-sensors8> component [air_pressure]
[3.036s] -- Looking for gz-sensors8-air_pressure -- found version 8.2.2
[3.036s] -- Searching for dependencies of gz-sensors8-air_pressure
[3.037s] -- Searching for <gz-sensors8> component [air_speed]
[3.046s] -- Looking for gz-sensors8-air_speed -- found version 8.2.2
[3.046s] -- Searching for dependencies of gz-sensors8-air_speed
[3.047s] -- Searching for <gz-sensors8> component [altimeter]
[3.055s] -- Looking for gz-sensors8-altimeter -- found version 8.2.2
[3.055s] -- Searching for dependencies of gz-sensors8-altimeter
[3.057s] -- Searching for <gz-sensors8> component [imu]
[3.067s] -- Looking for gz-sensors8-imu -- found version 8.2.2
[3.067s] -- Searching for dependencies of gz-sensors8-imu
[3.068s] -- Searching for <gz-sensors8> component [force_torque]
[3.076s] -- Looking for gz-sensors8-force_torque -- found version 8.2.2
[3.077s] -- Searching for dependencies of gz-sensors8-force_torque
[3.077s] -- Searching for <gz-sensors8> component [logical_camera]
[3.086s] -- Looking for gz-sensors8-logical_camera -- found version 8.2.2
[3.086s] -- Searching for dependencies of gz-sensors8-logical_camera
[3.086s] -- Searching for <gz-sensors8> component [magnetometer]
[3.095s] -- Looking for gz-sensors8-magnetometer -- found version 8.2.2
[3.095s] -- Searching for dependencies of gz-sensors8-magnetometer
[3.096s] -- Searching for <gz-sensors8> component [navsat]
[3.105s] -- Looking for gz-sensors8-navsat -- found version 8.2.2
[3.105s] -- Searching for dependencies of gz-sensors8-navsat
[3.106s] -- Searching for <gz-sensors8> component [dvl]
[3.114s] -- Looking for gz-sensors8-dvl -- found version 8.2.2
[3.114s] -- Searching for dependencies of gz-sensors8-dvl
[3.115s] -- Looking for gz-sensors8 -- found version 8.2.2
[3.115s] -- Searching for dependencies of gz-sensors8
[3.148s] -- Looking for gz-math7 -- found version 7.6.0
[3.148s] -- Looking for gz-common5 -- found version 5.8.0
[3.149s] -- Looking for gz-transport13 -- found version 13.5.0
[3.149s] -- Looking for gz-rendering8 -- found version 8.2.3
[3.150s] -- Looking for gz-msgs10 -- found version 10.4.0
[3.150s] -- Looking for sdformat14 -- found version 14.9.0
[3.150s] -- Searching for <gz-sensors8> component [rendering]
[3.159s] -- Looking for gz-sensors8-rendering -- found version 8.2.2
[3.159s] -- Searching for dependencies of gz-sensors8-rendering
[3.161s] -- Searching for <gz-sensors8> component [rendering]
[3.161s] -- Searching for <gz-sensors8> component [lidar]
[3.170s] -- Looking for gz-sensors8-lidar -- found version 8.2.2
[3.170s] -- Searching for dependencies of gz-sensors8-lidar
[3.170s] -- Looking for gz-sensors8 -- found version 8.2.2
[3.171s] -- Searching for <gz-sensors8> component [gpu_lidar]
[3.180s] -- Looking for gz-sensors8-gpu_lidar -- found version 8.2.2
[3.180s] -- Searching for dependencies of gz-sensors8-gpu_lidar
[3.180s] -- Looking for gz-sensors8 -- found version 8.2.2
[3.181s] -- Searching for <gz-sensors8> component [camera]
[3.189s] -- Looking for gz-sensors8-camera -- found version 8.2.2
[3.190s] -- Searching for dependencies of gz-sensors8-camera
[3.190s] -- Looking for gz-sensors8 -- found version 8.2.2
[3.191s] -- Searching for <gz-sensors8> component [boundingbox_camera]
[3.199s] -- Looking for gz-sensors8-boundingbox_camera -- found version 8.2.2
[3.200s] -- Searching for dependencies of gz-sensors8-boundingbox_camera
[3.200s] -- Searching for <gz-sensors8> component [segmentation_camera]
[3.209s] -- Looking for gz-sensors8-segmentation_camera -- found version 8.2.2
[3.209s] -- Searching for dependencies of gz-sensors8-segmentation_camera
[3.210s] -- Searching for <gz-sensors8> component [depth_camera]
[3.218s] -- Looking for gz-sensors8-depth_camera -- found version 8.2.2
[3.218s] -- Searching for dependencies of gz-sensors8-depth_camera
[3.218s] -- Looking for gz-sensors8 -- found version 8.2.2
[3.219s] -- Searching for <gz-sensors8> component [rgbd_camera]
[3.228s] -- Looking for gz-sensors8-rgbd_camera -- found version 8.2.2
[3.228s] -- Searching for dependencies of gz-sensors8-rgbd_camera
[3.228s] -- Looking for gz-sensors8 -- found version 8.2.2
[3.229s] -- Searching for <gz-sensors8> component [thermal_camera]
[3.237s] -- Looking for gz-sensors8-thermal_camera -- found version 8.2.2
[3.237s] -- Searching for dependencies of gz-sensors8-thermal_camera
[3.238s] -- Looking for gz-sensors8 -- found version 8.2.2
[3.238s] -- Searching for <gz-sensors8> component [wide_angle_camera]
[3.246s] -- Looking for gz-sensors8-wide_angle_camera -- found version 8.2.2
[3.247s] -- Searching for dependencies of gz-sensors8-wide_angle_camera
[3.248s] -- Looking for gz-rendering8 -- found version 8.2.3
[3.248s] -- Looking for gz-math7 -- found version 7.6.0
[3.248s] -- Looking for gz-utils2 -- found version 2.2.1
[3.284s] -- Looking for gz-plugin2 -- found version 2.0.4
[3.372s] -- Configuring done (3.3s)
[3.413s] -- Generating done (0.0s)
[3.421s] -- Build files have been written to: /home/njoy/rover-simulation/turtlebot3_ws/build/turtlebot3_gazebo
[3.436s] Invoked command in '/home/njoy/rover-simulation/turtlebot3_ws/build/turtlebot3_gazebo' returned '0': CMAKE_PREFIX_PATH=${CMAKE_PREFIX_PATH}:/home/njoy/rover-simulation/turtlebot3_ws/install/turtlebot3_teleop:/home/njoy/rover-simulation/turtlebot3_ws/install/turtlebot3_example:/opt/ros/jazzy DEBUGINFOD_URLS=ima:enforcing https://debuginfod.fedoraproject.org/ ima:ignore PS1=📦[\u@rover-dev-container \W]$ /usr/bin/cmake /home/njoy/rover-simulation/turtlebot3_ws/src/turtlebot3_simulations/turtlebot3_gazebo -DAMENT_CMAKE_SYMLINK_INSTALL=1 -DCMAKE_INSTALL_PREFIX=/home/njoy/rover-simulation/turtlebot3_ws/install/turtlebot3_gazebo
[3.438s] Invoking command in '/home/njoy/rover-simulation/turtlebot3_ws/build/turtlebot3_gazebo': CMAKE_PREFIX_PATH=${CMAKE_PREFIX_PATH}:/home/njoy/rover-simulation/turtlebot3_ws/install/turtlebot3_teleop:/home/njoy/rover-simulation/turtlebot3_ws/install/turtlebot3_example:/opt/ros/jazzy DEBUGINFOD_URLS=ima:enforcing https://debuginfod.fedoraproject.org/ ima:ignore PS1=📦[\u@rover-dev-container \W]$ /usr/bin/cmake --build /home/njoy/rover-simulation/turtlebot3_ws/build/turtlebot3_gazebo -- -j16 -l16
[3.509s] [ 37%] [32mBuilding CXX object CMakeFiles/obstacles.dir/src/obstacles.cpp.o[0m
[3.509s] [ 37%] [32mBuilding CXX object CMakeFiles/obstacle2.dir/src/obstacle2.cpp.o[0m
[3.509s] [ 37%] [32mBuilding CXX object CMakeFiles/turtlebot3_drive.dir/src/turtlebot3_drive.cpp.o[0m
[3.509s] [ 50%] [32mBuilding CXX object CMakeFiles/obstacle1.dir/src/obstacle1.cpp.o[0m
[5.529s] [ 62%] [32m[1mLinking CXX shared library libobstacle2.so[0m
[5.536s] [ 75%] [32m[1mLinking CXX shared library libobstacle1.so[0m
[5.749s] [ 75%] Built target obstacle2
[5.752s] [ 75%] Built target obstacle1
[5.883s] [ 87%] [32m[1mLinking CXX shared library libobstacles.so[0m
[6.080s] [ 87%] Built target obstacles
[12.724s] [100%] [32m[1mLinking CXX executable turtlebot3_drive[0m
[13.108s] [100%] Built target turtlebot3_drive
[13.121s] Invoked command in '/home/njoy/rover-simulation/turtlebot3_ws/build/turtlebot3_gazebo' returned '0': CMAKE_PREFIX_PATH=${CMAKE_PREFIX_PATH}:/home/njoy/rover-simulation/turtlebot3_ws/install/turtlebot3_teleop:/home/njoy/rover-simulation/turtlebot3_ws/install/turtlebot3_example:/opt/ros/jazzy DEBUGINFOD_URLS=ima:enforcing https://debuginfod.fedoraproject.org/ ima:ignore PS1=📦[\u@rover-dev-container \W]$ /usr/bin/cmake --build /home/njoy/rover-simulation/turtlebot3_ws/build/turtlebot3_gazebo -- -j16 -l16
[13.123s] Invoking command in '/home/njoy/rover-simulation/turtlebot3_ws/build/turtlebot3_gazebo': CMAKE_PREFIX_PATH=${CMAKE_PREFIX_PATH}:/home/njoy/rover-simulation/turtlebot3_ws/install/turtlebot3_teleop:/home/njoy/rover-simulation/turtlebot3_ws/install/turtlebot3_example:/opt/ros/jazzy DEBUGINFOD_URLS=ima:enforcing https://debuginfod.fedoraproject.org/ ima:ignore PS1=📦[\u@rover-dev-container \W]$ /usr/bin/cmake --install /home/njoy/rover-simulation/turtlebot3_ws/build/turtlebot3_gazebo
[13.132s] -- Install configuration: ""
[13.132s] -- Execute custom install script
[13.133s] -- Symlinking: /home/njoy/rover-simulation/turtlebot3_ws/install/turtlebot3_gazebo/lib/turtlebot3_gazebo/turtlebot3_drive
[13.145s] -- Symlinking: /home/njoy/rover-simulation/turtlebot3_ws/install/turtlebot3_gazebo/lib/turtlebot3_gazebo/libobstacles.so
[13.154s] -- Symlinking: /home/njoy/rover-simulation/turtlebot3_ws/install/turtlebot3_gazebo/lib/turtlebot3_gazebo/libobstacle1.so
[13.164s] -- Symlinking: /home/njoy/rover-simulation/turtlebot3_ws/install/turtlebot3_gazebo/lib/turtlebot3_gazebo/libobstacle2.so
[13.175s] -- Symlinking: /home/njoy/rover-simulation/turtlebot3_ws/install/turtlebot3_gazebo/share/turtlebot3_gazebo//launch/empty_world.launch.py
[13.184s] -- Symlinking: /home/njoy/rover-simulation/turtlebot3_ws/install/turtlebot3_gazebo/share/turtlebot3_gazebo//launch/robot_state_publisher.launch.py
[13.193s] -- Symlinking: /home/njoy/rover-simulation/turtlebot3_ws/install/turtlebot3_gazebo/share/turtlebot3_gazebo//launch/spawn_turtlebot3.launch.py
[13.203s] -- Symlinking: /home/njoy/rover-simulation/turtlebot3_ws/install/turtlebot3_gazebo/share/turtlebot3_gazebo//launch/turtlebot3_dqn_stage1.launch.py
[13.212s] -- Symlinking: /home/njoy/rover-simulation/turtlebot3_ws/install/turtlebot3_gazebo/share/turtlebot3_gazebo//launch/turtlebot3_dqn_stage2.launch.py
[13.221s] -- Symlinking: /home/njoy/rover-simulation/turtlebot3_ws/install/turtlebot3_gazebo/share/turtlebot3_gazebo//launch/turtlebot3_dqn_stage3.launch.py
[13.232s] -- Symlinking: /home/njoy/rover-simulation/turtlebot3_ws/install/turtlebot3_gazebo/share/turtlebot3_gazebo//launch/turtlebot3_dqn_stage4.launch.py
[13.243s] -- Symlinking: /home/njoy/rover-simulation/turtlebot3_ws/install/turtlebot3_gazebo/share/turtlebot3_gazebo//launch/turtlebot3_house.launch.py
[13.254s] -- Symlinking: /home/njoy/rover-simulation/turtlebot3_ws/install/turtlebot3_gazebo/share/turtlebot3_gazebo//launch/turtlebot3_world.launch.py
[13.266s] -- Symlinking: /home/njoy/rover-simulation/turtlebot3_ws/install/turtlebot3_gazebo/share/turtlebot3_gazebo//models/turtlebot3_burger/model-1_4.sdf
[13.276s] -- Symlinking: /home/njoy/rover-simulation/turtlebot3_ws/install/turtlebot3_gazebo/share/turtlebot3_gazebo//models/turtlebot3_burger/model.config
[13.285s] -- Symlinking: /home/njoy/rover-simulation/turtlebot3_ws/install/turtlebot3_gazebo/share/turtlebot3_gazebo//models/turtlebot3_burger/model.sdf
[13.294s] -- Symlinking: /home/njoy/rover-simulation/turtlebot3_ws/install/turtlebot3_gazebo/share/turtlebot3_gazebo//models/turtlebot3_burger_cam/model-1_4.sdf
[13.304s] -- Symlinking: /home/njoy/rover-simulation/turtlebot3_ws/install/turtlebot3_gazebo/share/turtlebot3_gazebo//models/turtlebot3_burger_cam/model.config
[13.314s] -- Symlinking: /home/njoy/rover-simulation/turtlebot3_ws/install/turtlebot3_gazebo/share/turtlebot3_gazebo//models/turtlebot3_burger_cam/model.sdf
[13.324s] -- Symlinking: /home/njoy/rover-simulation/turtlebot3_ws/install/turtlebot3_gazebo/share/turtlebot3_gazebo//models/turtlebot3_common/meshes/bases/burger_base.stl
[13.333s] -- Symlinking: /home/njoy/rover-simulation/turtlebot3_ws/install/turtlebot3_gazebo/share/turtlebot3_gazebo//models/turtlebot3_common/meshes/bases/waffle_base.stl
[13.343s] -- Symlinking: /home/njoy/rover-simulation/turtlebot3_ws/install/turtlebot3_gazebo/share/turtlebot3_gazebo//models/turtlebot3_common/meshes/bases/waffle_pi_base.stl
[13.354s] -- Symlinking: /home/njoy/rover-simulation/turtlebot3_ws/install/turtlebot3_gazebo/share/turtlebot3_gazebo//models/turtlebot3_common/meshes/burger_base.dae
[13.365s] -- Symlinking: /home/njoy/rover-simulation/turtlebot3_ws/install/turtlebot3_gazebo/share/turtlebot3_gazebo//models/turtlebot3_common/meshes/lds.dae
[13.374s] -- Symlinking: /home/njoy/rover-simulation/turtlebot3_ws/install/turtlebot3_gazebo/share/turtlebot3_gazebo//models/turtlebot3_common/meshes/r200.dae
[13.383s] -- Symlinking: /home/njoy/rover-simulation/turtlebot3_ws/install/turtlebot3_gazebo/share/turtlebot3_gazebo//models/turtlebot3_common/meshes/sensors/astra.dae
[13.392s] -- Symlinking: /home/njoy/rover-simulation/turtlebot3_ws/install/turtlebot3_gazebo/share/turtlebot3_gazebo//models/turtlebot3_common/meshes/sensors/astra.jpg
[13.402s] -- Symlinking: /home/njoy/rover-simulation/turtlebot3_ws/install/turtlebot3_gazebo/share/turtlebot3_gazebo//models/turtlebot3_common/meshes/sensors/lds.stl
[13.414s] -- Symlinking: /home/njoy/rover-simulation/turtlebot3_ws/install/turtlebot3_gazebo/share/turtlebot3_gazebo//models/turtlebot3_common/meshes/sensors/r200.dae
[13.424s] -- Symlinking: /home/njoy/rover-simulation/turtlebot3_ws/install/turtlebot3_gazebo/share/turtlebot3_gazebo//models/turtlebot3_common/meshes/sensors/r200.jpg
[13.433s] -- Symlinking: /home/njoy/rover-simulation/turtlebot3_ws/install/turtlebot3_gazebo/share/turtlebot3_gazebo//models/turtlebot3_common/meshes/tire.dae
[13.443s] -- Symlinking: /home/njoy/rover-simulation/turtlebot3_ws/install/turtlebot3_gazebo/share/turtlebot3_gazebo//models/turtlebot3_common/meshes/waffle_base.dae
[13.453s] -- Symlinking: /home/njoy/rover-simulation/turtlebot3_ws/install/turtlebot3_gazebo/share/turtlebot3_gazebo//models/turtlebot3_common/meshes/waffle_pi_base.dae
[13.464s] -- Symlinking: /home/njoy/rover-simulation/turtlebot3_ws/install/turtlebot3_gazebo/share/turtlebot3_gazebo//models/turtlebot3_common/meshes/wheels/left_tire.stl
[13.472s] -- Symlinking: /home/njoy/rover-simulation/turtlebot3_ws/install/turtlebot3_gazebo/share/turtlebot3_gazebo//models/turtlebot3_common/meshes/wheels/right_tire.stl
[13.482s] -- Symlinking: /home/njoy/rover-simulation/turtlebot3_ws/install/turtlebot3_gazebo/share/turtlebot3_gazebo//models/turtlebot3_common/model.config
[13.491s] -- Symlinking: /home/njoy/rover-simulation/turtlebot3_ws/install/turtlebot3_gazebo/share/turtlebot3_gazebo//models/turtlebot3_dqn_world/goal_box/model.config
[13.501s] -- Symlinking: /home/njoy/rover-simulation/turtlebot3_ws/install/turtlebot3_gazebo/share/turtlebot3_gazebo//models/turtlebot3_dqn_world/goal_box/model.sdf
[13.513s] -- Symlinking: /home/njoy/rover-simulation/turtlebot3_ws/install/turtlebot3_gazebo/share/turtlebot3_gazebo//models/turtlebot3_dqn_world/inner_walls/model.config
[13.522s] -- Symlinking: /home/njoy/rover-simulation/turtlebot3_ws/install/turtlebot3_gazebo/share/turtlebot3_gazebo//models/turtlebot3_dqn_world/inner_walls/model.sdf
[13.532s] -- Symlinking: /home/njoy/rover-simulation/turtlebot3_ws/install/turtlebot3_gazebo/share/turtlebot3_gazebo//models/turtlebot3_dqn_world/inner_walls/textures/wood.png
[13.541s] -- Symlinking: /home/njoy/rover-simulation/turtlebot3_ws/install/turtlebot3_gazebo/share/turtlebot3_gazebo//models/turtlebot3_dqn_world/model.config
[13.552s] -- Symlinking: /home/njoy/rover-simulation/turtlebot3_ws/install/turtlebot3_gazebo/share/turtlebot3_gazebo//models/turtlebot3_dqn_world/model.sdf
[13.563s] -- Symlinking: /home/njoy/rover-simulation/turtlebot3_ws/install/turtlebot3_gazebo/share/turtlebot3_gazebo//models/turtlebot3_dqn_world/obstacle1/model.config
[13.574s] -- Symlinking: /home/njoy/rover-simulation/turtlebot3_ws/install/turtlebot3_gazebo/share/turtlebot3_gazebo//models/turtlebot3_dqn_world/obstacle1/model.sdf
[13.585s] -- Symlinking: /home/njoy/rover-simulation/turtlebot3_ws/install/turtlebot3_gazebo/share/turtlebot3_gazebo//models/turtlebot3_dqn_world/obstacle2/model.config
[13.595s] -- Symlinking: /home/njoy/rover-simulation/turtlebot3_ws/install/turtlebot3_gazebo/share/turtlebot3_gazebo//models/turtlebot3_dqn_world/obstacle2/model.sdf
[13.604s] -- Symlinking: /home/njoy/rover-simulation/turtlebot3_ws/install/turtlebot3_gazebo/share/turtlebot3_gazebo//models/turtlebot3_dqn_world/obstacles/model.config
[13.615s] -- Symlinking: /home/njoy/rover-simulation/turtlebot3_ws/install/turtlebot3_gazebo/share/turtlebot3_gazebo//models/turtlebot3_dqn_world/obstacles/model.sdf
[13.626s] -- Symlinking: /home/njoy/rover-simulation/turtlebot3_ws/install/turtlebot3_gazebo/share/turtlebot3_gazebo//models/turtlebot3_dqn_world/textures/wood.png
[13.637s] -- Symlinking: /home/njoy/rover-simulation/turtlebot3_ws/install/turtlebot3_gazebo/share/turtlebot3_gazebo//models/turtlebot3_house/cafe_table/materials/textures/Maple.jpg
[13.647s] -- Symlinking: /home/njoy/rover-simulation/turtlebot3_ws/install/turtlebot3_gazebo/share/turtlebot3_gazebo//models/turtlebot3_house/cafe_table/materials/textures/Wood_Floor_Dark.jpg
[13.658s] -- Symlinking: /home/njoy/rover-simulation/turtlebot3_ws/install/turtlebot3_gazebo/share/turtlebot3_gazebo//models/turtlebot3_house/cafe_table/meshes/cafe_table.dae
[13.668s] -- Symlinking: /home/njoy/rover-simulation/turtlebot3_ws/install/turtlebot3_gazebo/share/turtlebot3_gazebo//models/turtlebot3_house/cafe_table/model-1_4.sdf
[13.678s] -- Symlinking: /home/njoy/rover-simulation/turtlebot3_ws/install/turtlebot3_gazebo/share/turtlebot3_gazebo//models/turtlebot3_house/cafe_table/model.config
[13.687s] -- Symlinking: /home/njoy/rover-simulation/turtlebot3_ws/install/turtlebot3_gazebo/share/turtlebot3_gazebo//models/turtlebot3_house/cafe_table/model.sdf
[13.698s] -- Symlinking: /home/njoy/rover-simulation/turtlebot3_ws/install/turtlebot3_gazebo/share/turtlebot3_gazebo//models/turtlebot3_house/first_2015_trash_can/meshes/trash_can.dae
[13.709s] -- Symlinking: /home/njoy/rover-simulation/turtlebot3_ws/install/turtlebot3_gazebo/share/turtlebot3_gazebo//models/turtlebot3_house/first_2015_trash_can/model.config
[13.718s] -- Symlinking: /home/njoy/rover-simulation/turtlebot3_ws/install/turtlebot3_gazebo/share/turtlebot3_gazebo//models/turtlebot3_house/first_2015_trash_can/model.sdf
[13.731s] -- Symlinking: /home/njoy/rover-simulation/turtlebot3_ws/install/turtlebot3_gazebo/share/turtlebot3_gazebo//models/turtlebot3_house/mailbox/materials/scripts/mailbox.material
[13.741s] -- Symlinking: /home/njoy/rover-simulation/turtlebot3_ws/install/turtlebot3_gazebo/share/turtlebot3_gazebo//models/turtlebot3_house/mailbox/materials/textures/Mailbox_Diffuse.png
[13.752s] -- Symlinking: /home/njoy/rover-simulation/turtlebot3_ws/install/turtlebot3_gazebo/share/turtlebot3_gazebo//models/turtlebot3_house/mailbox/materials/textures/Mailbox_Diffuse.tga.orig
[13.763s] -- Symlinking: /home/njoy/rover-simulation/turtlebot3_ws/install/turtlebot3_gazebo/share/turtlebot3_gazebo//models/turtlebot3_house/mailbox/materials/textures/Mailbox_Spec.png
[13.773s] -- Symlinking: /home/njoy/rover-simulation/turtlebot3_ws/install/turtlebot3_gazebo/share/turtlebot3_gazebo//models/turtlebot3_house/mailbox/meshes/mailbox.dae
[13.784s] -- Symlinking: /home/njoy/rover-simulation/turtlebot3_ws/install/turtlebot3_gazebo/share/turtlebot3_gazebo//models/turtlebot3_house/mailbox/model-1_3.sdf
[13.795s] -- Symlinking: /home/njoy/rover-simulation/turtlebot3_ws/install/turtlebot3_gazebo/share/turtlebot3_gazebo//models/turtlebot3_house/mailbox/model-1_4.sdf
[13.806s] -- Symlinking: /home/njoy/rover-simulation/turtlebot3_ws/install/turtlebot3_gazebo/share/turtlebot3_gazebo//models/turtlebot3_house/mailbox/model.config
[13.816s] -- Symlinking: /home/njoy/rover-simulation/turtlebot3_ws/install/turtlebot3_gazebo/share/turtlebot3_gazebo//models/turtlebot3_house/mailbox/model.sdf
[13.827s] -- Symlinking: /home/njoy/rover-simulation/turtlebot3_ws/install/turtlebot3_gazebo/share/turtlebot3_gazebo//models/turtlebot3_house/model.config
[13.838s] -- Symlinking: /home/njoy/rover-simulation/turtlebot3_ws/install/turtlebot3_gazebo/share/turtlebot3_gazebo//models/turtlebot3_house/model.sdf
[13.850s] -- Symlinking: /home/njoy/rover-simulation/turtlebot3_ws/install/turtlebot3_gazebo/share/turtlebot3_gazebo//models/turtlebot3_house/table_marble/materials/scripts/table_lightmap.material
[13.860s] -- Symlinking: /home/njoy/rover-simulation/turtlebot3_ws/install/turtlebot3_gazebo/share/turtlebot3_gazebo//models/turtlebot3_house/table_marble/materials/textures/marble.png
[13.871s] -- Symlinking: /home/njoy/rover-simulation/turtlebot3_ws/install/turtlebot3_gazebo/share/turtlebot3_gazebo//models/turtlebot3_house/table_marble/materials/textures/table_lightmap.png
[13.883s] -- Symlinking: /home/njoy/rover-simulation/turtlebot3_ws/install/turtlebot3_gazebo/share/turtlebot3_gazebo//models/turtlebot3_house/table_marble/meshes/table_lightmap.dae
[13.895s] -- Symlinking: /home/njoy/rover-simulation/turtlebot3_ws/install/turtlebot3_gazebo/share/turtlebot3_gazebo//models/turtlebot3_house/table_marble/model-1_4.sdf
[13.906s] -- Symlinking: /home/njoy/rover-simulation/turtlebot3_ws/install/turtlebot3_gazebo/share/turtlebot3_gazebo//models/turtlebot3_house/table_marble/model.config
[13.917s] -- Symlinking: /home/njoy/rover-simulation/turtlebot3_ws/install/turtlebot3_gazebo/share/turtlebot3_gazebo//models/turtlebot3_house/table_marble/model.sdf
[13.929s] -- Symlinking: /home/njoy/rover-simulation/turtlebot3_ws/install/turtlebot3_gazebo/share/turtlebot3_gazebo//models/turtlebot3_house/textures/bricks.png
[13.940s] -- Symlinking: /home/njoy/rover-simulation/turtlebot3_ws/install/turtlebot3_gazebo/share/turtlebot3_gazebo//models/turtlebot3_house/textures/wood.png
[13.952s] -- Symlinking: /home/njoy/rover-simulation/turtlebot3_ws/install/turtlebot3_gazebo/share/turtlebot3_gazebo//models/turtlebot3_waffle/model-1_4.sdf
[13.964s] -- Symlinking: /home/njoy/rover-simulation/turtlebot3_ws/install/turtlebot3_gazebo/share/turtlebot3_gazebo//models/turtlebot3_waffle/model.config
[13.975s] -- Symlinking: /home/njoy/rover-simulation/turtlebot3_ws/install/turtlebot3_gazebo/share/turtlebot3_gazebo//models/turtlebot3_waffle/model.sdf
[13.986s] -- Symlinking: /home/njoy/rover-simulation/turtlebot3_ws/install/turtlebot3_gazebo/share/turtlebot3_gazebo//models/turtlebot3_waffle_pi/model-1_4_.sdf
[13.998s] -- Symlinking: /home/njoy/rover-simulation/turtlebot3_ws/install/turtlebot3_gazebo/share/turtlebot3_gazebo//models/turtlebot3_waffle_pi/model.config
[14.009s] -- Symlinking: /home/njoy/rover-simulation/turtlebot3_ws/install/turtlebot3_gazebo/share/turtlebot3_gazebo//models/turtlebot3_waffle_pi/model.sdf
[14.020s] -- Symlinking: /home/njoy/rover-simulation/turtlebot3_ws/install/turtlebot3_gazebo/share/turtlebot3_gazebo//models/turtlebot3_world/meshes/hexagon.dae
[14.030s] -- Symlinking: /home/njoy/rover-simulation/turtlebot3_ws/install/turtlebot3_gazebo/share/turtlebot3_gazebo//models/turtlebot3_world/meshes/wall.dae
[14.042s] -- Symlinking: /home/njoy/rover-simulation/turtlebot3_ws/install/turtlebot3_gazebo/share/turtlebot3_gazebo//models/turtlebot3_world/model-1_4.sdf
[14.053s] -- Symlinking: /home/njoy/rover-simulation/turtlebot3_ws/install/turtlebot3_gazebo/share/turtlebot3_gazebo//models/turtlebot3_world/model.config
[14.064s] -- Symlinking: /home/njoy/rover-simulation/turtlebot3_ws/install/turtlebot3_gazebo/share/turtlebot3_gazebo//models/turtlebot3_world/model.sdf
[14.076s] -- Symlinking: /home/njoy/rover-simulation/turtlebot3_ws/install/turtlebot3_gazebo/share/turtlebot3_gazebo//params/turtlebot3_burger_bridge.yaml
[14.088s] -- Symlinking: /home/njoy/rover-simulation/turtlebot3_ws/install/turtlebot3_gazebo/share/turtlebot3_gazebo//params/turtlebot3_burger_cam_bridge.yaml
[14.099s] -- Symlinking: /home/njoy/rover-simulation/turtlebot3_ws/install/turtlebot3_gazebo/share/turtlebot3_gazebo//params/turtlebot3_waffle_bridge.yaml
[14.110s] -- Symlinking: /home/njoy/rover-simulation/turtlebot3_ws/install/turtlebot3_gazebo/share/turtlebot3_gazebo//params/turtlebot3_waffle_pi_bridge.yaml
[14.120s] -- Symlinking: /home/njoy/rover-simulation/turtlebot3_ws/install/turtlebot3_gazebo/share/turtlebot3_gazebo//rviz/tb3_gazebo.rviz
[14.132s] -- Symlinking: /home/njoy/rover-simulation/turtlebot3_ws/install/turtlebot3_gazebo/share/turtlebot3_gazebo//urdf/common_properties.urdf
[14.142s] -- Symlinking: /home/njoy/rover-simulation/turtlebot3_ws/install/turtlebot3_gazebo/share/turtlebot3_gazebo//urdf/turtlebot3_burger.urdf
[14.154s] -- Symlinking: /home/njoy/rover-simulation/turtlebot3_ws/install/turtlebot3_gazebo/share/turtlebot3_gazebo//urdf/turtlebot3_burger_cam.urdf
[14.167s] -- Symlinking: /home/njoy/rover-simulation/turtlebot3_ws/install/turtlebot3_gazebo/share/turtlebot3_gazebo//urdf/turtlebot3_waffle.urdf
[14.177s] -- Symlinking: /home/njoy/rover-simulation/turtlebot3_ws/install/turtlebot3_gazebo/share/turtlebot3_gazebo//urdf/turtlebot3_waffle_pi.urdf
[14.188s] -- Symlinking: /home/njoy/rover-simulation/turtlebot3_ws/install/turtlebot3_gazebo/share/turtlebot3_gazebo//worlds/empty_world.world
[14.199s] -- Symlinking: /home/njoy/rover-simulation/turtlebot3_ws/install/turtlebot3_gazebo/share/turtlebot3_gazebo//worlds/turtlebot3_autorace_2020.world
[14.209s] -- Symlinking: /home/njoy/rover-simulation/turtlebot3_ws/install/turtlebot3_gazebo/share/turtlebot3_gazebo//worlds/turtlebot3_dqn_stage1.world
[14.220s] -- Symlinking: /home/njoy/rover-simulation/turtlebot3_ws/install/turtlebot3_gazebo/share/turtlebot3_gazebo//worlds/turtlebot3_dqn_stage2.world
[14.230s] -- Symlinking: /home/njoy/rover-simulation/turtlebot3_ws/install/turtlebot3_gazebo/share/turtlebot3_gazebo//worlds/turtlebot3_dqn_stage3.world
[14.240s] -- Symlinking: /home/njoy/rover-simulation/turtlebot3_ws/install/turtlebot3_gazebo/share/turtlebot3_gazebo//worlds/turtlebot3_dqn_stage4.world
[14.251s] -- Symlinking: /home/njoy/rover-simulation/turtlebot3_ws/install/turtlebot3_gazebo/share/turtlebot3_gazebo//worlds/turtlebot3_house.world
[14.264s] -- Symlinking: /home/njoy/rover-simulation/turtlebot3_ws/install/turtlebot3_gazebo/share/turtlebot3_gazebo//worlds/turtlebot3_world.world
[14.274s] -- Symlinking: /home/njoy/rover-simulation/turtlebot3_ws/install/turtlebot3_gazebo/include//turtlebot3_gazebo/obstacle1.hpp
[14.285s] -- Symlinking: /home/njoy/rover-simulation/turtlebot3_ws/install/turtlebot3_gazebo/include//turtlebot3_gazebo/obstacle2.hpp
[14.296s] -- Symlinking: /home/njoy/rover-simulation/turtlebot3_ws/install/turtlebot3_gazebo/include//turtlebot3_gazebo/obstacles.hpp
[14.308s] -- Symlinking: /home/njoy/rover-simulation/turtlebot3_ws/install/turtlebot3_gazebo/include//turtlebot3_gazebo/traffic_bar_plugin.hpp
[14.319s] -- Symlinking: /home/njoy/rover-simulation/turtlebot3_ws/install/turtlebot3_gazebo/include//turtlebot3_gazebo/traffic_light_plugin.hpp
[14.329s] -- Symlinking: /home/njoy/rover-simulation/turtlebot3_ws/install/turtlebot3_gazebo/include//turtlebot3_gazebo/turtlebot3_drive.hpp
[14.339s] -- Symlinking: /home/njoy/rover-simulation/turtlebot3_ws/install/turtlebot3_gazebo/share/ament_index/resource_index/package_run_dependencies/turtlebot3_gazebo
[14.349s] -- Symlinking: /home/njoy/rover-simulation/turtlebot3_ws/install/turtlebot3_gazebo/share/ament_index/resource_index/parent_prefix_path/turtlebot3_gazebo
[14.361s] -- Symlinking: /home/njoy/rover-simulation/turtlebot3_ws/install/turtlebot3_gazebo/share/turtlebot3_gazebo/environment/ament_prefix_path.sh
[14.371s] -- Symlinking: /home/njoy/rover-simulation/turtlebot3_ws/install/turtlebot3_gazebo/share/turtlebot3_gazebo/environment/ament_prefix_path.dsv
[14.382s] -- Symlinking: /home/njoy/rover-simulation/turtlebot3_ws/install/turtlebot3_gazebo/share/turtlebot3_gazebo/environment/path.sh
[14.393s] -- Symlinking: /home/njoy/rover-simulation/turtlebot3_ws/install/turtlebot3_gazebo/share/turtlebot3_gazebo/environment/path.dsv
[14.403s] -- Symlinking: /home/njoy/rover-simulation/turtlebot3_ws/install/turtlebot3_gazebo/share/turtlebot3_gazebo/local_setup.bash
[14.413s] -- Symlinking: /home/njoy/rover-simulation/turtlebot3_ws/install/turtlebot3_gazebo/share/turtlebot3_gazebo/local_setup.sh
[14.423s] -- Symlinking: /home/njoy/rover-simulation/turtlebot3_ws/install/turtlebot3_gazebo/share/turtlebot3_gazebo/local_setup.zsh
[14.434s] -- Symlinking: /home/njoy/rover-simulation/turtlebot3_ws/install/turtlebot3_gazebo/share/turtlebot3_gazebo/local_setup.dsv
[14.445s] -- Symlinking: /home/njoy/rover-simulation/turtlebot3_ws/install/turtlebot3_gazebo/share/turtlebot3_gazebo/package.dsv
[14.455s] -- Symlinking: /home/njoy/rover-simulation/turtlebot3_ws/install/turtlebot3_gazebo/share/ament_index/resource_index/packages/turtlebot3_gazebo
[14.466s] -- Symlinking: /home/njoy/rover-simulation/turtlebot3_ws/install/turtlebot3_gazebo/share/turtlebot3_gazebo/cmake/ament_cmake_export_include_directories-extras.cmake
[14.475s] -- Symlinking: /home/njoy/rover-simulation/turtlebot3_ws/install/turtlebot3_gazebo/share/turtlebot3_gazebo/cmake/ament_cmake_export_dependencies-extras.cmake
[14.485s] -- Symlinking: /home/njoy/rover-simulation/turtlebot3_ws/install/turtlebot3_gazebo/share/turtlebot3_gazebo/cmake/turtlebot3_gazeboConfig.cmake
[14.494s] -- Symlinking: /home/njoy/rover-simulation/turtlebot3_ws/install/turtlebot3_gazebo/share/turtlebot3_gazebo/cmake/turtlebot3_gazeboConfig-version.cmake
[14.504s] -- Symlinking: /home/njoy/rover-simulation/turtlebot3_ws/install/turtlebot3_gazebo/share/turtlebot3_gazebo/package.xml
[14.518s] Invoked command in '/home/njoy/rover-simulation/turtlebot3_ws/build/turtlebot3_gazebo' returned '0': CMAKE_PREFIX_PATH=${CMAKE_PREFIX_PATH}:/home/njoy/rover-simulation/turtlebot3_ws/install/turtlebot3_teleop:/home/njoy/rover-simulation/turtlebot3_ws/install/turtlebot3_example:/opt/ros/jazzy DEBUGINFOD_URLS=ima:enforcing https://debuginfod.fedoraproject.org/ ima:ignore PS1=📦[\u@rover-dev-container \W]$ /usr/bin/cmake --install /home/njoy/rover-simulation/turtlebot3_ws/build/turtlebot3_gazebo
