[0.847s] Invoking command in '/home/njoy/ROS/rover_ws/src/rover_experiments': DEBUGINFOD_URLS=ima:enforcing https://debuginfod.fedoraproject.org/ ima:ignore PS1=📦[\u@rover-dev-container \W]$ PYTHONPATH=/home/njoy/ROS/rover_ws/build/rover_experiments/prefix_override:/usr/lib/python3/dist-packages/colcon_core/task/python/colcon_distutils_commands:/home/njoy/ROS/rover_ws/install/rover_experiments/lib/python3.12/site-packages:${PYTHONPATH} /usr/bin/python3 -W ignore:setup.py install is deprecated -W ignore:easy_install command is deprecated setup.py egg_info --egg-base ../../build/rover_experiments build --build-base /home/njoy/ROS/rover_ws/build/rover_experiments/build install --record /home/njoy/ROS/rover_ws/build/rover_experiments/install.log --single-version-externally-managed install_data
[1.123s] running egg_info
[1.124s] creating ../../build/rover_experiments/rover_experiments.egg-info
[1.143s] writing ../../build/rover_experiments/rover_experiments.egg-info/PKG-INFO
[1.143s] writing dependency_links to ../../build/rover_experiments/rover_experiments.egg-info/dependency_links.txt
[1.143s] writing requirements to ../../build/rover_experiments/rover_experiments.egg-info/requires.txt
[1.143s] writing top-level names to ../../build/rover_experiments/rover_experiments.egg-info/top_level.txt
[1.144s] writing manifest file '../../build/rover_experiments/rover_experiments.egg-info/SOURCES.txt'
[1.183s] reading manifest file '../../build/rover_experiments/rover_experiments.egg-info/SOURCES.txt'
[1.183s] adding license file 'LICENSE'
[1.184s] writing manifest file '../../build/rover_experiments/rover_experiments.egg-info/SOURCES.txt'
[1.184s] running build
[1.184s] running build_py
[1.184s] creating /home/njoy/ROS/rover_ws/build/rover_experiments/build
[1.184s] creating /home/njoy/ROS/rover_ws/build/rover_experiments/build/lib
[1.184s] creating /home/njoy/ROS/rover_ws/build/rover_experiments/build/lib/rover_experiments
[1.185s] copying rover_experiments/__init__.py -> /home/njoy/ROS/rover_ws/build/rover_experiments/build/lib/rover_experiments
[1.185s] copying rover_experiments/scan_monitor.py -> /home/njoy/ROS/rover_ws/build/rover_experiments/build/lib/rover_experiments
[1.185s] running install
[1.190s] running install_lib
[1.210s] creating /home/njoy/ROS/rover_ws/install/rover_experiments/lib/python3.12/site-packages/rover_experiments
[1.210s] copying /home/njoy/ROS/rover_ws/build/rover_experiments/build/lib/rover_experiments/__init__.py -> /home/njoy/ROS/rover_ws/install/rover_experiments/lib/python3.12/site-packages/rover_experiments
[1.210s] copying /home/njoy/ROS/rover_ws/build/rover_experiments/build/lib/rover_experiments/scan_monitor.py -> /home/njoy/ROS/rover_ws/install/rover_experiments/lib/python3.12/site-packages/rover_experiments
[1.211s] byte-compiling /home/njoy/ROS/rover_ws/install/rover_experiments/lib/python3.12/site-packages/rover_experiments/__init__.py to __init__.cpython-312.pyc
[1.211s] byte-compiling /home/njoy/ROS/rover_ws/install/rover_experiments/lib/python3.12/site-packages/rover_experiments/scan_monitor.py to scan_monitor.cpython-312.pyc
[1.212s] running install_data
[1.212s] creating /home/njoy/ROS/rover_ws/install/rover_experiments/share/ament_index
[1.212s] creating /home/njoy/ROS/rover_ws/install/rover_experiments/share/ament_index/resource_index
[1.212s] creating /home/njoy/ROS/rover_ws/install/rover_experiments/share/ament_index/resource_index/packages
[1.212s] copying resource/rover_experiments -> /home/njoy/ROS/rover_ws/install/rover_experiments/share/ament_index/resource_index/packages
[1.212s] copying package.xml -> /home/njoy/ROS/rover_ws/install/rover_experiments/share/rover_experiments
[1.212s] running install_egg_info
[1.233s] Copying ../../build/rover_experiments/rover_experiments.egg-info to /home/njoy/ROS/rover_ws/install/rover_experiments/lib/python3.12/site-packages/rover_experiments-0.0.0-py3.12.egg-info
[1.234s] running install_scripts
[1.374s] writing list of installed files to '/home/njoy/ROS/rover_ws/build/rover_experiments/install.log'
[1.417s] Invoked command in '/home/njoy/ROS/rover_ws/src/rover_experiments' returned '0': DEBUGINFOD_URLS=ima:enforcing https://debuginfod.fedoraproject.org/ ima:ignore PS1=📦[\u@rover-dev-container \W]$ PYTHONPATH=/home/njoy/ROS/rover_ws/build/rover_experiments/prefix_override:/usr/lib/python3/dist-packages/colcon_core/task/python/colcon_distutils_commands:/home/njoy/ROS/rover_ws/install/rover_experiments/lib/python3.12/site-packages:${PYTHONPATH} /usr/bin/python3 -W ignore:setup.py install is deprecated -W ignore:easy_install command is deprecated setup.py egg_info --egg-base ../../build/rover_experiments build --build-base /home/njoy/ROS/rover_ws/build/rover_experiments/build install --record /home/njoy/ROS/rover_ws/build/rover_experiments/install.log --single-version-externally-managed install_data
