[1.571s] Invoking command in '/home/njoy/ROS/turtlebot3_ws/build/turtlebot3_teleop': DEBUGINFOD_URLS=ima:enforcing https://debuginfod.fedoraproject.org/ ima:ignore PS1=📦[\u@rover-dev-container \W]$ PYTHONPATH=/home/njoy/ROS/turtlebot3_ws/build/turtlebot3_teleop/prefix_override:/usr/lib/python3/dist-packages/colcon_core/task/python/colcon_distutils_commands:/home/njoy/ROS/turtlebot3_ws/install/turtlebot3_teleop/lib/python3.12/site-packages:${PYTHONPATH} /usr/bin/python3 -W ignore:setup.py install is deprecated -W ignore:easy_install command is deprecated setup.py develop --editable --build-directory /home/njoy/ROS/turtlebot3_ws/build/turtlebot3_teleop/build --no-deps symlink_data
[1.945s] running develop
[2.393s] running egg_info
[2.393s] creating turtlebot3_teleop.egg-info
[2.427s] writing turtlebot3_teleop.egg-info/PKG-INFO
[2.427s] writing dependency_links to turtlebot3_teleop.egg-info/dependency_links.txt
[2.438s] writing entry points to turtlebot3_teleop.egg-info/entry_points.txt
[2.438s] writing requirements to turtlebot3_teleop.egg-info/requires.txt
[2.438s] writing top-level names to turtlebot3_teleop.egg-info/top_level.txt
[2.438s] writing manifest file 'turtlebot3_teleop.egg-info/SOURCES.txt'
[2.487s] reading manifest file 'turtlebot3_teleop.egg-info/SOURCES.txt'
[2.487s] writing manifest file 'turtlebot3_teleop.egg-info/SOURCES.txt'
[2.516s] running build_ext
[2.516s] Creating /home/njoy/ROS/turtlebot3_ws/install/turtlebot3_teleop/lib/python3.12/site-packages/turtlebot3-teleop.egg-link (link to .)
[2.518s] Installing teleop_keyboard script to /home/njoy/ROS/turtlebot3_ws/install/turtlebot3_teleop/lib/turtlebot3_teleop
[2.518s] 
[2.519s] Installed /home/njoy/ROS/turtlebot3_ws/build/turtlebot3_teleop
[2.519s] running symlink_data
[2.519s] creating /home/njoy/ROS/turtlebot3_ws/install/turtlebot3_teleop/share/ament_index
[2.520s] creating /home/njoy/ROS/turtlebot3_ws/install/turtlebot3_teleop/share/ament_index/resource_index
[2.520s] creating /home/njoy/ROS/turtlebot3_ws/install/turtlebot3_teleop/share/ament_index/resource_index/packages
[2.520s] symbolically linking /home/njoy/ROS/turtlebot3_ws/build/turtlebot3_teleop/resource/turtlebot3_teleop -> /home/njoy/ROS/turtlebot3_ws/install/turtlebot3_teleop/share/ament_index/resource_index/packages
[2.521s] symbolically linking /home/njoy/ROS/turtlebot3_ws/build/turtlebot3_teleop/package.xml -> /home/njoy/ROS/turtlebot3_ws/install/turtlebot3_teleop/share/turtlebot3_teleop
[2.657s] Invoked command in '/home/njoy/ROS/turtlebot3_ws/build/turtlebot3_teleop' returned '0': DEBUGINFOD_URLS=ima:enforcing https://debuginfod.fedoraproject.org/ ima:ignore PS1=📦[\u@rover-dev-container \W]$ PYTHONPATH=/home/njoy/ROS/turtlebot3_ws/build/turtlebot3_teleop/prefix_override:/usr/lib/python3/dist-packages/colcon_core/task/python/colcon_distutils_commands:/home/njoy/ROS/turtlebot3_ws/install/turtlebot3_teleop/lib/python3.12/site-packages:${PYTHONPATH} /usr/bin/python3 -W ignore:setup.py install is deprecated -W ignore:easy_install command is deprecated setup.py develop --editable --build-directory /home/njoy/ROS/turtlebot3_ws/build/turtlebot3_teleop/build --no-deps symlink_data
