[1.441s] Invoking command in '/home/njoy/ROS/ros_ws/build/py_pubsub': DEBUGINFOD_URLS=ima:enforcing https://debuginfod.fedoraproject.org/ ima:ignore PS1=📦[\u@rover-dev-container \W]$ PYTHONPATH=/home/njoy/ROS/ros_ws/build/py_pubsub/prefix_override:/usr/lib/python3/dist-packages/colcon_core/task/python/colcon_distutils_commands:/home/njoy/ROS/ros_ws/install/py_pubsub/lib/python3.12/site-packages:${PYTHONPATH} /usr/bin/python3 -W ignore:setup.py install is deprecated -W ignore:easy_install command is deprecated setup.py develop --editable --build-directory /home/njoy/ROS/ros_ws/build/py_pubsub/build --no-deps symlink_data
[1.922s] running develop
[2.099s] running egg_info
[2.099s] creating py_pubsub.egg-info
[2.114s] writing py_pubsub.egg-info/PKG-INFO
[2.114s] writing dependency_links to py_pubsub.egg-info/dependency_links.txt
[2.115s] writing entry points to py_pubsub.egg-info/entry_points.txt
[2.115s] writing requirements to py_pubsub.egg-info/requires.txt
[2.115s] writing top-level names to py_pubsub.egg-info/top_level.txt
[2.115s] writing manifest file 'py_pubsub.egg-info/SOURCES.txt'
[2.146s] reading manifest file 'py_pubsub.egg-info/SOURCES.txt'
[2.146s] writing manifest file 'py_pubsub.egg-info/SOURCES.txt'
[2.163s] running build_ext
[2.163s] Creating /home/njoy/ROS/ros_ws/install/py_pubsub/lib/python3.12/site-packages/py-pubsub.egg-link (link to .)
[2.163s] Installing listener script to /home/njoy/ROS/ros_ws/install/py_pubsub/lib/py_pubsub
[2.163s] Installing talker script to /home/njoy/ROS/ros_ws/install/py_pubsub/lib/py_pubsub
[2.164s] 
[2.164s] Installed /home/njoy/ROS/ros_ws/build/py_pubsub
[2.164s] running symlink_data
[2.164s] creating /home/njoy/ROS/ros_ws/install/py_pubsub/share/ament_index
[2.164s] creating /home/njoy/ROS/ros_ws/install/py_pubsub/share/ament_index/resource_index
[2.164s] creating /home/njoy/ROS/ros_ws/install/py_pubsub/share/ament_index/resource_index/packages
[2.164s] symbolically linking /home/njoy/ROS/ros_ws/build/py_pubsub/resource/py_pubsub -> /home/njoy/ROS/ros_ws/install/py_pubsub/share/ament_index/resource_index/packages
[2.164s] symbolically linking /home/njoy/ROS/ros_ws/build/py_pubsub/package.xml -> /home/njoy/ROS/ros_ws/install/py_pubsub/share/py_pubsub
[2.192s] Invoked command in '/home/njoy/ROS/ros_ws/build/py_pubsub' returned '0': DEBUGINFOD_URLS=ima:enforcing https://debuginfod.fedoraproject.org/ ima:ignore PS1=📦[\u@rover-dev-container \W]$ PYTHONPATH=/home/njoy/ROS/ros_ws/build/py_pubsub/prefix_override:/usr/lib/python3/dist-packages/colcon_core/task/python/colcon_distutils_commands:/home/njoy/ROS/ros_ws/install/py_pubsub/lib/python3.12/site-packages:${PYTHONPATH} /usr/bin/python3 -W ignore:setup.py install is deprecated -W ignore:easy_install command is deprecated setup.py develop --editable --build-directory /home/njoy/ROS/ros_ws/build/py_pubsub/build --no-deps symlink_data
