running egg_info
writing ../../build/rover_experiments/rover_experiments.egg-info/PKG-INFO
writing dependency_links to ../../build/rover_experiments/rover_experiments.egg-info/dependency_links.txt
writing entry points to ../../build/rover_experiments/rover_experiments.egg-info/entry_points.txt
writing requirements to ../../build/rover_experiments/rover_experiments.egg-info/requires.txt
writing top-level names to ../../build/rover_experiments/rover_experiments.egg-info/top_level.txt
reading manifest file '../../build/rover_experiments/rover_experiments.egg-info/SOURCES.txt'
adding license file 'LICENSE'
writing manifest file '../../build/rover_experiments/rover_experiments.egg-info/SOURCES.txt'
running build
running build_py
copying rover_experiments/odom_drive.py -> /home/njoy/ROS/rover_ws/build/rover_experiments/build/lib/rover_experiments
running install
running install_lib
copying /home/njoy/ROS/rover_ws/build/rover_experiments/build/lib/rover_experiments/odom_drive.py -> /home/njoy/ROS/rover_ws/install/rover_experiments/lib/python3.12/site-packages/rover_experiments
byte-compiling /home/njoy/ROS/rover_ws/install/rover_experiments/lib/python3.12/site-packages/rover_experiments/odom_drive.py to odom_drive.cpython-312.pyc
  File "/home/njoy/ROS/rover_ws/install/rover_experiments/lib/python3.12/site-packages/rover_experiments/odom_drive.py", line 44
    if self.turn(odom_sub=msg, angle_rad=(math.pi / 2), speed_radps=0.6)
                                                                        ^
SyntaxError: expected ':'

running install_data
running install_egg_info
removing '/home/njoy/ROS/rover_ws/install/rover_experiments/lib/python3.12/site-packages/rover_experiments-0.0.0-py3.12.egg-info' (and everything under it)
Copying ../../build/rover_experiments/rover_experiments.egg-info to /home/njoy/ROS/rover_ws/install/rover_experiments/lib/python3.12/site-packages/rover_experiments-0.0.0-py3.12.egg-info
running install_scripts
Installing detector script to /home/njoy/ROS/rover_ws/install/rover_experiments/lib/rover_experiments
Installing odometry script to /home/njoy/ROS/rover_ws/install/rover_experiments/lib/rover_experiments
writing list of installed files to '/home/njoy/ROS/rover_ws/build/rover_experiments/install.log'
