[0.063s] Invoking command in '/home/njoy/ROS/turtlebot3_ws/build/dynamixel_sdk_custom_interfaces': CMAKE_PREFIX_PATH=${CMAKE_PREFIX_PATH}:/home/njoy/ROS/turtlebot3_ws/install/turtlebot3_teleop:/home/njoy/ROS/turtlebot3_ws/install/turtlebot3_example:/opt/ros/jazzy:/home/njoy/ROS/ros_ws/turtlebot3_ws/install/turtlebot3_teleop:/home/njoy/ROS/ros_ws/turtlebot3_ws/install/turtlebot3_example DEBUGINFOD_URLS=ima:enforcing https://debuginfod.fedoraproject.org/ ima:ignore PS1=📦[\u@rover-dev-container \W]$ /usr/bin/cmake /home/njoy/ROS/turtlebot3_ws/src/DynamixelSDK/ros/dynamixel_sdk_custom_interfaces -DAMENT_CMAKE_SYMLINK_INSTALL=1 -DCMAKE_INSTALL_PREFIX=/home/njoy/ROS/turtlebot3_ws/install/dynamixel_sdk_custom_interfaces
[0.297s] -- The C compiler identification is GNU 13.3.0
[0.445s] -- The CXX compiler identification is GNU 13.3.0
[0.486s] -- Detecting C compiler ABI info
[0.691s] -- Detecting C compiler ABI info - done
[0.711s] -- Check for working C compiler: /usr/bin/cc - skipped
[0.711s] -- Detecting C compile features
[0.712s] -- Detecting C compile features - done
[0.730s] -- Detecting CXX compiler ABI info
[0.946s] -- Detecting CXX compiler ABI info - done
[0.963s] -- Check for working CXX compiler: /usr/bin/c++ - skipped
[0.964s] -- Detecting CXX compile features
[0.964s] -- Detecting CXX compile features - done
[1.006s] -- Found ament_cmake: 2.5.6 (/opt/ros/jazzy/share/ament_cmake/cmake)
[1.379s] -- Found Python3: /usr/bin/python3 (found version "3.12.3") found components: Interpreter 
[1.469s] -- Override CMake install command with custom implementation using symlinks instead of copying resources
[1.605s] -- Found builtin_interfaces: 2.0.3 (/opt/ros/jazzy/share/builtin_interfaces/cmake)
[1.694s] -- Found rosidl_generator_c: 4.6.7 (/opt/ros/jazzy/share/rosidl_generator_c/cmake)
[1.729s] -- Found rosidl_generator_cpp: 4.6.7 (/opt/ros/jazzy/share/rosidl_generator_cpp/cmake)
[1.767s] -- Using all available rosidl_typesupport_c: rosidl_typesupport_fastrtps_c;rosidl_typesupport_introspection_c
[1.805s] -- Using all available rosidl_typesupport_cpp: rosidl_typesupport_fastrtps_cpp;rosidl_typesupport_introspection_cpp
[1.844s] -- Found rosidl_default_generators: 1.6.0 (/opt/ros/jazzy/share/rosidl_default_generators/cmake)
[1.899s] -- Found rosidl_adapter: 4.6.7 (/opt/ros/jazzy/share/rosidl_adapter/cmake)
[3.073s] -- Found ament_cmake_ros: 0.12.0 (/opt/ros/jazzy/share/ament_cmake_ros/cmake)
[3.822s] -- Using all available rosidl_typesupport_c: rosidl_typesupport_fastrtps_c;rosidl_typesupport_introspection_c
[4.103s] -- Using all available rosidl_typesupport_cpp: rosidl_typesupport_fastrtps_cpp;rosidl_typesupport_introspection_cpp
[4.120s] -- Found python_cmake_module: 0.11.1 (/opt/ros/jazzy/share/python_cmake_module/cmake)
[4.255s] -- Found PythonExtra: /usr/bin/python3  
[4.687s] -- Found Python3: /usr/bin/python3 (found version "3.12.3") found components: Interpreter Development NumPy Development.Module Development.Embed 
[4.751s] -- Found Python3: /usr/bin/python3 (found version "3.12.3") found components: Interpreter 
[4.766s] -- Configuring done (4.6s)
[4.816s] -- Generating done (0.0s)
[4.827s] -- Build files have been written to: /home/njoy/ROS/turtlebot3_ws/build/dynamixel_sdk_custom_interfaces
[4.841s] Invoked command in '/home/njoy/ROS/turtlebot3_ws/build/dynamixel_sdk_custom_interfaces' returned '0': CMAKE_PREFIX_PATH=${CMAKE_PREFIX_PATH}:/home/njoy/ROS/turtlebot3_ws/install/turtlebot3_teleop:/home/njoy/ROS/turtlebot3_ws/install/turtlebot3_example:/opt/ros/jazzy:/home/njoy/ROS/ros_ws/turtlebot3_ws/install/turtlebot3_teleop:/home/njoy/ROS/ros_ws/turtlebot3_ws/install/turtlebot3_example DEBUGINFOD_URLS=ima:enforcing https://debuginfod.fedoraproject.org/ ima:ignore PS1=📦[\u@rover-dev-container \W]$ /usr/bin/cmake /home/njoy/ROS/turtlebot3_ws/src/DynamixelSDK/ros/dynamixel_sdk_custom_interfaces -DAMENT_CMAKE_SYMLINK_INSTALL=1 -DCMAKE_INSTALL_PREFIX=/home/njoy/ROS/turtlebot3_ws/install/dynamixel_sdk_custom_interfaces
[4.841s] Invoking command in '/home/njoy/ROS/turtlebot3_ws/build/dynamixel_sdk_custom_interfaces': CMAKE_PREFIX_PATH=${CMAKE_PREFIX_PATH}:/home/njoy/ROS/turtlebot3_ws/install/turtlebot3_teleop:/home/njoy/ROS/turtlebot3_ws/install/turtlebot3_example:/opt/ros/jazzy:/home/njoy/ROS/ros_ws/turtlebot3_ws/install/turtlebot3_teleop:/home/njoy/ROS/ros_ws/turtlebot3_ws/install/turtlebot3_example DEBUGINFOD_URLS=ima:enforcing https://debuginfod.fedoraproject.org/ ima:ignore PS1=📦[\u@rover-dev-container \W]$ /usr/bin/cmake --build /home/njoy/ROS/turtlebot3_ws/build/dynamixel_sdk_custom_interfaces -- -j16 -l16
[4.910s] [  4%] [34m[1mGenerating type hashes for ROS interfaces[0m
[4.910s] [  4%] [34m[1mGenerating Rust code for ROS interfaces[0m
[4.921s] [  4%] Built target ament_cmake_python_symlink_dynamixel_sdk_custom_interfaces
[5.127s] [  4%] Built target dynamixel_sdk_custom_interfaces__rosidl_generator_type_description
[5.135s] running egg_info
[5.135s] creating dynamixel_sdk_custom_interfaces.egg-info
[5.146s] [  6%] [34m[1mGenerating C code for ROS interfaces[0m
[5.152s] [  6%] Built target dynamixel_sdk_custom_interfaces__rs
[5.155s] writing dynamixel_sdk_custom_interfaces.egg-info/PKG-INFO
[5.155s] writing dependency_links to dynamixel_sdk_custom_interfaces.egg-info/dependency_links.txt
[5.156s] writing top-level names to dynamixel_sdk_custom_interfaces.egg-info/top_level.txt
[5.156s] writing manifest file 'dynamixel_sdk_custom_interfaces.egg-info/SOURCES.txt'
[5.160s] [  8%] [34m[1mGenerating C++ code for ROS interfaces[0m
[5.210s] reading manifest file 'dynamixel_sdk_custom_interfaces.egg-info/SOURCES.txt'
[5.210s] writing manifest file 'dynamixel_sdk_custom_interfaces.egg-info/SOURCES.txt'
[5.253s] [  8%] Built target ament_cmake_python_build_dynamixel_sdk_custom_interfaces_egg
[5.455s] [  8%] Built target dynamixel_sdk_custom_interfaces__cpp
[5.491s] [ 11%] [32mBuilding C object CMakeFiles/dynamixel_sdk_custom_interfaces__rosidl_generator_c.dir/rosidl_generator_c/dynamixel_sdk_custom_interfaces/msg/detail/set_position__description.c.o[0m
[5.492s] [ 13%] [32mBuilding C object CMakeFiles/dynamixel_sdk_custom_interfaces__rosidl_generator_c.dir/rosidl_generator_c/dynamixel_sdk_custom_interfaces/msg/detail/set_position__type_support.c.o[0m
[5.496s] [ 17%] [32mBuilding C object CMakeFiles/dynamixel_sdk_custom_interfaces__rosidl_generator_c.dir/rosidl_generator_c/dynamixel_sdk_custom_interfaces/srv/detail/get_position__functions.c.o[0m
[5.496s] [ 20%] [32mBuilding C object CMakeFiles/dynamixel_sdk_custom_interfaces__rosidl_generator_c.dir/rosidl_generator_c/dynamixel_sdk_custom_interfaces/srv/detail/get_position__description.c.o[0m
[5.496s] [ 20%] [32mBuilding C object CMakeFiles/dynamixel_sdk_custom_interfaces__rosidl_generator_c.dir/rosidl_generator_c/dynamixel_sdk_custom_interfaces/msg/detail/set_position__functions.c.o[0m
[5.496s] [ 22%] [32mBuilding C object CMakeFiles/dynamixel_sdk_custom_interfaces__rosidl_generator_c.dir/rosidl_generator_c/dynamixel_sdk_custom_interfaces/srv/detail/get_position__type_support.c.o[0m
[5.581s] [ 24%] [32m[1mLinking C shared library libdynamixel_sdk_custom_interfaces__rosidl_generator_c.so[0m
[5.634s] [ 24%] Built target dynamixel_sdk_custom_interfaces__rosidl_generator_c
[5.651s] [ 28%] [34m[1mGenerating C++ type support dispatch for ROS interfaces[0m
[5.651s] [ 28%] [34m[1mGenerating C type support dispatch for ROS interfaces[0m
[5.652s] [ 31%] [34m[1mGenerating C type support for eProsima Fast-RTPS[0m
[5.653s] [ 33%] [34m[1mGenerating C introspection for ROS interfaces[0m
[5.654s] [ 35%] [34m[1mGenerating C++ type support for eProsima Fast-RTPS[0m
[5.655s] [ 37%] [34m[1mGenerating C++ introspection for ROS interfaces[0m
[5.953s] [ 42%] [32mBuilding CXX object CMakeFiles/dynamixel_sdk_custom_interfaces__rosidl_typesupport_c.dir/rosidl_typesupport_c/dynamixel_sdk_custom_interfaces/srv/get_position__type_support.cpp.o[0m
[5.953s] [ 42%] [32mBuilding CXX object CMakeFiles/dynamixel_sdk_custom_interfaces__rosidl_typesupport_c.dir/rosidl_typesupport_c/dynamixel_sdk_custom_interfaces/msg/set_position__type_support.cpp.o[0m
[6.014s] [ 46%] [32mBuilding CXX object CMakeFiles/dynamixel_sdk_custom_interfaces__rosidl_typesupport_introspection_cpp.dir/rosidl_typesupport_introspection_cpp/dynamixel_sdk_custom_interfaces/srv/detail/get_position__type_support.cpp.o[0m
[6.014s] [ 46%] [32mBuilding CXX object CMakeFiles/dynamixel_sdk_custom_interfaces__rosidl_typesupport_introspection_cpp.dir/rosidl_typesupport_introspection_cpp/dynamixel_sdk_custom_interfaces/msg/detail/set_position__type_support.cpp.o[0m
[6.025s] [ 48%] [32mBuilding C object CMakeFiles/dynamixel_sdk_custom_interfaces__rosidl_typesupport_introspection_c.dir/rosidl_typesupport_introspection_c/dynamixel_sdk_custom_interfaces/srv/detail/get_position__type_support.c.o[0m
[6.032s] [ 51%] [32mBuilding C object CMakeFiles/dynamixel_sdk_custom_interfaces__rosidl_typesupport_introspection_c.dir/rosidl_typesupport_introspection_c/dynamixel_sdk_custom_interfaces/msg/detail/set_position__type_support.c.o[0m
[6.039s] [ 53%] [32m[1mLinking CXX shared library libdynamixel_sdk_custom_interfaces__rosidl_typesupport_c.so[0m
[6.078s] [ 55%] [32mBuilding CXX object CMakeFiles/dynamixel_sdk_custom_interfaces__rosidl_typesupport_cpp.dir/rosidl_typesupport_cpp/dynamixel_sdk_custom_interfaces/msg/set_position__type_support.cpp.o[0m
[6.081s] [ 57%] [32mBuilding CXX object CMakeFiles/dynamixel_sdk_custom_interfaces__rosidl_typesupport_cpp.dir/rosidl_typesupport_cpp/dynamixel_sdk_custom_interfaces/srv/get_position__type_support.cpp.o[0m
[6.101s] [ 60%] [32m[1mLinking C shared library libdynamixel_sdk_custom_interfaces__rosidl_typesupport_introspection_c.so[0m
[6.121s] [ 60%] Built target dynamixel_sdk_custom_interfaces__rosidl_typesupport_c
[6.145s] [ 62%] [32mBuilding CXX object CMakeFiles/dynamixel_sdk_custom_interfaces__rosidl_typesupport_fastrtps_cpp.dir/rosidl_typesupport_fastrtps_cpp/dynamixel_sdk_custom_interfaces/msg/detail/dds_fastrtps/set_position__type_support.cpp.o[0m
[6.154s] [ 64%] [32mBuilding CXX object CMakeFiles/dynamixel_sdk_custom_interfaces__rosidl_typesupport_fastrtps_cpp.dir/rosidl_typesupport_fastrtps_cpp/dynamixel_sdk_custom_interfaces/srv/detail/dds_fastrtps/get_position__type_support.cpp.o[0m
[6.168s] [ 64%] Built target dynamixel_sdk_custom_interfaces__rosidl_typesupport_introspection_c
[6.233s] [ 68%] [32mBuilding CXX object CMakeFiles/dynamixel_sdk_custom_interfaces__rosidl_typesupport_fastrtps_c.dir/rosidl_typesupport_fastrtps_c/dynamixel_sdk_custom_interfaces/msg/detail/set_position__type_support_c.cpp.o[0m
[6.234s] [ 68%] [32mBuilding CXX object CMakeFiles/dynamixel_sdk_custom_interfaces__rosidl_typesupport_fastrtps_c.dir/rosidl_typesupport_fastrtps_c/dynamixel_sdk_custom_interfaces/srv/detail/get_position__type_support_c.cpp.o[0m
[6.634s] [ 71%] [32m[1mLinking CXX shared library libdynamixel_sdk_custom_interfaces__rosidl_typesupport_introspection_cpp.so[0m
[6.665s] [ 73%] [32m[1mLinking CXX shared library libdynamixel_sdk_custom_interfaces__rosidl_typesupport_cpp.so[0m
[6.820s] [ 73%] Built target dynamixel_sdk_custom_interfaces__rosidl_typesupport_introspection_cpp
[6.828s] [ 73%] Built target dynamixel_sdk_custom_interfaces__rosidl_typesupport_cpp
[6.937s] [ 75%] [32m[1mLinking CXX shared library libdynamixel_sdk_custom_interfaces__rosidl_typesupport_fastrtps_cpp.so[0m
[6.949s] [ 77%] [32m[1mLinking CXX shared library libdynamixel_sdk_custom_interfaces__rosidl_typesupport_fastrtps_c.so[0m
[7.016s] [ 77%] Built target dynamixel_sdk_custom_interfaces__rosidl_typesupport_fastrtps_c
[7.042s] [ 77%] Built target dynamixel_sdk_custom_interfaces__rosidl_typesupport_fastrtps_cpp
[7.077s] [ 77%] Built target dynamixel_sdk_custom_interfaces
[7.111s] [ 80%] [34m[1mGenerating Python code for ROS interfaces[0m
[7.663s] [ 80%] Built target dynamixel_sdk_custom_interfaces__py
[7.704s] [ 82%] [32mBuilding C object CMakeFiles/dynamixel_sdk_custom_interfaces__rosidl_generator_py.dir/rosidl_generator_py/dynamixel_sdk_custom_interfaces/msg/_set_position_s.c.o[0m
[7.707s] [ 84%] [32mBuilding C object CMakeFiles/dynamixel_sdk_custom_interfaces__rosidl_generator_py.dir/rosidl_generator_py/dynamixel_sdk_custom_interfaces/srv/_get_position_s.c.o[0m
[7.894s] [ 86%] [32m[1mLinking C shared library libdynamixel_sdk_custom_interfaces__rosidl_generator_py.so[0m
[7.960s] [ 86%] Built target dynamixel_sdk_custom_interfaces__rosidl_generator_py
[8.003s] [ 91%] [32mBuilding C object CMakeFiles/dynamixel_sdk_custom_interfaces_s__rosidl_typesupport_fastrtps_c.dir/rosidl_generator_py/dynamixel_sdk_custom_interfaces/_dynamixel_sdk_custom_interfaces_s.ep.rosidl_typesupport_fastrtps_c.c.o[0m
[8.004s] [ 91%] [32mBuilding C object CMakeFiles/dynamixel_sdk_custom_interfaces_s__rosidl_typesupport_introspection_c.dir/rosidl_generator_py/dynamixel_sdk_custom_interfaces/_dynamixel_sdk_custom_interfaces_s.ep.rosidl_typesupport_introspection_c.c.o[0m
[8.004s] [ 93%] [32mBuilding C object CMakeFiles/dynamixel_sdk_custom_interfaces_s__rosidl_typesupport_c.dir/rosidl_generator_py/dynamixel_sdk_custom_interfaces/_dynamixel_sdk_custom_interfaces_s.ep.rosidl_typesupport_c.c.o[0m
[8.137s] [ 95%] [32m[1mLinking C shared module rosidl_generator_py/dynamixel_sdk_custom_interfaces/dynamixel_sdk_custom_interfaces_s__rosidl_typesupport_c.so[0m
[8.170s] [ 97%] [32m[1mLinking C shared module rosidl_generator_py/dynamixel_sdk_custom_interfaces/dynamixel_sdk_custom_interfaces_s__rosidl_typesupport_introspection_c.so[0m
[8.185s] [ 97%] Built target dynamixel_sdk_custom_interfaces_s__rosidl_typesupport_c
[8.218s] [100%] [32m[1mLinking C shared module rosidl_generator_py/dynamixel_sdk_custom_interfaces/dynamixel_sdk_custom_interfaces_s__rosidl_typesupport_fastrtps_c.so[0m
[8.219s] [100%] Built target dynamixel_sdk_custom_interfaces_s__rosidl_typesupport_introspection_c
[8.269s] [100%] Built target dynamixel_sdk_custom_interfaces_s__rosidl_typesupport_fastrtps_c
[8.290s] Invoked command in '/home/njoy/ROS/turtlebot3_ws/build/dynamixel_sdk_custom_interfaces' returned '0': CMAKE_PREFIX_PATH=${CMAKE_PREFIX_PATH}:/home/njoy/ROS/turtlebot3_ws/install/turtlebot3_teleop:/home/njoy/ROS/turtlebot3_ws/install/turtlebot3_example:/opt/ros/jazzy:/home/njoy/ROS/ros_ws/turtlebot3_ws/install/turtlebot3_teleop:/home/njoy/ROS/ros_ws/turtlebot3_ws/install/turtlebot3_example DEBUGINFOD_URLS=ima:enforcing https://debuginfod.fedoraproject.org/ ima:ignore PS1=📦[\u@rover-dev-container \W]$ /usr/bin/cmake --build /home/njoy/ROS/turtlebot3_ws/build/dynamixel_sdk_custom_interfaces -- -j16 -l16
[8.292s] Invoking command in '/home/njoy/ROS/turtlebot3_ws/build/dynamixel_sdk_custom_interfaces': CMAKE_PREFIX_PATH=${CMAKE_PREFIX_PATH}:/home/njoy/ROS/turtlebot3_ws/install/turtlebot3_teleop:/home/njoy/ROS/turtlebot3_ws/install/turtlebot3_example:/opt/ros/jazzy:/home/njoy/ROS/ros_ws/turtlebot3_ws/install/turtlebot3_teleop:/home/njoy/ROS/ros_ws/turtlebot3_ws/install/turtlebot3_example DEBUGINFOD_URLS=ima:enforcing https://debuginfod.fedoraproject.org/ ima:ignore PS1=📦[\u@rover-dev-container \W]$ /usr/bin/cmake --install /home/njoy/ROS/turtlebot3_ws/build/dynamixel_sdk_custom_interfaces
[8.311s] -- Install configuration: ""
[8.321s] -- Execute custom install script
[8.321s] -- Symlinking: /home/njoy/ROS/turtlebot3_ws/install/dynamixel_sdk_custom_interfaces/share/ament_index/resource_index/rosidl_interfaces/dynamixel_sdk_custom_interfaces
[8.344s] -- Symlinking: /home/njoy/ROS/turtlebot3_ws/install/dynamixel_sdk_custom_interfaces/share/dynamixel_sdk_custom_interfaces/msg/SetPosition.json
[8.366s] -- Symlinking: /home/njoy/ROS/turtlebot3_ws/install/dynamixel_sdk_custom_interfaces/share/dynamixel_sdk_custom_interfaces/srv/GetPosition.json
[8.388s] -- Symlinking: /home/njoy/ROS/turtlebot3_ws/install/dynamixel_sdk_custom_interfaces/include/dynamixel_sdk_custom_interfaces/dynamixel_sdk_custom_interfaces/msg/detail/set_position__functions.h
[8.410s] -- Symlinking: /home/njoy/ROS/turtlebot3_ws/install/dynamixel_sdk_custom_interfaces/include/dynamixel_sdk_custom_interfaces/dynamixel_sdk_custom_interfaces/msg/detail/set_position__struct.h
[8.432s] -- Symlinking: /home/njoy/ROS/turtlebot3_ws/install/dynamixel_sdk_custom_interfaces/include/dynamixel_sdk_custom_interfaces/dynamixel_sdk_custom_interfaces/msg/detail/set_position__type_support.h
[8.453s] -- Symlinking: /home/njoy/ROS/turtlebot3_ws/install/dynamixel_sdk_custom_interfaces/include/dynamixel_sdk_custom_interfaces/dynamixel_sdk_custom_interfaces/msg/rosidl_generator_c__visibility_control.h
[8.475s] -- Symlinking: /home/njoy/ROS/turtlebot3_ws/install/dynamixel_sdk_custom_interfaces/include/dynamixel_sdk_custom_interfaces/dynamixel_sdk_custom_interfaces/msg/set_position.h
[8.497s] -- Symlinking: /home/njoy/ROS/turtlebot3_ws/install/dynamixel_sdk_custom_interfaces/include/dynamixel_sdk_custom_interfaces/dynamixel_sdk_custom_interfaces/srv/detail/get_position__functions.h
[8.518s] -- Symlinking: /home/njoy/ROS/turtlebot3_ws/install/dynamixel_sdk_custom_interfaces/include/dynamixel_sdk_custom_interfaces/dynamixel_sdk_custom_interfaces/srv/detail/get_position__struct.h
[8.541s] -- Symlinking: /home/njoy/ROS/turtlebot3_ws/install/dynamixel_sdk_custom_interfaces/include/dynamixel_sdk_custom_interfaces/dynamixel_sdk_custom_interfaces/srv/detail/get_position__type_support.h
[8.563s] -- Symlinking: /home/njoy/ROS/turtlebot3_ws/install/dynamixel_sdk_custom_interfaces/include/dynamixel_sdk_custom_interfaces/dynamixel_sdk_custom_interfaces/srv/get_position.h
[8.586s] -- Symlinking: /home/njoy/ROS/turtlebot3_ws/install/dynamixel_sdk_custom_interfaces/share/dynamixel_sdk_custom_interfaces/environment/library_path.sh
[8.609s] -- Symlinking: /home/njoy/ROS/turtlebot3_ws/install/dynamixel_sdk_custom_interfaces/share/dynamixel_sdk_custom_interfaces/environment/library_path.dsv
[8.633s] -- Symlinking: /home/njoy/ROS/turtlebot3_ws/install/dynamixel_sdk_custom_interfaces/include/dynamixel_sdk_custom_interfaces/dynamixel_sdk_custom_interfaces/msg/detail/set_position__rosidl_typesupport_fastrtps_c.h
[8.657s] -- Symlinking: /home/njoy/ROS/turtlebot3_ws/install/dynamixel_sdk_custom_interfaces/include/dynamixel_sdk_custom_interfaces/dynamixel_sdk_custom_interfaces/msg/rosidl_typesupport_fastrtps_c__visibility_control.h
[8.680s] -- Symlinking: /home/njoy/ROS/turtlebot3_ws/install/dynamixel_sdk_custom_interfaces/include/dynamixel_sdk_custom_interfaces/dynamixel_sdk_custom_interfaces/srv/detail/get_position__rosidl_typesupport_fastrtps_c.h
[8.706s] -- Symlinking: /home/njoy/ROS/turtlebot3_ws/install/dynamixel_sdk_custom_interfaces/include/dynamixel_sdk_custom_interfaces/dynamixel_sdk_custom_interfaces/msg/detail/set_position__builder.hpp
[8.720s] -- Symlinking: /home/njoy/ROS/turtlebot3_ws/install/dynamixel_sdk_custom_interfaces/include/dynamixel_sdk_custom_interfaces/dynamixel_sdk_custom_interfaces/msg/detail/set_position__struct.hpp
[8.741s] -- Symlinking: /home/njoy/ROS/turtlebot3_ws/install/dynamixel_sdk_custom_interfaces/include/dynamixel_sdk_custom_interfaces/dynamixel_sdk_custom_interfaces/msg/detail/set_position__traits.hpp
[8.778s] -- Symlinking: /home/njoy/ROS/turtlebot3_ws/install/dynamixel_sdk_custom_interfaces/include/dynamixel_sdk_custom_interfaces/dynamixel_sdk_custom_interfaces/msg/detail/set_position__type_support.hpp
[8.830s] -- Symlinking: /home/njoy/ROS/turtlebot3_ws/install/dynamixel_sdk_custom_interfaces/include/dynamixel_sdk_custom_interfaces/dynamixel_sdk_custom_interfaces/msg/rosidl_generator_cpp__visibility_control.hpp
[8.871s] -- Symlinking: /home/njoy/ROS/turtlebot3_ws/install/dynamixel_sdk_custom_interfaces/include/dynamixel_sdk_custom_interfaces/dynamixel_sdk_custom_interfaces/msg/set_position.hpp
[8.916s] -- Symlinking: /home/njoy/ROS/turtlebot3_ws/install/dynamixel_sdk_custom_interfaces/include/dynamixel_sdk_custom_interfaces/dynamixel_sdk_custom_interfaces/srv/detail/get_position__builder.hpp
[8.958s] -- Symlinking: /home/njoy/ROS/turtlebot3_ws/install/dynamixel_sdk_custom_interfaces/include/dynamixel_sdk_custom_interfaces/dynamixel_sdk_custom_interfaces/srv/detail/get_position__struct.hpp
[9.009s] -- Symlinking: /home/njoy/ROS/turtlebot3_ws/install/dynamixel_sdk_custom_interfaces/include/dynamixel_sdk_custom_interfaces/dynamixel_sdk_custom_interfaces/srv/detail/get_position__traits.hpp
[9.056s] -- Symlinking: /home/njoy/ROS/turtlebot3_ws/install/dynamixel_sdk_custom_interfaces/include/dynamixel_sdk_custom_interfaces/dynamixel_sdk_custom_interfaces/srv/detail/get_position__type_support.hpp
[9.108s] -- Symlinking: /home/njoy/ROS/turtlebot3_ws/install/dynamixel_sdk_custom_interfaces/include/dynamixel_sdk_custom_interfaces/dynamixel_sdk_custom_interfaces/srv/get_position.hpp
[9.157s] -- Symlinking: /home/njoy/ROS/turtlebot3_ws/install/dynamixel_sdk_custom_interfaces/include/dynamixel_sdk_custom_interfaces/dynamixel_sdk_custom_interfaces/msg/detail/set_position__rosidl_typesupport_fastrtps_cpp.hpp
[9.181s] -- Symlinking: /home/njoy/ROS/turtlebot3_ws/install/dynamixel_sdk_custom_interfaces/include/dynamixel_sdk_custom_interfaces/dynamixel_sdk_custom_interfaces/msg/rosidl_typesupport_fastrtps_cpp__visibility_control.h
[9.206s] -- Symlinking: /home/njoy/ROS/turtlebot3_ws/install/dynamixel_sdk_custom_interfaces/include/dynamixel_sdk_custom_interfaces/dynamixel_sdk_custom_interfaces/srv/detail/get_position__rosidl_typesupport_fastrtps_cpp.hpp
[9.235s] -- Symlinking: /home/njoy/ROS/turtlebot3_ws/install/dynamixel_sdk_custom_interfaces/include/dynamixel_sdk_custom_interfaces/dynamixel_sdk_custom_interfaces/msg/detail/set_position__rosidl_typesupport_introspection_c.h
[9.264s] -- Symlinking: /home/njoy/ROS/turtlebot3_ws/install/dynamixel_sdk_custom_interfaces/include/dynamixel_sdk_custom_interfaces/dynamixel_sdk_custom_interfaces/msg/rosidl_typesupport_introspection_c__visibility_control.h
[9.290s] -- Symlinking: /home/njoy/ROS/turtlebot3_ws/install/dynamixel_sdk_custom_interfaces/include/dynamixel_sdk_custom_interfaces/dynamixel_sdk_custom_interfaces/srv/detail/get_position__rosidl_typesupport_introspection_c.h
[9.311s] -- Symlinking: /home/njoy/ROS/turtlebot3_ws/install/dynamixel_sdk_custom_interfaces/include/dynamixel_sdk_custom_interfaces/dynamixel_sdk_custom_interfaces/msg/detail/set_position__rosidl_typesupport_introspection_cpp.hpp
[9.354s] -- Symlinking: /home/njoy/ROS/turtlebot3_ws/install/dynamixel_sdk_custom_interfaces/include/dynamixel_sdk_custom_interfaces/dynamixel_sdk_custom_interfaces/srv/detail/get_position__rosidl_typesupport_introspection_cpp.hpp
[9.379s] -- Symlinking: /home/njoy/ROS/turtlebot3_ws/install/dynamixel_sdk_custom_interfaces/share/dynamixel_sdk_custom_interfaces/environment/pythonpath.sh
[9.401s] -- Symlinking: /home/njoy/ROS/turtlebot3_ws/install/dynamixel_sdk_custom_interfaces/share/dynamixel_sdk_custom_interfaces/environment/pythonpath.dsv
[9.426s] -- Symlinking: /home/njoy/ROS/turtlebot3_ws/install/dynamixel_sdk_custom_interfaces/lib/python3.12/site-packages/dynamixel_sdk_custom_interfaces-4.0.5-py3.12.egg-info/PKG-INFO
[9.451s] -- Symlinking: /home/njoy/ROS/turtlebot3_ws/install/dynamixel_sdk_custom_interfaces/lib/python3.12/site-packages/dynamixel_sdk_custom_interfaces-4.0.5-py3.12.egg-info/SOURCES.txt
[9.496s] -- Symlinking: /home/njoy/ROS/turtlebot3_ws/install/dynamixel_sdk_custom_interfaces/lib/python3.12/site-packages/dynamixel_sdk_custom_interfaces-4.0.5-py3.12.egg-info/dependency_links.txt
[9.530s] -- Symlinking: /home/njoy/ROS/turtlebot3_ws/install/dynamixel_sdk_custom_interfaces/lib/python3.12/site-packages/dynamixel_sdk_custom_interfaces-4.0.5-py3.12.egg-info/top_level.txt
[9.569s] -- Symlinking: /home/njoy/ROS/turtlebot3_ws/install/dynamixel_sdk_custom_interfaces/lib/python3.12/site-packages/dynamixel_sdk_custom_interfaces/__init__.py
[9.590s] -- Symlinking: /home/njoy/ROS/turtlebot3_ws/install/dynamixel_sdk_custom_interfaces/lib/python3.12/site-packages/dynamixel_sdk_custom_interfaces/_dynamixel_sdk_custom_interfaces_s.ep.rosidl_typesupport_c.c
[9.610s] -- Symlinking: /home/njoy/ROS/turtlebot3_ws/install/dynamixel_sdk_custom_interfaces/lib/python3.12/site-packages/dynamixel_sdk_custom_interfaces/_dynamixel_sdk_custom_interfaces_s.ep.rosidl_typesupport_fastrtps_c.c
[9.633s] -- Symlinking: /home/njoy/ROS/turtlebot3_ws/install/dynamixel_sdk_custom_interfaces/lib/python3.12/site-packages/dynamixel_sdk_custom_interfaces/_dynamixel_sdk_custom_interfaces_s.ep.rosidl_typesupport_introspection_c.c
[9.676s] -- Symlinking: /home/njoy/ROS/turtlebot3_ws/install/dynamixel_sdk_custom_interfaces/lib/python3.12/site-packages/dynamixel_sdk_custom_interfaces/dynamixel_sdk_custom_interfaces_s__rosidl_typesupport_c.so
[9.705s] -- Symlinking: /home/njoy/ROS/turtlebot3_ws/install/dynamixel_sdk_custom_interfaces/lib/python3.12/site-packages/dynamixel_sdk_custom_interfaces/dynamixel_sdk_custom_interfaces_s__rosidl_typesupport_fastrtps_c.so
[9.732s] -- Symlinking: /home/njoy/ROS/turtlebot3_ws/install/dynamixel_sdk_custom_interfaces/lib/python3.12/site-packages/dynamixel_sdk_custom_interfaces/dynamixel_sdk_custom_interfaces_s__rosidl_typesupport_introspection_c.so
[9.754s] -- Symlinking: /home/njoy/ROS/turtlebot3_ws/install/dynamixel_sdk_custom_interfaces/lib/python3.12/site-packages/dynamixel_sdk_custom_interfaces/msg/__init__.py
[9.773s] -- Symlinking: /home/njoy/ROS/turtlebot3_ws/install/dynamixel_sdk_custom_interfaces/lib/python3.12/site-packages/dynamixel_sdk_custom_interfaces/msg/_set_position.py
[9.794s] -- Symlinking: /home/njoy/ROS/turtlebot3_ws/install/dynamixel_sdk_custom_interfaces/lib/python3.12/site-packages/dynamixel_sdk_custom_interfaces/msg/_set_position_s.c
[9.812s] -- Symlinking: /home/njoy/ROS/turtlebot3_ws/install/dynamixel_sdk_custom_interfaces/lib/python3.12/site-packages/dynamixel_sdk_custom_interfaces/srv/__init__.py
[9.837s] -- Symlinking: /home/njoy/ROS/turtlebot3_ws/install/dynamixel_sdk_custom_interfaces/lib/python3.12/site-packages/dynamixel_sdk_custom_interfaces/srv/_get_position.py
[9.857s] -- Symlinking: /home/njoy/ROS/turtlebot3_ws/install/dynamixel_sdk_custom_interfaces/lib/python3.12/site-packages/dynamixel_sdk_custom_interfaces/srv/_get_position_s.c
[9.882s] -- Up-to-date symlink: /home/njoy/ROS/turtlebot3_ws/install/dynamixel_sdk_custom_interfaces/lib/python3.12/site-packages/dynamixel_sdk_custom_interfaces/dynamixel_sdk_custom_interfaces_s__rosidl_typesupport_fastrtps_c.so
[9.883s] -- Up-to-date symlink: /home/njoy/ROS/turtlebot3_ws/install/dynamixel_sdk_custom_interfaces/lib/python3.12/site-packages/dynamixel_sdk_custom_interfaces/dynamixel_sdk_custom_interfaces_s__rosidl_typesupport_introspection_c.so
[9.883s] -- Up-to-date symlink: /home/njoy/ROS/turtlebot3_ws/install/dynamixel_sdk_custom_interfaces/lib/python3.12/site-packages/dynamixel_sdk_custom_interfaces/dynamixel_sdk_custom_interfaces_s__rosidl_typesupport_c.so
[9.883s] -- Symlinking: /home/njoy/ROS/turtlebot3_ws/install/dynamixel_sdk_custom_interfaces/share/ament_index/resource_index/rust_packages/dynamixel_sdk_custom_interfaces
[9.905s] -- Symlinking: /home/njoy/ROS/turtlebot3_ws/install/dynamixel_sdk_custom_interfaces/share/dynamixel_sdk_custom_interfaces/rust/Cargo.toml
[9.925s] -- Symlinking: /home/njoy/ROS/turtlebot3_ws/install/dynamixel_sdk_custom_interfaces/share/dynamixel_sdk_custom_interfaces/rust/build.rs
[9.946s] -- Symlinking: /home/njoy/ROS/turtlebot3_ws/install/dynamixel_sdk_custom_interfaces/share/dynamixel_sdk_custom_interfaces/rust/src/lib.rs
[9.969s] -- Symlinking: /home/njoy/ROS/turtlebot3_ws/install/dynamixel_sdk_custom_interfaces/share/dynamixel_sdk_custom_interfaces/rust/src/msg.rs
[9.994s] -- Symlinking: /home/njoy/ROS/turtlebot3_ws/install/dynamixel_sdk_custom_interfaces/share/dynamixel_sdk_custom_interfaces/rust/src/msg/rmw.rs
[10.038s] -- Symlinking: /home/njoy/ROS/turtlebot3_ws/install/dynamixel_sdk_custom_interfaces/share/dynamixel_sdk_custom_interfaces/rust/src/srv.rs
[10.085s] -- Symlinking: /home/njoy/ROS/turtlebot3_ws/install/dynamixel_sdk_custom_interfaces/share/dynamixel_sdk_custom_interfaces/rust/src/srv/rmw.rs
[10.132s] -- Symlinking: /home/njoy/ROS/turtlebot3_ws/install/dynamixel_sdk_custom_interfaces/share/dynamixel_sdk_custom_interfaces/msg/SetPosition.idl
[10.183s] -- Symlinking: /home/njoy/ROS/turtlebot3_ws/install/dynamixel_sdk_custom_interfaces/share/dynamixel_sdk_custom_interfaces/srv/GetPosition.idl
[10.232s] -- Symlinking: /home/njoy/ROS/turtlebot3_ws/install/dynamixel_sdk_custom_interfaces/share/dynamixel_sdk_custom_interfaces/msg/SetPosition.msg
[10.261s] -- Symlinking: /home/njoy/ROS/turtlebot3_ws/install/dynamixel_sdk_custom_interfaces/share/dynamixel_sdk_custom_interfaces/srv/GetPosition.srv
[10.314s] -- Symlinking: /home/njoy/ROS/turtlebot3_ws/install/dynamixel_sdk_custom_interfaces/share/ament_index/resource_index/package_run_dependencies/dynamixel_sdk_custom_interfaces
[10.349s] -- Symlinking: /home/njoy/ROS/turtlebot3_ws/install/dynamixel_sdk_custom_interfaces/share/ament_index/resource_index/parent_prefix_path/dynamixel_sdk_custom_interfaces
[10.378s] -- Symlinking: /home/njoy/ROS/turtlebot3_ws/install/dynamixel_sdk_custom_interfaces/share/dynamixel_sdk_custom_interfaces/environment/ament_prefix_path.sh
[10.400s] -- Symlinking: /home/njoy/ROS/turtlebot3_ws/install/dynamixel_sdk_custom_interfaces/share/dynamixel_sdk_custom_interfaces/environment/ament_prefix_path.dsv
[10.423s] -- Symlinking: /home/njoy/ROS/turtlebot3_ws/install/dynamixel_sdk_custom_interfaces/share/dynamixel_sdk_custom_interfaces/environment/path.sh
[10.450s] -- Symlinking: /home/njoy/ROS/turtlebot3_ws/install/dynamixel_sdk_custom_interfaces/share/dynamixel_sdk_custom_interfaces/environment/path.dsv
[10.473s] -- Symlinking: /home/njoy/ROS/turtlebot3_ws/install/dynamixel_sdk_custom_interfaces/share/dynamixel_sdk_custom_interfaces/local_setup.bash
[10.500s] -- Symlinking: /home/njoy/ROS/turtlebot3_ws/install/dynamixel_sdk_custom_interfaces/share/dynamixel_sdk_custom_interfaces/local_setup.sh
[10.524s] -- Symlinking: /home/njoy/ROS/turtlebot3_ws/install/dynamixel_sdk_custom_interfaces/share/dynamixel_sdk_custom_interfaces/local_setup.zsh
[10.545s] -- Symlinking: /home/njoy/ROS/turtlebot3_ws/install/dynamixel_sdk_custom_interfaces/share/dynamixel_sdk_custom_interfaces/local_setup.dsv
[10.570s] -- Symlinking: /home/njoy/ROS/turtlebot3_ws/install/dynamixel_sdk_custom_interfaces/share/dynamixel_sdk_custom_interfaces/package.dsv
[10.595s] -- Symlinking: /home/njoy/ROS/turtlebot3_ws/install/dynamixel_sdk_custom_interfaces/share/ament_index/resource_index/packages/dynamixel_sdk_custom_interfaces
[10.620s] -- Symlinking: /home/njoy/ROS/turtlebot3_ws/install/dynamixel_sdk_custom_interfaces/share/dynamixel_sdk_custom_interfaces/cmake/rosidl_cmake-extras.cmake
[10.648s] -- Symlinking: /home/njoy/ROS/turtlebot3_ws/install/dynamixel_sdk_custom_interfaces/share/dynamixel_sdk_custom_interfaces/cmake/ament_cmake_export_dependencies-extras.cmake
[10.670s] -- Symlinking: /home/njoy/ROS/turtlebot3_ws/install/dynamixel_sdk_custom_interfaces/share/dynamixel_sdk_custom_interfaces/cmake/ament_cmake_export_include_directories-extras.cmake
[10.696s] -- Symlinking: /home/njoy/ROS/turtlebot3_ws/install/dynamixel_sdk_custom_interfaces/share/dynamixel_sdk_custom_interfaces/cmake/ament_cmake_export_libraries-extras.cmake
[10.721s] -- Symlinking: /home/njoy/ROS/turtlebot3_ws/install/dynamixel_sdk_custom_interfaces/share/dynamixel_sdk_custom_interfaces/cmake/ament_cmake_export_targets-extras.cmake
[10.742s] -- Symlinking: /home/njoy/ROS/turtlebot3_ws/install/dynamixel_sdk_custom_interfaces/share/dynamixel_sdk_custom_interfaces/cmake/rosidl_cmake_export_typesupport_targets-extras.cmake
[10.761s] -- Symlinking: /home/njoy/ROS/turtlebot3_ws/install/dynamixel_sdk_custom_interfaces/share/dynamixel_sdk_custom_interfaces/cmake/rosidl_cmake_export_typesupport_libraries-extras.cmake
[10.780s] -- Symlinking: /home/njoy/ROS/turtlebot3_ws/install/dynamixel_sdk_custom_interfaces/share/dynamixel_sdk_custom_interfaces/cmake/dynamixel_sdk_custom_interfacesConfig.cmake
[10.796s] -- Symlinking: /home/njoy/ROS/turtlebot3_ws/install/dynamixel_sdk_custom_interfaces/share/dynamixel_sdk_custom_interfaces/cmake/dynamixel_sdk_custom_interfacesConfig-version.cmake
[10.814s] -- Symlinking: /home/njoy/ROS/turtlebot3_ws/install/dynamixel_sdk_custom_interfaces/share/dynamixel_sdk_custom_interfaces/package.xml
[10.839s] -- Installing: /home/njoy/ROS/turtlebot3_ws/install/dynamixel_sdk_custom_interfaces/lib/libdynamixel_sdk_custom_interfaces__rosidl_generator_c.so
[10.848s] -- Set non-toolchain portion of runtime path of "/home/njoy/ROS/turtlebot3_ws/install/dynamixel_sdk_custom_interfaces/lib/libdynamixel_sdk_custom_interfaces__rosidl_generator_c.so" to ""
[10.849s] -- Installing: /home/njoy/ROS/turtlebot3_ws/install/dynamixel_sdk_custom_interfaces/lib/libdynamixel_sdk_custom_interfaces__rosidl_typesupport_fastrtps_c.so
[10.850s] -- Set non-toolchain portion of runtime path of "/home/njoy/ROS/turtlebot3_ws/install/dynamixel_sdk_custom_interfaces/lib/libdynamixel_sdk_custom_interfaces__rosidl_typesupport_fastrtps_c.so" to ""
[10.850s] -- Installing: /home/njoy/ROS/turtlebot3_ws/install/dynamixel_sdk_custom_interfaces/lib/libdynamixel_sdk_custom_interfaces__rosidl_typesupport_fastrtps_cpp.so
[10.852s] -- Set non-toolchain portion of runtime path of "/home/njoy/ROS/turtlebot3_ws/install/dynamixel_sdk_custom_interfaces/lib/libdynamixel_sdk_custom_interfaces__rosidl_typesupport_fastrtps_cpp.so" to ""
[10.852s] -- Installing: /home/njoy/ROS/turtlebot3_ws/install/dynamixel_sdk_custom_interfaces/lib/libdynamixel_sdk_custom_interfaces__rosidl_typesupport_introspection_c.so
[10.853s] -- Set non-toolchain portion of runtime path of "/home/njoy/ROS/turtlebot3_ws/install/dynamixel_sdk_custom_interfaces/lib/libdynamixel_sdk_custom_interfaces__rosidl_typesupport_introspection_c.so" to ""
[10.853s] -- Installing: /home/njoy/ROS/turtlebot3_ws/install/dynamixel_sdk_custom_interfaces/lib/libdynamixel_sdk_custom_interfaces__rosidl_typesupport_c.so
[10.854s] -- Set non-toolchain portion of runtime path of "/home/njoy/ROS/turtlebot3_ws/install/dynamixel_sdk_custom_interfaces/lib/libdynamixel_sdk_custom_interfaces__rosidl_typesupport_c.so" to ""
[10.854s] -- Installing: /home/njoy/ROS/turtlebot3_ws/install/dynamixel_sdk_custom_interfaces/lib/libdynamixel_sdk_custom_interfaces__rosidl_typesupport_introspection_cpp.so
[10.856s] -- Set non-toolchain portion of runtime path of "/home/njoy/ROS/turtlebot3_ws/install/dynamixel_sdk_custom_interfaces/lib/libdynamixel_sdk_custom_interfaces__rosidl_typesupport_introspection_cpp.so" to ""
[10.856s] -- Installing: /home/njoy/ROS/turtlebot3_ws/install/dynamixel_sdk_custom_interfaces/lib/libdynamixel_sdk_custom_interfaces__rosidl_typesupport_cpp.so
[10.858s] -- Set non-toolchain portion of runtime path of "/home/njoy/ROS/turtlebot3_ws/install/dynamixel_sdk_custom_interfaces/lib/libdynamixel_sdk_custom_interfaces__rosidl_typesupport_cpp.so" to ""
[10.910s] Listing '/home/njoy/ROS/turtlebot3_ws/install/dynamixel_sdk_custom_interfaces/lib/python3.12/site-packages/dynamixel_sdk_custom_interfaces'...
[10.910s] Compiling '/home/njoy/ROS/turtlebot3_ws/install/dynamixel_sdk_custom_interfaces/lib/python3.12/site-packages/dynamixel_sdk_custom_interfaces/__init__.py'...
[10.910s] Listing '/home/njoy/ROS/turtlebot3_ws/install/dynamixel_sdk_custom_interfaces/lib/python3.12/site-packages/dynamixel_sdk_custom_interfaces/msg'...
[10.910s] Compiling '/home/njoy/ROS/turtlebot3_ws/install/dynamixel_sdk_custom_interfaces/lib/python3.12/site-packages/dynamixel_sdk_custom_interfaces/msg/__init__.py'...
[10.910s] Compiling '/home/njoy/ROS/turtlebot3_ws/install/dynamixel_sdk_custom_interfaces/lib/python3.12/site-packages/dynamixel_sdk_custom_interfaces/msg/_set_position.py'...
[10.910s] Listing '/home/njoy/ROS/turtlebot3_ws/install/dynamixel_sdk_custom_interfaces/lib/python3.12/site-packages/dynamixel_sdk_custom_interfaces/srv'...
[10.911s] Compiling '/home/njoy/ROS/turtlebot3_ws/install/dynamixel_sdk_custom_interfaces/lib/python3.12/site-packages/dynamixel_sdk_custom_interfaces/srv/__init__.py'...
[10.911s] Compiling '/home/njoy/ROS/turtlebot3_ws/install/dynamixel_sdk_custom_interfaces/lib/python3.12/site-packages/dynamixel_sdk_custom_interfaces/srv/_get_position.py'...
[10.917s] -- Installing: /home/njoy/ROS/turtlebot3_ws/install/dynamixel_sdk_custom_interfaces/lib/libdynamixel_sdk_custom_interfaces__rosidl_generator_py.so
[10.919s] -- Set non-toolchain portion of runtime path of "/home/njoy/ROS/turtlebot3_ws/install/dynamixel_sdk_custom_interfaces/lib/libdynamixel_sdk_custom_interfaces__rosidl_generator_py.so" to ""
[10.919s] -- Installing: /home/njoy/ROS/turtlebot3_ws/install/dynamixel_sdk_custom_interfaces/share/dynamixel_sdk_custom_interfaces/cmake/export_dynamixel_sdk_custom_interfaces__rosidl_generator_cExport.cmake
[10.920s] -- Installing: /home/njoy/ROS/turtlebot3_ws/install/dynamixel_sdk_custom_interfaces/share/dynamixel_sdk_custom_interfaces/cmake/export_dynamixel_sdk_custom_interfaces__rosidl_generator_cExport-noconfig.cmake
[10.920s] -- Installing: /home/njoy/ROS/turtlebot3_ws/install/dynamixel_sdk_custom_interfaces/share/dynamixel_sdk_custom_interfaces/cmake/export_dynamixel_sdk_custom_interfaces__rosidl_typesupport_fastrtps_cExport.cmake
[10.920s] -- Installing: /home/njoy/ROS/turtlebot3_ws/install/dynamixel_sdk_custom_interfaces/share/dynamixel_sdk_custom_interfaces/cmake/export_dynamixel_sdk_custom_interfaces__rosidl_typesupport_fastrtps_cExport-noconfig.cmake
[10.920s] -- Installing: /home/njoy/ROS/turtlebot3_ws/install/dynamixel_sdk_custom_interfaces/share/dynamixel_sdk_custom_interfaces/cmake/export_dynamixel_sdk_custom_interfaces__rosidl_generator_cppExport.cmake
[10.921s] -- Installing: /home/njoy/ROS/turtlebot3_ws/install/dynamixel_sdk_custom_interfaces/share/dynamixel_sdk_custom_interfaces/cmake/export_dynamixel_sdk_custom_interfaces__rosidl_typesupport_fastrtps_cppExport.cmake
[10.921s] -- Installing: /home/njoy/ROS/turtlebot3_ws/install/dynamixel_sdk_custom_interfaces/share/dynamixel_sdk_custom_interfaces/cmake/export_dynamixel_sdk_custom_interfaces__rosidl_typesupport_fastrtps_cppExport-noconfig.cmake
[10.921s] -- Installing: /home/njoy/ROS/turtlebot3_ws/install/dynamixel_sdk_custom_interfaces/share/dynamixel_sdk_custom_interfaces/cmake/dynamixel_sdk_custom_interfaces__rosidl_typesupport_introspection_cExport.cmake
[10.922s] -- Installing: /home/njoy/ROS/turtlebot3_ws/install/dynamixel_sdk_custom_interfaces/share/dynamixel_sdk_custom_interfaces/cmake/dynamixel_sdk_custom_interfaces__rosidl_typesupport_introspection_cExport-noconfig.cmake
[10.922s] -- Installing: /home/njoy/ROS/turtlebot3_ws/install/dynamixel_sdk_custom_interfaces/share/dynamixel_sdk_custom_interfaces/cmake/dynamixel_sdk_custom_interfaces__rosidl_typesupport_cExport.cmake
[10.922s] -- Installing: /home/njoy/ROS/turtlebot3_ws/install/dynamixel_sdk_custom_interfaces/share/dynamixel_sdk_custom_interfaces/cmake/dynamixel_sdk_custom_interfaces__rosidl_typesupport_cExport-noconfig.cmake
[10.922s] -- Installing: /home/njoy/ROS/turtlebot3_ws/install/dynamixel_sdk_custom_interfaces/share/dynamixel_sdk_custom_interfaces/cmake/dynamixel_sdk_custom_interfaces__rosidl_typesupport_introspection_cppExport.cmake
[10.923s] -- Installing: /home/njoy/ROS/turtlebot3_ws/install/dynamixel_sdk_custom_interfaces/share/dynamixel_sdk_custom_interfaces/cmake/dynamixel_sdk_custom_interfaces__rosidl_typesupport_introspection_cppExport-noconfig.cmake
[10.923s] -- Installing: /home/njoy/ROS/turtlebot3_ws/install/dynamixel_sdk_custom_interfaces/share/dynamixel_sdk_custom_interfaces/cmake/dynamixel_sdk_custom_interfaces__rosidl_typesupport_cppExport.cmake
[10.923s] -- Installing: /home/njoy/ROS/turtlebot3_ws/install/dynamixel_sdk_custom_interfaces/share/dynamixel_sdk_custom_interfaces/cmake/dynamixel_sdk_custom_interfaces__rosidl_typesupport_cppExport-noconfig.cmake
[10.923s] -- Installing: /home/njoy/ROS/turtlebot3_ws/install/dynamixel_sdk_custom_interfaces/share/dynamixel_sdk_custom_interfaces/cmake/export_dynamixel_sdk_custom_interfaces__rosidl_generator_pyExport.cmake
[10.924s] -- Installing: /home/njoy/ROS/turtlebot3_ws/install/dynamixel_sdk_custom_interfaces/share/dynamixel_sdk_custom_interfaces/cmake/export_dynamixel_sdk_custom_interfaces__rosidl_generator_pyExport-noconfig.cmake
[10.927s] Invoked command in '/home/njoy/ROS/turtlebot3_ws/build/dynamixel_sdk_custom_interfaces' returned '0': CMAKE_PREFIX_PATH=${CMAKE_PREFIX_PATH}:/home/njoy/ROS/turtlebot3_ws/install/turtlebot3_teleop:/home/njoy/ROS/turtlebot3_ws/install/turtlebot3_example:/opt/ros/jazzy:/home/njoy/ROS/ros_ws/turtlebot3_ws/install/turtlebot3_teleop:/home/njoy/ROS/ros_ws/turtlebot3_ws/install/turtlebot3_example DEBUGINFOD_URLS=ima:enforcing https://debuginfod.fedoraproject.org/ ima:ignore PS1=📦[\u@rover-dev-container \W]$ /usr/bin/cmake --install /home/njoy/ROS/turtlebot3_ws/build/dynamixel_sdk_custom_interfaces
