[0.032s] Invoking command in '/home/njoy/rover-simulation/turtlebot3_ws/src/build/turtlebot3_gazebo': CMAKE_PREFIX_PATH=${CMAKE_PREFIX_PATH}:/home/njoy/rover-simulation/turtlebot3_ws/install/turtlebot3_teleop:/home/njoy/rover-simulation/turtlebot3_ws/install/turtlebot3_example:/opt/ros/jazzy DEBUGINFOD_URLS=ima:enforcing https://debuginfod.fedoraproject.org/ ima:ignore PS1=📦[\u@rover-dev-container \W]$ /usr/bin/cmake /home/njoy/rover-simulation/turtlebot3_ws/src/turtlebot3_simulations/turtlebot3_gazebo -DAMENT_CMAKE_SYMLINK_INSTALL=1 -DCMAKE_INSTALL_PREFIX=/home/njoy/rover-simulation/turtlebot3_ws/src/install/turtlebot3_gazebo
[0.114s] -- The C compiler identification is GNU 13.3.0
[0.192s] -- The CXX compiler identification is GNU 13.3.0
[0.212s] -- Detecting C compiler ABI info
[0.318s] -- Detecting C compiler ABI info - done
[0.329s] -- Check for working C compiler: /usr/bin/cc - skipped
[0.329s] -- Detecting C compile features
[0.330s] -- Detecting C compile features - done
[0.343s] -- Detecting CXX compiler ABI info
[0.461s] -- Detecting CXX compiler ABI info - done
[0.475s] -- Check for working CXX compiler: /usr/bin/c++ - skipped
[0.476s] -- Detecting CXX compile features
[0.476s] -- Detecting CXX compile features - done
[0.482s] -- Found ament_cmake: 2.5.6 (/opt/ros/jazzy/share/ament_cmake/cmake)
[0.679s] -- Found Python3: /usr/bin/python3 (found version "3.12.3") found components: Interpreter 
[0.771s] -- Override CMake install command with custom implementation using symlinks instead of copying resources
[0.876s] [31mCMake Error at CMakeLists.txt:23 (find_package):
[0.876s]   By not providing "Findros_gz_sim.cmake" in CMAKE_MODULE_PATH this project
[0.876s]   has asked CMake to find a package configuration file provided by
[0.876s]   "ros_gz_sim", but CMake did not find one.
[0.876s] 
[0.877s]   Could not find a package configuration file provided by "ros_gz_sim" with
[0.877s]   any of the following names:
[0.877s] 
[0.877s]     ros_gz_simConfig.cmake
[0.877s]     ros_gz_sim-config.cmake
[0.877s] 
[0.877s]   Add the installation prefix of "ros_gz_sim" to CMAKE_PREFIX_PATH or set
[0.877s]   "ros_gz_sim_DIR" to a directory containing one of the above files.  If
[0.877s]   "ros_gz_sim" provides a separate development package or SDK, be sure it has
[0.877s]   been installed.
[0.878s] 
[0.878s] [0m
[0.878s] -- Configuring incomplete, errors occurred!
[0.886s] Invoked command in '/home/njoy/rover-simulation/turtlebot3_ws/src/build/turtlebot3_gazebo' returned '1': CMAKE_PREFIX_PATH=${CMAKE_PREFIX_PATH}:/home/njoy/rover-simulation/turtlebot3_ws/install/turtlebot3_teleop:/home/njoy/rover-simulation/turtlebot3_ws/install/turtlebot3_example:/opt/ros/jazzy DEBUGINFOD_URLS=ima:enforcing https://debuginfod.fedoraproject.org/ ima:ignore PS1=📦[\u@rover-dev-container \W]$ /usr/bin/cmake /home/njoy/rover-simulation/turtlebot3_ws/src/turtlebot3_simulations/turtlebot3_gazebo -DAMENT_CMAKE_SYMLINK_INSTALL=1 -DCMAKE_INSTALL_PREFIX=/home/njoy/rover-simulation/turtlebot3_ws/src/install/turtlebot3_gazebo
