[1.130s] Invoking command in '/home/njoy/rover-simulation/turtlebot3_ws/build/turtlebot3_example': CMAKE_PREFIX_PATH=/home/njoy/rover-simulation/turtlebot3_ws/install/turtlebot3_msgs:/home/njoy/rover-simulation/turtlebot3_ws/install/turtlebot3:/home/njoy/rover-simulation/turtlebot3_ws/install/turtlebot3_bringup:/home/njoy/rover-simulation/turtlebot3_ws/install/turtlebot3_node:/home/njoy/rover-simulation/turtlebot3_ws/install/turtlebot3_navigation2:/home/njoy/rover-simulation/turtlebot3_ws/install/turtlebot3_description:/home/njoy/rover-simulation/turtlebot3_ws/install/turtlebot3_cartographer:/home/njoy/rover-simulation/turtlebot3_ws/install/dynamixel_sdk_examples:/home/njoy/rover-simulation/turtlebot3_ws/install/dynamixel_sdk_custom_interfaces:/home/njoy/rover-simulation/turtlebot3_ws/install/dynamixel_sdk:/opt/ros/jazzy/opt/gz_math_vendor:/opt/ros/jazzy/opt/gz_utils_vendor:/opt/ros/jazzy/opt/gz_cmake_vendor DEBUGINFOD_URLS=ima:enforcing https://debuginfod.fedoraproject.org/ ima:ignore PS1=📦[\u@rover-dev-container \W]$ PYTHONPATH=/home/njoy/rover-simulation/turtlebot3_ws/build/turtlebot3_example/prefix_override:/usr/lib/python3/dist-packages/colcon_core/task/python/colcon_distutils_commands:/home/njoy/rover-simulation/turtlebot3_ws/install/turtlebot3_example/lib/python3.12/site-packages:/home/njoy/rover-simulation/turtlebot3_ws/install/turtlebot3_msgs/lib/python3.12/site-packages:/home/njoy/rover-simulation/turtlebot3_ws/build/turtlebot3_teleop:/home/njoy/rover-simulation/turtlebot3_ws/install/turtlebot3_teleop/lib/python3.12/site-packages:/home/njoy/rover-simulation/turtlebot3_ws/build/turtlebot3_example:/home/njoy/rover-simulation/turtlebot3_ws/install/turtlebot3_example/lib/python3.12/site-packages:/home/njoy/rover-simulation/turtlebot3_ws/install/dynamixel_sdk_custom_interfaces/lib/python3.12/site-packages:/home/njoy/rover-simulation/turtlebot3_ws/install/dynamixel_sdk/lib/python3.12/site-packages:/opt/ros/jazzy/lib/python3.12/site-packages /usr/bin/python3 -W ignore:setup.py install is deprecated -W ignore:easy_install command is deprecated setup.py develop --editable --build-directory /home/njoy/rover-simulation/turtlebot3_ws/build/turtlebot3_example/build --no-deps symlink_data
[1.443s] running develop
[1.624s] running egg_info
[1.640s] writing turtlebot3_example.egg-info/PKG-INFO
[1.640s] writing dependency_links to turtlebot3_example.egg-info/dependency_links.txt
[1.640s] writing entry points to turtlebot3_example.egg-info/entry_points.txt
[1.640s] writing requirements to turtlebot3_example.egg-info/requires.txt
[1.640s] writing top-level names to turtlebot3_example.egg-info/top_level.txt
[1.673s] reading manifest file 'turtlebot3_example.egg-info/SOURCES.txt'
[1.674s] writing manifest file 'turtlebot3_example.egg-info/SOURCES.txt'
[1.692s] running build_ext
[1.692s] Creating /home/njoy/rover-simulation/turtlebot3_ws/install/turtlebot3_example/lib/python3.12/site-packages/turtlebot3-example.egg-link (link to .)
[1.692s] Installing turtlebot3_absolute_move script to /home/njoy/rover-simulation/turtlebot3_ws/install/turtlebot3_example/lib/turtlebot3_example
[1.693s] Installing turtlebot3_interactive_marker script to /home/njoy/rover-simulation/turtlebot3_ws/install/turtlebot3_example/lib/turtlebot3_example
[1.693s] Installing turtlebot3_obstacle_detection script to /home/njoy/rover-simulation/turtlebot3_ws/install/turtlebot3_example/lib/turtlebot3_example
[1.693s] Installing turtlebot3_patrol_client script to /home/njoy/rover-simulation/turtlebot3_ws/install/turtlebot3_example/lib/turtlebot3_example
[1.693s] Installing turtlebot3_patrol_server script to /home/njoy/rover-simulation/turtlebot3_ws/install/turtlebot3_example/lib/turtlebot3_example
[1.693s] Installing turtlebot3_relative_move script to /home/njoy/rover-simulation/turtlebot3_ws/install/turtlebot3_example/lib/turtlebot3_example
[1.693s] 
[1.693s] Installed /home/njoy/rover-simulation/turtlebot3_ws/build/turtlebot3_example
[1.694s] running symlink_data
[1.729s] Invoked command in '/home/njoy/rover-simulation/turtlebot3_ws/build/turtlebot3_example' returned '0': CMAKE_PREFIX_PATH=/home/njoy/rover-simulation/turtlebot3_ws/install/turtlebot3_msgs:/home/njoy/rover-simulation/turtlebot3_ws/install/turtlebot3:/home/njoy/rover-simulation/turtlebot3_ws/install/turtlebot3_bringup:/home/njoy/rover-simulation/turtlebot3_ws/install/turtlebot3_node:/home/njoy/rover-simulation/turtlebot3_ws/install/turtlebot3_navigation2:/home/njoy/rover-simulation/turtlebot3_ws/install/turtlebot3_description:/home/njoy/rover-simulation/turtlebot3_ws/install/turtlebot3_cartographer:/home/njoy/rover-simulation/turtlebot3_ws/install/dynamixel_sdk_examples:/home/njoy/rover-simulation/turtlebot3_ws/install/dynamixel_sdk_custom_interfaces:/home/njoy/rover-simulation/turtlebot3_ws/install/dynamixel_sdk:/opt/ros/jazzy/opt/gz_math_vendor:/opt/ros/jazzy/opt/gz_utils_vendor:/opt/ros/jazzy/opt/gz_cmake_vendor DEBUGINFOD_URLS=ima:enforcing https://debuginfod.fedoraproject.org/ ima:ignore PS1=📦[\u@rover-dev-container \W]$ PYTHONPATH=/home/njoy/rover-simulation/turtlebot3_ws/build/turtlebot3_example/prefix_override:/usr/lib/python3/dist-packages/colcon_core/task/python/colcon_distutils_commands:/home/njoy/rover-simulation/turtlebot3_ws/install/turtlebot3_example/lib/python3.12/site-packages:/home/njoy/rover-simulation/turtlebot3_ws/install/turtlebot3_msgs/lib/python3.12/site-packages:/home/njoy/rover-simulation/turtlebot3_ws/build/turtlebot3_teleop:/home/njoy/rover-simulation/turtlebot3_ws/install/turtlebot3_teleop/lib/python3.12/site-packages:/home/njoy/rover-simulation/turtlebot3_ws/build/turtlebot3_example:/home/njoy/rover-simulation/turtlebot3_ws/install/turtlebot3_example/lib/python3.12/site-packages:/home/njoy/rover-simulation/turtlebot3_ws/install/dynamixel_sdk_custom_interfaces/lib/python3.12/site-packages:/home/njoy/rover-simulation/turtlebot3_ws/install/dynamixel_sdk/lib/python3.12/site-packages:/opt/ros/jazzy/lib/python3.12/site-packages /usr/bin/python3 -W ignore:setup.py install is deprecated -W ignore:easy_install command is deprecated setup.py develop --editable --build-directory /home/njoy/rover-simulation/turtlebot3_ws/build/turtlebot3_example/build --no-deps symlink_data
