[0.037s] Invoking command in '/home/njoy/rover-simulation/turtlebot3_ws/build/turtlebot3_msgs': CMAKE_PREFIX_PATH=${CMAKE_PREFIX_PATH}:/home/njoy/rover-simulation/turtlebot3_ws/install/turtlebot3_teleop:/home/njoy/rover-simulation/turtlebot3_ws/install/turtlebot3_example:/opt/ros/jazzy DEBUGINFOD_URLS=ima:enforcing https://debuginfod.fedoraproject.org/ ima:ignore PS1=📦[\u@rover-dev-container \W]$ /usr/bin/cmake --build /home/njoy/rover-simulation/turtlebot3_ws/build/turtlebot3_msgs -- -j16 -l16
[0.106s] [  1%] Built target turtlebot3_msgs__rs
[0.108s] [  2%] Built target turtlebot3_msgs__rosidl_generator_type_description
[0.121s] [  2%] Built target ament_cmake_python_symlink_turtlebot3_msgs
[0.138s] [  3%] Built target turtlebot3_msgs__cpp
[0.141s] [ 27%] Built target turtlebot3_msgs__rosidl_generator_c
[0.190s] [ 36%] Built target turtlebot3_msgs__rosidl_typesupport_introspection_c
[0.193s] [ 46%] Built target turtlebot3_msgs__rosidl_typesupport_fastrtps_cpp
[0.196s] [ 65%] Built target turtlebot3_msgs__rosidl_typesupport_c
[0.196s] [ 65%] Built target turtlebot3_msgs__rosidl_typesupport_fastrtps_c
[0.204s] [ 84%] Built target turtlebot3_msgs__rosidl_typesupport_introspection_cpp
[0.204s] [ 84%] Built target turtlebot3_msgs__rosidl_typesupport_cpp
[0.233s] [ 84%] Built target turtlebot3_msgs
[0.259s] [ 85%] Built target turtlebot3_msgs__py
[0.289s] [ 93%] Built target turtlebot3_msgs__rosidl_generator_py
[0.326s] [ 95%] Built target turtlebot3_msgs_s__rosidl_typesupport_c
[0.327s] [ 97%] Built target turtlebot3_msgs_s__rosidl_typesupport_fastrtps_c
[0.329s] [100%] Built target turtlebot3_msgs_s__rosidl_typesupport_introspection_c
[0.380s] running egg_info
[0.400s] writing turtlebot3_msgs.egg-info/PKG-INFO
[0.401s] writing dependency_links to turtlebot3_msgs.egg-info/dependency_links.txt
[0.401s] writing top-level names to turtlebot3_msgs.egg-info/top_level.txt
[0.465s] reading manifest file 'turtlebot3_msgs.egg-info/SOURCES.txt'
[0.465s] writing manifest file 'turtlebot3_msgs.egg-info/SOURCES.txt'
[0.509s] [100%] Built target ament_cmake_python_build_turtlebot3_msgs_egg
[0.528s] Invoked command in '/home/njoy/rover-simulation/turtlebot3_ws/build/turtlebot3_msgs' returned '0': CMAKE_PREFIX_PATH=${CMAKE_PREFIX_PATH}:/home/njoy/rover-simulation/turtlebot3_ws/install/turtlebot3_teleop:/home/njoy/rover-simulation/turtlebot3_ws/install/turtlebot3_example:/opt/ros/jazzy DEBUGINFOD_URLS=ima:enforcing https://debuginfod.fedoraproject.org/ ima:ignore PS1=📦[\u@rover-dev-container \W]$ /usr/bin/cmake --build /home/njoy/rover-simulation/turtlebot3_ws/build/turtlebot3_msgs -- -j16 -l16
[0.532s] Invoking command in '/home/njoy/rover-simulation/turtlebot3_ws/build/turtlebot3_msgs': CMAKE_PREFIX_PATH=${CMAKE_PREFIX_PATH}:/home/njoy/rover-simulation/turtlebot3_ws/install/turtlebot3_teleop:/home/njoy/rover-simulation/turtlebot3_ws/install/turtlebot3_example:/opt/ros/jazzy DEBUGINFOD_URLS=ima:enforcing https://debuginfod.fedoraproject.org/ ima:ignore PS1=📦[\u@rover-dev-container \W]$ /usr/bin/cmake --install /home/njoy/rover-simulation/turtlebot3_ws/build/turtlebot3_msgs
[0.539s] -- Install configuration: ""
[0.540s] -- Execute custom install script
[0.540s] -- Up-to-date symlink: /home/njoy/rover-simulation/turtlebot3_ws/install/turtlebot3_msgs/share/ament_index/resource_index/rosidl_interfaces/turtlebot3_msgs
[0.540s] -- Up-to-date symlink: /home/njoy/rover-simulation/turtlebot3_ws/install/turtlebot3_msgs/share/turtlebot3_msgs/msg/SensorState.json
[0.540s] -- Up-to-date symlink: /home/njoy/rover-simulation/turtlebot3_ws/install/turtlebot3_msgs/share/turtlebot3_msgs/msg/Sound.json
[0.541s] -- Up-to-date symlink: /home/njoy/rover-simulation/turtlebot3_ws/install/turtlebot3_msgs/share/turtlebot3_msgs/msg/VersionInfo.json
[0.541s] -- Up-to-date symlink: /home/njoy/rover-simulation/turtlebot3_ws/install/turtlebot3_msgs/share/turtlebot3_msgs/srv/Sound.json
[0.541s] -- Up-to-date symlink: /home/njoy/rover-simulation/turtlebot3_ws/install/turtlebot3_msgs/share/turtlebot3_msgs/srv/Dqn.json
[0.541s] -- Up-to-date symlink: /home/njoy/rover-simulation/turtlebot3_ws/install/turtlebot3_msgs/share/turtlebot3_msgs/srv/Goal.json
[0.541s] -- Up-to-date symlink: /home/njoy/rover-simulation/turtlebot3_ws/install/turtlebot3_msgs/share/turtlebot3_msgs/action/Patrol.json
[0.543s] -- Up-to-date symlink: /home/njoy/rover-simulation/turtlebot3_ws/install/turtlebot3_msgs/include/turtlebot3_msgs/turtlebot3_msgs/action/detail/patrol__functions.h
[0.543s] -- Up-to-date symlink: /home/njoy/rover-simulation/turtlebot3_ws/install/turtlebot3_msgs/include/turtlebot3_msgs/turtlebot3_msgs/action/detail/patrol__struct.h
[0.543s] -- Up-to-date symlink: /home/njoy/rover-simulation/turtlebot3_ws/install/turtlebot3_msgs/include/turtlebot3_msgs/turtlebot3_msgs/action/detail/patrol__type_support.h
[0.543s] -- Up-to-date symlink: /home/njoy/rover-simulation/turtlebot3_ws/install/turtlebot3_msgs/include/turtlebot3_msgs/turtlebot3_msgs/action/patrol.h
[0.543s] -- Up-to-date symlink: /home/njoy/rover-simulation/turtlebot3_ws/install/turtlebot3_msgs/include/turtlebot3_msgs/turtlebot3_msgs/msg/detail/sensor_state__functions.h
[0.543s] -- Up-to-date symlink: /home/njoy/rover-simulation/turtlebot3_ws/install/turtlebot3_msgs/include/turtlebot3_msgs/turtlebot3_msgs/msg/detail/sensor_state__struct.h
[0.544s] -- Up-to-date symlink: /home/njoy/rover-simulation/turtlebot3_ws/install/turtlebot3_msgs/include/turtlebot3_msgs/turtlebot3_msgs/msg/detail/sensor_state__type_support.h
[0.544s] -- Up-to-date symlink: /home/njoy/rover-simulation/turtlebot3_ws/install/turtlebot3_msgs/include/turtlebot3_msgs/turtlebot3_msgs/msg/detail/sound__functions.h
[0.544s] -- Up-to-date symlink: /home/njoy/rover-simulation/turtlebot3_ws/install/turtlebot3_msgs/include/turtlebot3_msgs/turtlebot3_msgs/msg/detail/sound__struct.h
[0.545s] -- Up-to-date symlink: /home/njoy/rover-simulation/turtlebot3_ws/install/turtlebot3_msgs/include/turtlebot3_msgs/turtlebot3_msgs/msg/detail/sound__type_support.h
[0.545s] -- Up-to-date symlink: /home/njoy/rover-simulation/turtlebot3_ws/install/turtlebot3_msgs/include/turtlebot3_msgs/turtlebot3_msgs/msg/detail/version_info__functions.h
[0.546s] -- Up-to-date symlink: /home/njoy/rover-simulation/turtlebot3_ws/install/turtlebot3_msgs/include/turtlebot3_msgs/turtlebot3_msgs/msg/detail/version_info__struct.h
[0.547s] -- Up-to-date symlink: /home/njoy/rover-simulation/turtlebot3_ws/install/turtlebot3_msgs/include/turtlebot3_msgs/turtlebot3_msgs/msg/detail/version_info__type_support.h
[0.547s] -- Up-to-date symlink: /home/njoy/rover-simulation/turtlebot3_ws/install/turtlebot3_msgs/include/turtlebot3_msgs/turtlebot3_msgs/msg/rosidl_generator_c__visibility_control.h
[0.548s] -- Up-to-date symlink: /home/njoy/rover-simulation/turtlebot3_ws/install/turtlebot3_msgs/include/turtlebot3_msgs/turtlebot3_msgs/msg/sensor_state.h
[0.548s] -- Up-to-date symlink: /home/njoy/rover-simulation/turtlebot3_ws/install/turtlebot3_msgs/include/turtlebot3_msgs/turtlebot3_msgs/msg/sound.h
[0.548s] -- Up-to-date symlink: /home/njoy/rover-simulation/turtlebot3_ws/install/turtlebot3_msgs/include/turtlebot3_msgs/turtlebot3_msgs/msg/version_info.h
[0.548s] -- Up-to-date symlink: /home/njoy/rover-simulation/turtlebot3_ws/install/turtlebot3_msgs/include/turtlebot3_msgs/turtlebot3_msgs/srv/detail/dqn__functions.h
[0.548s] -- Up-to-date symlink: /home/njoy/rover-simulation/turtlebot3_ws/install/turtlebot3_msgs/include/turtlebot3_msgs/turtlebot3_msgs/srv/detail/dqn__struct.h
[0.548s] -- Up-to-date symlink: /home/njoy/rover-simulation/turtlebot3_ws/install/turtlebot3_msgs/include/turtlebot3_msgs/turtlebot3_msgs/srv/detail/dqn__type_support.h
[0.548s] -- Up-to-date symlink: /home/njoy/rover-simulation/turtlebot3_ws/install/turtlebot3_msgs/include/turtlebot3_msgs/turtlebot3_msgs/srv/detail/goal__functions.h
[0.549s] -- Up-to-date symlink: /home/njoy/rover-simulation/turtlebot3_ws/install/turtlebot3_msgs/include/turtlebot3_msgs/turtlebot3_msgs/srv/detail/goal__struct.h
[0.549s] -- Up-to-date symlink: /home/njoy/rover-simulation/turtlebot3_ws/install/turtlebot3_msgs/include/turtlebot3_msgs/turtlebot3_msgs/srv/detail/goal__type_support.h
[0.549s] -- Up-to-date symlink: /home/njoy/rover-simulation/turtlebot3_ws/install/turtlebot3_msgs/include/turtlebot3_msgs/turtlebot3_msgs/srv/detail/sound__functions.h
[0.550s] -- Up-to-date symlink: /home/njoy/rover-simulation/turtlebot3_ws/install/turtlebot3_msgs/include/turtlebot3_msgs/turtlebot3_msgs/srv/detail/sound__struct.h
[0.550s] -- Up-to-date symlink: /home/njoy/rover-simulation/turtlebot3_ws/install/turtlebot3_msgs/include/turtlebot3_msgs/turtlebot3_msgs/srv/detail/sound__type_support.h
[0.550s] -- Up-to-date symlink: /home/njoy/rover-simulation/turtlebot3_ws/install/turtlebot3_msgs/include/turtlebot3_msgs/turtlebot3_msgs/srv/dqn.h
[0.550s] -- Up-to-date symlink: /home/njoy/rover-simulation/turtlebot3_ws/install/turtlebot3_msgs/include/turtlebot3_msgs/turtlebot3_msgs/srv/goal.h
[0.550s] -- Up-to-date symlink: /home/njoy/rover-simulation/turtlebot3_ws/install/turtlebot3_msgs/include/turtlebot3_msgs/turtlebot3_msgs/srv/sound.h
[0.550s] -- Up-to-date symlink: /home/njoy/rover-simulation/turtlebot3_ws/install/turtlebot3_msgs/share/turtlebot3_msgs/environment/library_path.sh
[0.550s] -- Up-to-date symlink: /home/njoy/rover-simulation/turtlebot3_ws/install/turtlebot3_msgs/share/turtlebot3_msgs/environment/library_path.dsv
[0.550s] -- Up-to-date symlink: /home/njoy/rover-simulation/turtlebot3_ws/install/turtlebot3_msgs/include/turtlebot3_msgs/turtlebot3_msgs/action/detail/patrol__rosidl_typesupport_fastrtps_c.h
[0.550s] -- Up-to-date symlink: /home/njoy/rover-simulation/turtlebot3_ws/install/turtlebot3_msgs/include/turtlebot3_msgs/turtlebot3_msgs/msg/detail/sensor_state__rosidl_typesupport_fastrtps_c.h
[0.550s] -- Up-to-date symlink: /home/njoy/rover-simulation/turtlebot3_ws/install/turtlebot3_msgs/include/turtlebot3_msgs/turtlebot3_msgs/msg/detail/sound__rosidl_typesupport_fastrtps_c.h
[0.550s] -- Up-to-date symlink: /home/njoy/rover-simulation/turtlebot3_ws/install/turtlebot3_msgs/include/turtlebot3_msgs/turtlebot3_msgs/msg/detail/version_info__rosidl_typesupport_fastrtps_c.h
[0.551s] -- Up-to-date symlink: /home/njoy/rover-simulation/turtlebot3_ws/install/turtlebot3_msgs/include/turtlebot3_msgs/turtlebot3_msgs/msg/rosidl_typesupport_fastrtps_c__visibility_control.h
[0.551s] -- Up-to-date symlink: /home/njoy/rover-simulation/turtlebot3_ws/install/turtlebot3_msgs/include/turtlebot3_msgs/turtlebot3_msgs/srv/detail/dqn__rosidl_typesupport_fastrtps_c.h
[0.551s] -- Up-to-date symlink: /home/njoy/rover-simulation/turtlebot3_ws/install/turtlebot3_msgs/include/turtlebot3_msgs/turtlebot3_msgs/srv/detail/goal__rosidl_typesupport_fastrtps_c.h
[0.551s] -- Up-to-date symlink: /home/njoy/rover-simulation/turtlebot3_ws/install/turtlebot3_msgs/include/turtlebot3_msgs/turtlebot3_msgs/srv/detail/sound__rosidl_typesupport_fastrtps_c.h
[0.552s] -- Up-to-date symlink: /home/njoy/rover-simulation/turtlebot3_ws/install/turtlebot3_msgs/include/turtlebot3_msgs/turtlebot3_msgs/action/detail/patrol__builder.hpp
[0.552s] -- Up-to-date symlink: /home/njoy/rover-simulation/turtlebot3_ws/install/turtlebot3_msgs/include/turtlebot3_msgs/turtlebot3_msgs/action/detail/patrol__struct.hpp
[0.552s] -- Up-to-date symlink: /home/njoy/rover-simulation/turtlebot3_ws/install/turtlebot3_msgs/include/turtlebot3_msgs/turtlebot3_msgs/action/detail/patrol__traits.hpp
[0.552s] -- Up-to-date symlink: /home/njoy/rover-simulation/turtlebot3_ws/install/turtlebot3_msgs/include/turtlebot3_msgs/turtlebot3_msgs/action/detail/patrol__type_support.hpp
[0.552s] -- Up-to-date symlink: /home/njoy/rover-simulation/turtlebot3_ws/install/turtlebot3_msgs/include/turtlebot3_msgs/turtlebot3_msgs/action/patrol.hpp
[0.552s] -- Up-to-date symlink: /home/njoy/rover-simulation/turtlebot3_ws/install/turtlebot3_msgs/include/turtlebot3_msgs/turtlebot3_msgs/msg/detail/sensor_state__builder.hpp
[0.552s] -- Up-to-date symlink: /home/njoy/rover-simulation/turtlebot3_ws/install/turtlebot3_msgs/include/turtlebot3_msgs/turtlebot3_msgs/msg/detail/sensor_state__struct.hpp
[0.553s] -- Up-to-date symlink: /home/njoy/rover-simulation/turtlebot3_ws/install/turtlebot3_msgs/include/turtlebot3_msgs/turtlebot3_msgs/msg/detail/sensor_state__traits.hpp
[0.553s] -- Up-to-date symlink: /home/njoy/rover-simulation/turtlebot3_ws/install/turtlebot3_msgs/include/turtlebot3_msgs/turtlebot3_msgs/msg/detail/sensor_state__type_support.hpp
[0.553s] -- Up-to-date symlink: /home/njoy/rover-simulation/turtlebot3_ws/install/turtlebot3_msgs/include/turtlebot3_msgs/turtlebot3_msgs/msg/detail/sound__builder.hpp
[0.553s] -- Up-to-date symlink: /home/njoy/rover-simulation/turtlebot3_ws/install/turtlebot3_msgs/include/turtlebot3_msgs/turtlebot3_msgs/msg/detail/sound__struct.hpp
[0.553s] -- Up-to-date symlink: /home/njoy/rover-simulation/turtlebot3_ws/install/turtlebot3_msgs/include/turtlebot3_msgs/turtlebot3_msgs/msg/detail/sound__traits.hpp
[0.553s] -- Up-to-date symlink: /home/njoy/rover-simulation/turtlebot3_ws/install/turtlebot3_msgs/include/turtlebot3_msgs/turtlebot3_msgs/msg/detail/sound__type_support.hpp
[0.554s] -- Up-to-date symlink: /home/njoy/rover-simulation/turtlebot3_ws/install/turtlebot3_msgs/include/turtlebot3_msgs/turtlebot3_msgs/msg/detail/version_info__builder.hpp
[0.554s] -- Up-to-date symlink: /home/njoy/rover-simulation/turtlebot3_ws/install/turtlebot3_msgs/include/turtlebot3_msgs/turtlebot3_msgs/msg/detail/version_info__struct.hpp
[0.554s] -- Up-to-date symlink: /home/njoy/rover-simulation/turtlebot3_ws/install/turtlebot3_msgs/include/turtlebot3_msgs/turtlebot3_msgs/msg/detail/version_info__traits.hpp
[0.554s] -- Up-to-date symlink: /home/njoy/rover-simulation/turtlebot3_ws/install/turtlebot3_msgs/include/turtlebot3_msgs/turtlebot3_msgs/msg/detail/version_info__type_support.hpp
[0.554s] -- Up-to-date symlink: /home/njoy/rover-simulation/turtlebot3_ws/install/turtlebot3_msgs/include/turtlebot3_msgs/turtlebot3_msgs/msg/rosidl_generator_cpp__visibility_control.hpp
[0.554s] -- Up-to-date symlink: /home/njoy/rover-simulation/turtlebot3_ws/install/turtlebot3_msgs/include/turtlebot3_msgs/turtlebot3_msgs/msg/sensor_state.hpp
[0.554s] -- Up-to-date symlink: /home/njoy/rover-simulation/turtlebot3_ws/install/turtlebot3_msgs/include/turtlebot3_msgs/turtlebot3_msgs/msg/sound.hpp
[0.555s] -- Up-to-date symlink: /home/njoy/rover-simulation/turtlebot3_ws/install/turtlebot3_msgs/include/turtlebot3_msgs/turtlebot3_msgs/msg/version_info.hpp
[0.555s] -- Up-to-date symlink: /home/njoy/rover-simulation/turtlebot3_ws/install/turtlebot3_msgs/include/turtlebot3_msgs/turtlebot3_msgs/srv/detail/dqn__builder.hpp
[0.555s] -- Up-to-date symlink: /home/njoy/rover-simulation/turtlebot3_ws/install/turtlebot3_msgs/include/turtlebot3_msgs/turtlebot3_msgs/srv/detail/dqn__struct.hpp
[0.555s] -- Up-to-date symlink: /home/njoy/rover-simulation/turtlebot3_ws/install/turtlebot3_msgs/include/turtlebot3_msgs/turtlebot3_msgs/srv/detail/dqn__traits.hpp
[0.555s] -- Up-to-date symlink: /home/njoy/rover-simulation/turtlebot3_ws/install/turtlebot3_msgs/include/turtlebot3_msgs/turtlebot3_msgs/srv/detail/dqn__type_support.hpp
[0.556s] -- Up-to-date symlink: /home/njoy/rover-simulation/turtlebot3_ws/install/turtlebot3_msgs/include/turtlebot3_msgs/turtlebot3_msgs/srv/detail/goal__builder.hpp
[0.556s] -- Up-to-date symlink: /home/njoy/rover-simulation/turtlebot3_ws/install/turtlebot3_msgs/include/turtlebot3_msgs/turtlebot3_msgs/srv/detail/goal__struct.hpp
[0.557s] -- Up-to-date symlink: /home/njoy/rover-simulation/turtlebot3_ws/install/turtlebot3_msgs/include/turtlebot3_msgs/turtlebot3_msgs/srv/detail/goal__traits.hpp
[0.558s] -- Up-to-date symlink: /home/njoy/rover-simulation/turtlebot3_ws/install/turtlebot3_msgs/include/turtlebot3_msgs/turtlebot3_msgs/srv/detail/goal__type_support.hpp
[0.558s] -- Up-to-date symlink: /home/njoy/rover-simulation/turtlebot3_ws/install/turtlebot3_msgs/include/turtlebot3_msgs/turtlebot3_msgs/srv/detail/sound__builder.hpp
[0.558s] -- Up-to-date symlink: /home/njoy/rover-simulation/turtlebot3_ws/install/turtlebot3_msgs/include/turtlebot3_msgs/turtlebot3_msgs/srv/detail/sound__struct.hpp
[0.558s] -- Up-to-date symlink: /home/njoy/rover-simulation/turtlebot3_ws/install/turtlebot3_msgs/include/turtlebot3_msgs/turtlebot3_msgs/srv/detail/sound__traits.hpp
[0.558s] -- Up-to-date symlink: /home/njoy/rover-simulation/turtlebot3_ws/install/turtlebot3_msgs/include/turtlebot3_msgs/turtlebot3_msgs/srv/detail/sound__type_support.hpp
[0.559s] -- Up-to-date symlink: /home/njoy/rover-simulation/turtlebot3_ws/install/turtlebot3_msgs/include/turtlebot3_msgs/turtlebot3_msgs/srv/dqn.hpp
[0.559s] -- Up-to-date symlink: /home/njoy/rover-simulation/turtlebot3_ws/install/turtlebot3_msgs/include/turtlebot3_msgs/turtlebot3_msgs/srv/goal.hpp
[0.559s] -- Up-to-date symlink: /home/njoy/rover-simulation/turtlebot3_ws/install/turtlebot3_msgs/include/turtlebot3_msgs/turtlebot3_msgs/srv/sound.hpp
[0.560s] -- Up-to-date symlink: /home/njoy/rover-simulation/turtlebot3_ws/install/turtlebot3_msgs/include/turtlebot3_msgs/turtlebot3_msgs/action/detail/patrol__rosidl_typesupport_fastrtps_cpp.hpp
[0.560s] -- Up-to-date symlink: /home/njoy/rover-simulation/turtlebot3_ws/install/turtlebot3_msgs/include/turtlebot3_msgs/turtlebot3_msgs/msg/detail/sensor_state__rosidl_typesupport_fastrtps_cpp.hpp
[0.560s] -- Up-to-date symlink: /home/njoy/rover-simulation/turtlebot3_ws/install/turtlebot3_msgs/include/turtlebot3_msgs/turtlebot3_msgs/msg/detail/sound__rosidl_typesupport_fastrtps_cpp.hpp
[0.560s] -- Up-to-date symlink: /home/njoy/rover-simulation/turtlebot3_ws/install/turtlebot3_msgs/include/turtlebot3_msgs/turtlebot3_msgs/msg/detail/version_info__rosidl_typesupport_fastrtps_cpp.hpp
[0.560s] -- Up-to-date symlink: /home/njoy/rover-simulation/turtlebot3_ws/install/turtlebot3_msgs/include/turtlebot3_msgs/turtlebot3_msgs/msg/rosidl_typesupport_fastrtps_cpp__visibility_control.h
[0.560s] -- Up-to-date symlink: /home/njoy/rover-simulation/turtlebot3_ws/install/turtlebot3_msgs/include/turtlebot3_msgs/turtlebot3_msgs/srv/detail/dqn__rosidl_typesupport_fastrtps_cpp.hpp
[0.561s] -- Up-to-date symlink: /home/njoy/rover-simulation/turtlebot3_ws/install/turtlebot3_msgs/include/turtlebot3_msgs/turtlebot3_msgs/srv/detail/goal__rosidl_typesupport_fastrtps_cpp.hpp
[0.561s] -- Up-to-date symlink: /home/njoy/rover-simulation/turtlebot3_ws/install/turtlebot3_msgs/include/turtlebot3_msgs/turtlebot3_msgs/srv/detail/sound__rosidl_typesupport_fastrtps_cpp.hpp
[0.562s] -- Up-to-date symlink: /home/njoy/rover-simulation/turtlebot3_ws/install/turtlebot3_msgs/include/turtlebot3_msgs/turtlebot3_msgs/action/detail/patrol__rosidl_typesupport_introspection_c.h
[0.562s] -- Up-to-date symlink: /home/njoy/rover-simulation/turtlebot3_ws/install/turtlebot3_msgs/include/turtlebot3_msgs/turtlebot3_msgs/msg/detail/sensor_state__rosidl_typesupport_introspection_c.h
[0.562s] -- Up-to-date symlink: /home/njoy/rover-simulation/turtlebot3_ws/install/turtlebot3_msgs/include/turtlebot3_msgs/turtlebot3_msgs/msg/detail/sound__rosidl_typesupport_introspection_c.h
[0.563s] -- Up-to-date symlink: /home/njoy/rover-simulation/turtlebot3_ws/install/turtlebot3_msgs/include/turtlebot3_msgs/turtlebot3_msgs/msg/detail/version_info__rosidl_typesupport_introspection_c.h
[0.563s] -- Up-to-date symlink: /home/njoy/rover-simulation/turtlebot3_ws/install/turtlebot3_msgs/include/turtlebot3_msgs/turtlebot3_msgs/msg/rosidl_typesupport_introspection_c__visibility_control.h
[0.563s] -- Up-to-date symlink: /home/njoy/rover-simulation/turtlebot3_ws/install/turtlebot3_msgs/include/turtlebot3_msgs/turtlebot3_msgs/srv/detail/dqn__rosidl_typesupport_introspection_c.h
[0.563s] -- Up-to-date symlink: /home/njoy/rover-simulation/turtlebot3_ws/install/turtlebot3_msgs/include/turtlebot3_msgs/turtlebot3_msgs/srv/detail/goal__rosidl_typesupport_introspection_c.h
[0.563s] -- Up-to-date symlink: /home/njoy/rover-simulation/turtlebot3_ws/install/turtlebot3_msgs/include/turtlebot3_msgs/turtlebot3_msgs/srv/detail/sound__rosidl_typesupport_introspection_c.h
[0.564s] -- Up-to-date symlink: /home/njoy/rover-simulation/turtlebot3_ws/install/turtlebot3_msgs/include/turtlebot3_msgs/turtlebot3_msgs/action/detail/patrol__rosidl_typesupport_introspection_cpp.hpp
[0.564s] -- Up-to-date symlink: /home/njoy/rover-simulation/turtlebot3_ws/install/turtlebot3_msgs/include/turtlebot3_msgs/turtlebot3_msgs/msg/detail/sensor_state__rosidl_typesupport_introspection_cpp.hpp
[0.564s] -- Up-to-date symlink: /home/njoy/rover-simulation/turtlebot3_ws/install/turtlebot3_msgs/include/turtlebot3_msgs/turtlebot3_msgs/msg/detail/sound__rosidl_typesupport_introspection_cpp.hpp
[0.565s] -- Up-to-date symlink: /home/njoy/rover-simulation/turtlebot3_ws/install/turtlebot3_msgs/include/turtlebot3_msgs/turtlebot3_msgs/msg/detail/version_info__rosidl_typesupport_introspection_cpp.hpp
[0.565s] -- Up-to-date symlink: /home/njoy/rover-simulation/turtlebot3_ws/install/turtlebot3_msgs/include/turtlebot3_msgs/turtlebot3_msgs/srv/detail/dqn__rosidl_typesupport_introspection_cpp.hpp
[0.565s] -- Up-to-date symlink: /home/njoy/rover-simulation/turtlebot3_ws/install/turtlebot3_msgs/include/turtlebot3_msgs/turtlebot3_msgs/srv/detail/goal__rosidl_typesupport_introspection_cpp.hpp
[0.565s] -- Up-to-date symlink: /home/njoy/rover-simulation/turtlebot3_ws/install/turtlebot3_msgs/include/turtlebot3_msgs/turtlebot3_msgs/srv/detail/sound__rosidl_typesupport_introspection_cpp.hpp
[0.565s] -- Up-to-date symlink: /home/njoy/rover-simulation/turtlebot3_ws/install/turtlebot3_msgs/share/turtlebot3_msgs/environment/pythonpath.sh
[0.566s] -- Up-to-date symlink: /home/njoy/rover-simulation/turtlebot3_ws/install/turtlebot3_msgs/share/turtlebot3_msgs/environment/pythonpath.dsv
[0.566s] -- Up-to-date symlink: /home/njoy/rover-simulation/turtlebot3_ws/install/turtlebot3_msgs/lib/python3.12/site-packages/turtlebot3_msgs-2.4.0-py3.12.egg-info/PKG-INFO
[0.566s] -- Up-to-date symlink: /home/njoy/rover-simulation/turtlebot3_ws/install/turtlebot3_msgs/lib/python3.12/site-packages/turtlebot3_msgs-2.4.0-py3.12.egg-info/SOURCES.txt
[0.566s] -- Up-to-date symlink: /home/njoy/rover-simulation/turtlebot3_ws/install/turtlebot3_msgs/lib/python3.12/site-packages/turtlebot3_msgs-2.4.0-py3.12.egg-info/dependency_links.txt
[0.567s] -- Up-to-date symlink: /home/njoy/rover-simulation/turtlebot3_ws/install/turtlebot3_msgs/lib/python3.12/site-packages/turtlebot3_msgs-2.4.0-py3.12.egg-info/top_level.txt
[0.567s] -- Up-to-date symlink: /home/njoy/rover-simulation/turtlebot3_ws/install/turtlebot3_msgs/lib/python3.12/site-packages/turtlebot3_msgs/__init__.py
[0.567s] -- Up-to-date symlink: /home/njoy/rover-simulation/turtlebot3_ws/install/turtlebot3_msgs/lib/python3.12/site-packages/turtlebot3_msgs/_turtlebot3_msgs_s.ep.rosidl_typesupport_c.c
[0.567s] -- Up-to-date symlink: /home/njoy/rover-simulation/turtlebot3_ws/install/turtlebot3_msgs/lib/python3.12/site-packages/turtlebot3_msgs/_turtlebot3_msgs_s.ep.rosidl_typesupport_fastrtps_c.c
[0.567s] -- Up-to-date symlink: /home/njoy/rover-simulation/turtlebot3_ws/install/turtlebot3_msgs/lib/python3.12/site-packages/turtlebot3_msgs/_turtlebot3_msgs_s.ep.rosidl_typesupport_introspection_c.c
[0.568s] -- Up-to-date symlink: /home/njoy/rover-simulation/turtlebot3_ws/install/turtlebot3_msgs/lib/python3.12/site-packages/turtlebot3_msgs/action/__init__.py
[0.568s] -- Up-to-date symlink: /home/njoy/rover-simulation/turtlebot3_ws/install/turtlebot3_msgs/lib/python3.12/site-packages/turtlebot3_msgs/action/_patrol.py
[0.568s] -- Up-to-date symlink: /home/njoy/rover-simulation/turtlebot3_ws/install/turtlebot3_msgs/lib/python3.12/site-packages/turtlebot3_msgs/action/_patrol_s.c
[0.568s] -- Up-to-date symlink: /home/njoy/rover-simulation/turtlebot3_ws/install/turtlebot3_msgs/lib/python3.12/site-packages/turtlebot3_msgs/msg/__init__.py
[0.568s] -- Up-to-date symlink: /home/njoy/rover-simulation/turtlebot3_ws/install/turtlebot3_msgs/lib/python3.12/site-packages/turtlebot3_msgs/msg/_sensor_state.py
[0.568s] -- Up-to-date symlink: /home/njoy/rover-simulation/turtlebot3_ws/install/turtlebot3_msgs/lib/python3.12/site-packages/turtlebot3_msgs/msg/_sensor_state_s.c
[0.568s] -- Up-to-date symlink: /home/njoy/rover-simulation/turtlebot3_ws/install/turtlebot3_msgs/lib/python3.12/site-packages/turtlebot3_msgs/msg/_sound.py
[0.568s] -- Up-to-date symlink: /home/njoy/rover-simulation/turtlebot3_ws/install/turtlebot3_msgs/lib/python3.12/site-packages/turtlebot3_msgs/msg/_sound_s.c
[0.569s] -- Up-to-date symlink: /home/njoy/rover-simulation/turtlebot3_ws/install/turtlebot3_msgs/lib/python3.12/site-packages/turtlebot3_msgs/msg/_version_info.py
[0.569s] -- Up-to-date symlink: /home/njoy/rover-simulation/turtlebot3_ws/install/turtlebot3_msgs/lib/python3.12/site-packages/turtlebot3_msgs/msg/_version_info_s.c
[0.569s] -- Up-to-date symlink: /home/njoy/rover-simulation/turtlebot3_ws/install/turtlebot3_msgs/lib/python3.12/site-packages/turtlebot3_msgs/srv/__init__.py
[0.569s] -- Up-to-date symlink: /home/njoy/rover-simulation/turtlebot3_ws/install/turtlebot3_msgs/lib/python3.12/site-packages/turtlebot3_msgs/srv/_dqn.py
[0.569s] -- Up-to-date symlink: /home/njoy/rover-simulation/turtlebot3_ws/install/turtlebot3_msgs/lib/python3.12/site-packages/turtlebot3_msgs/srv/_dqn_s.c
[0.569s] -- Up-to-date symlink: /home/njoy/rover-simulation/turtlebot3_ws/install/turtlebot3_msgs/lib/python3.12/site-packages/turtlebot3_msgs/srv/_goal.py
[0.570s] -- Up-to-date symlink: /home/njoy/rover-simulation/turtlebot3_ws/install/turtlebot3_msgs/lib/python3.12/site-packages/turtlebot3_msgs/srv/_goal_s.c
[0.570s] -- Up-to-date symlink: /home/njoy/rover-simulation/turtlebot3_ws/install/turtlebot3_msgs/lib/python3.12/site-packages/turtlebot3_msgs/srv/_sound.py
[0.570s] -- Up-to-date symlink: /home/njoy/rover-simulation/turtlebot3_ws/install/turtlebot3_msgs/lib/python3.12/site-packages/turtlebot3_msgs/srv/_sound_s.c
[0.570s] -- Up-to-date symlink: /home/njoy/rover-simulation/turtlebot3_ws/install/turtlebot3_msgs/lib/python3.12/site-packages/turtlebot3_msgs/turtlebot3_msgs_s__rosidl_typesupport_c.so
[0.570s] -- Up-to-date symlink: /home/njoy/rover-simulation/turtlebot3_ws/install/turtlebot3_msgs/lib/python3.12/site-packages/turtlebot3_msgs/turtlebot3_msgs_s__rosidl_typesupport_fastrtps_c.so
[0.570s] -- Up-to-date symlink: /home/njoy/rover-simulation/turtlebot3_ws/install/turtlebot3_msgs/lib/python3.12/site-packages/turtlebot3_msgs/turtlebot3_msgs_s__rosidl_typesupport_introspection_c.so
[0.571s] -- Up-to-date symlink: /home/njoy/rover-simulation/turtlebot3_ws/install/turtlebot3_msgs/lib/python3.12/site-packages/turtlebot3_msgs/turtlebot3_msgs_s__rosidl_typesupport_fastrtps_c.so
[0.571s] -- Up-to-date symlink: /home/njoy/rover-simulation/turtlebot3_ws/install/turtlebot3_msgs/lib/python3.12/site-packages/turtlebot3_msgs/turtlebot3_msgs_s__rosidl_typesupport_introspection_c.so
[0.571s] -- Up-to-date symlink: /home/njoy/rover-simulation/turtlebot3_ws/install/turtlebot3_msgs/lib/python3.12/site-packages/turtlebot3_msgs/turtlebot3_msgs_s__rosidl_typesupport_c.so
[0.572s] -- Up-to-date symlink: /home/njoy/rover-simulation/turtlebot3_ws/install/turtlebot3_msgs/share/ament_index/resource_index/rust_packages/turtlebot3_msgs
[0.572s] -- Up-to-date symlink: /home/njoy/rover-simulation/turtlebot3_ws/install/turtlebot3_msgs/share/turtlebot3_msgs/rust/Cargo.toml
[0.572s] -- Up-to-date symlink: /home/njoy/rover-simulation/turtlebot3_ws/install/turtlebot3_msgs/share/turtlebot3_msgs/rust/build.rs
[0.573s] -- Up-to-date symlink: /home/njoy/rover-simulation/turtlebot3_ws/install/turtlebot3_msgs/share/turtlebot3_msgs/rust/src/action.rs
[0.573s] -- Up-to-date symlink: /home/njoy/rover-simulation/turtlebot3_ws/install/turtlebot3_msgs/share/turtlebot3_msgs/rust/src/action/rmw.rs
[0.574s] -- Up-to-date symlink: /home/njoy/rover-simulation/turtlebot3_ws/install/turtlebot3_msgs/share/turtlebot3_msgs/rust/src/lib.rs
[0.574s] -- Up-to-date symlink: /home/njoy/rover-simulation/turtlebot3_ws/install/turtlebot3_msgs/share/turtlebot3_msgs/rust/src/msg.rs
[0.574s] -- Up-to-date symlink: /home/njoy/rover-simulation/turtlebot3_ws/install/turtlebot3_msgs/share/turtlebot3_msgs/rust/src/msg/rmw.rs
[0.574s] -- Up-to-date symlink: /home/njoy/rover-simulation/turtlebot3_ws/install/turtlebot3_msgs/share/turtlebot3_msgs/rust/src/srv.rs
[0.575s] -- Up-to-date symlink: /home/njoy/rover-simulation/turtlebot3_ws/install/turtlebot3_msgs/share/turtlebot3_msgs/rust/src/srv/rmw.rs
[0.575s] -- Up-to-date symlink: /home/njoy/rover-simulation/turtlebot3_ws/install/turtlebot3_msgs/share/turtlebot3_msgs/msg/SensorState.idl
[0.575s] -- Up-to-date symlink: /home/njoy/rover-simulation/turtlebot3_ws/install/turtlebot3_msgs/share/turtlebot3_msgs/msg/Sound.idl
[0.575s] -- Up-to-date symlink: /home/njoy/rover-simulation/turtlebot3_ws/install/turtlebot3_msgs/share/turtlebot3_msgs/msg/VersionInfo.idl
[0.576s] -- Up-to-date symlink: /home/njoy/rover-simulation/turtlebot3_ws/install/turtlebot3_msgs/share/turtlebot3_msgs/srv/Sound.idl
[0.576s] -- Up-to-date symlink: /home/njoy/rover-simulation/turtlebot3_ws/install/turtlebot3_msgs/share/turtlebot3_msgs/srv/Dqn.idl
[0.577s] -- Up-to-date symlink: /home/njoy/rover-simulation/turtlebot3_ws/install/turtlebot3_msgs/share/turtlebot3_msgs/srv/Goal.idl
[0.577s] -- Up-to-date symlink: /home/njoy/rover-simulation/turtlebot3_ws/install/turtlebot3_msgs/share/turtlebot3_msgs/action/Patrol.idl
[0.577s] -- Up-to-date symlink: /home/njoy/rover-simulation/turtlebot3_ws/install/turtlebot3_msgs/share/turtlebot3_msgs/msg/SensorState.msg
[0.577s] -- Up-to-date symlink: /home/njoy/rover-simulation/turtlebot3_ws/install/turtlebot3_msgs/share/turtlebot3_msgs/msg/Sound.msg
[0.578s] -- Up-to-date symlink: /home/njoy/rover-simulation/turtlebot3_ws/install/turtlebot3_msgs/share/turtlebot3_msgs/msg/VersionInfo.msg
[0.578s] -- Up-to-date symlink: /home/njoy/rover-simulation/turtlebot3_ws/install/turtlebot3_msgs/share/turtlebot3_msgs/srv/Sound.srv
[0.578s] -- Up-to-date symlink: /home/njoy/rover-simulation/turtlebot3_ws/install/turtlebot3_msgs/share/turtlebot3_msgs/srv/Dqn.srv
[0.578s] -- Up-to-date symlink: /home/njoy/rover-simulation/turtlebot3_ws/install/turtlebot3_msgs/share/turtlebot3_msgs/srv/Goal.srv
[0.579s] -- Up-to-date symlink: /home/njoy/rover-simulation/turtlebot3_ws/install/turtlebot3_msgs/share/turtlebot3_msgs/action/Patrol.action
[0.579s] -- Up-to-date symlink: /home/njoy/rover-simulation/turtlebot3_ws/install/turtlebot3_msgs/share/ament_index/resource_index/package_run_dependencies/turtlebot3_msgs
[0.579s] -- Up-to-date symlink: /home/njoy/rover-simulation/turtlebot3_ws/install/turtlebot3_msgs/share/ament_index/resource_index/parent_prefix_path/turtlebot3_msgs
[0.580s] -- Up-to-date symlink: /home/njoy/rover-simulation/turtlebot3_ws/install/turtlebot3_msgs/share/turtlebot3_msgs/environment/ament_prefix_path.sh
[0.580s] -- Up-to-date symlink: /home/njoy/rover-simulation/turtlebot3_ws/install/turtlebot3_msgs/share/turtlebot3_msgs/environment/ament_prefix_path.dsv
[0.580s] -- Up-to-date symlink: /home/njoy/rover-simulation/turtlebot3_ws/install/turtlebot3_msgs/share/turtlebot3_msgs/environment/path.sh
[0.580s] -- Up-to-date symlink: /home/njoy/rover-simulation/turtlebot3_ws/install/turtlebot3_msgs/share/turtlebot3_msgs/environment/path.dsv
[0.580s] -- Up-to-date symlink: /home/njoy/rover-simulation/turtlebot3_ws/install/turtlebot3_msgs/share/turtlebot3_msgs/local_setup.bash
[0.581s] -- Up-to-date symlink: /home/njoy/rover-simulation/turtlebot3_ws/install/turtlebot3_msgs/share/turtlebot3_msgs/local_setup.sh
[0.581s] -- Up-to-date symlink: /home/njoy/rover-simulation/turtlebot3_ws/install/turtlebot3_msgs/share/turtlebot3_msgs/local_setup.zsh
[0.581s] -- Up-to-date symlink: /home/njoy/rover-simulation/turtlebot3_ws/install/turtlebot3_msgs/share/turtlebot3_msgs/local_setup.dsv
[0.581s] -- Symlinking: /home/njoy/rover-simulation/turtlebot3_ws/install/turtlebot3_msgs/share/turtlebot3_msgs/package.dsv
[0.588s] -- Up-to-date symlink: /home/njoy/rover-simulation/turtlebot3_ws/install/turtlebot3_msgs/share/ament_index/resource_index/packages/turtlebot3_msgs
[0.589s] -- Up-to-date symlink: /home/njoy/rover-simulation/turtlebot3_ws/install/turtlebot3_msgs/share/turtlebot3_msgs/cmake/rosidl_cmake-extras.cmake
[0.589s] -- Up-to-date symlink: /home/njoy/rover-simulation/turtlebot3_ws/install/turtlebot3_msgs/share/turtlebot3_msgs/cmake/ament_cmake_export_dependencies-extras.cmake
[0.589s] -- Up-to-date symlink: /home/njoy/rover-simulation/turtlebot3_ws/install/turtlebot3_msgs/share/turtlebot3_msgs/cmake/ament_cmake_export_include_directories-extras.cmake
[0.589s] -- Up-to-date symlink: /home/njoy/rover-simulation/turtlebot3_ws/install/turtlebot3_msgs/share/turtlebot3_msgs/cmake/ament_cmake_export_libraries-extras.cmake
[0.590s] -- Up-to-date symlink: /home/njoy/rover-simulation/turtlebot3_ws/install/turtlebot3_msgs/share/turtlebot3_msgs/cmake/ament_cmake_export_targets-extras.cmake
[0.590s] -- Up-to-date symlink: /home/njoy/rover-simulation/turtlebot3_ws/install/turtlebot3_msgs/share/turtlebot3_msgs/cmake/rosidl_cmake_export_typesupport_targets-extras.cmake
[0.590s] -- Up-to-date symlink: /home/njoy/rover-simulation/turtlebot3_ws/install/turtlebot3_msgs/share/turtlebot3_msgs/cmake/rosidl_cmake_export_typesupport_libraries-extras.cmake
[0.591s] -- Up-to-date symlink: /home/njoy/rover-simulation/turtlebot3_ws/install/turtlebot3_msgs/share/turtlebot3_msgs/cmake/rosidl_cmake_aggregate_target-extras.cmake
[0.591s] -- Up-to-date symlink: /home/njoy/rover-simulation/turtlebot3_ws/install/turtlebot3_msgs/share/turtlebot3_msgs/cmake/turtlebot3_msgsConfig.cmake
[0.591s] -- Up-to-date symlink: /home/njoy/rover-simulation/turtlebot3_ws/install/turtlebot3_msgs/share/turtlebot3_msgs/cmake/turtlebot3_msgsConfig-version.cmake
[0.592s] -- Up-to-date symlink: /home/njoy/rover-simulation/turtlebot3_ws/install/turtlebot3_msgs/share/turtlebot3_msgs/package.xml
[0.592s] -- Up-to-date: /home/njoy/rover-simulation/turtlebot3_ws/install/turtlebot3_msgs/lib/libturtlebot3_msgs__rosidl_generator_c.so
[0.593s] -- Up-to-date: /home/njoy/rover-simulation/turtlebot3_ws/install/turtlebot3_msgs/lib/libturtlebot3_msgs__rosidl_typesupport_fastrtps_c.so
[0.593s] -- Up-to-date: /home/njoy/rover-simulation/turtlebot3_ws/install/turtlebot3_msgs/lib/libturtlebot3_msgs__rosidl_typesupport_fastrtps_cpp.so
[0.594s] -- Up-to-date: /home/njoy/rover-simulation/turtlebot3_ws/install/turtlebot3_msgs/lib/libturtlebot3_msgs__rosidl_typesupport_introspection_c.so
[0.594s] -- Up-to-date: /home/njoy/rover-simulation/turtlebot3_ws/install/turtlebot3_msgs/lib/libturtlebot3_msgs__rosidl_typesupport_c.so
[0.594s] -- Up-to-date: /home/njoy/rover-simulation/turtlebot3_ws/install/turtlebot3_msgs/lib/libturtlebot3_msgs__rosidl_typesupport_introspection_cpp.so
[0.595s] -- Up-to-date: /home/njoy/rover-simulation/turtlebot3_ws/install/turtlebot3_msgs/lib/libturtlebot3_msgs__rosidl_typesupport_cpp.so
[0.628s] Listing '/home/njoy/rover-simulation/turtlebot3_ws/install/turtlebot3_msgs/lib/python3.12/site-packages/turtlebot3_msgs'...
[0.628s] Listing '/home/njoy/rover-simulation/turtlebot3_ws/install/turtlebot3_msgs/lib/python3.12/site-packages/turtlebot3_msgs/action'...
[0.628s] Listing '/home/njoy/rover-simulation/turtlebot3_ws/install/turtlebot3_msgs/lib/python3.12/site-packages/turtlebot3_msgs/msg'...
[0.628s] Listing '/home/njoy/rover-simulation/turtlebot3_ws/install/turtlebot3_msgs/lib/python3.12/site-packages/turtlebot3_msgs/srv'...
[0.633s] -- Up-to-date: /home/njoy/rover-simulation/turtlebot3_ws/install/turtlebot3_msgs/lib/libturtlebot3_msgs__rosidl_generator_py.so
[0.634s] -- Up-to-date: /home/njoy/rover-simulation/turtlebot3_ws/install/turtlebot3_msgs/share/turtlebot3_msgs/cmake/export_turtlebot3_msgs__rosidl_generator_cExport.cmake
[0.634s] -- Up-to-date: /home/njoy/rover-simulation/turtlebot3_ws/install/turtlebot3_msgs/share/turtlebot3_msgs/cmake/export_turtlebot3_msgs__rosidl_generator_cExport-noconfig.cmake
[0.634s] -- Up-to-date: /home/njoy/rover-simulation/turtlebot3_ws/install/turtlebot3_msgs/share/turtlebot3_msgs/cmake/export_turtlebot3_msgs__rosidl_typesupport_fastrtps_cExport.cmake
[0.634s] -- Up-to-date: /home/njoy/rover-simulation/turtlebot3_ws/install/turtlebot3_msgs/share/turtlebot3_msgs/cmake/export_turtlebot3_msgs__rosidl_typesupport_fastrtps_cExport-noconfig.cmake
[0.634s] -- Up-to-date: /home/njoy/rover-simulation/turtlebot3_ws/install/turtlebot3_msgs/share/turtlebot3_msgs/cmake/export_turtlebot3_msgs__rosidl_generator_cppExport.cmake
[0.634s] -- Up-to-date: /home/njoy/rover-simulation/turtlebot3_ws/install/turtlebot3_msgs/share/turtlebot3_msgs/cmake/export_turtlebot3_msgs__rosidl_typesupport_fastrtps_cppExport.cmake
[0.635s] -- Up-to-date: /home/njoy/rover-simulation/turtlebot3_ws/install/turtlebot3_msgs/share/turtlebot3_msgs/cmake/export_turtlebot3_msgs__rosidl_typesupport_fastrtps_cppExport-noconfig.cmake
[0.635s] -- Up-to-date: /home/njoy/rover-simulation/turtlebot3_ws/install/turtlebot3_msgs/share/turtlebot3_msgs/cmake/turtlebot3_msgs__rosidl_typesupport_introspection_cExport.cmake
[0.635s] -- Up-to-date: /home/njoy/rover-simulation/turtlebot3_ws/install/turtlebot3_msgs/share/turtlebot3_msgs/cmake/turtlebot3_msgs__rosidl_typesupport_introspection_cExport-noconfig.cmake
[0.635s] -- Up-to-date: /home/njoy/rover-simulation/turtlebot3_ws/install/turtlebot3_msgs/share/turtlebot3_msgs/cmake/turtlebot3_msgs__rosidl_typesupport_cExport.cmake
[0.635s] -- Up-to-date: /home/njoy/rover-simulation/turtlebot3_ws/install/turtlebot3_msgs/share/turtlebot3_msgs/cmake/turtlebot3_msgs__rosidl_typesupport_cExport-noconfig.cmake
[0.635s] -- Up-to-date: /home/njoy/rover-simulation/turtlebot3_ws/install/turtlebot3_msgs/share/turtlebot3_msgs/cmake/turtlebot3_msgs__rosidl_typesupport_introspection_cppExport.cmake
[0.635s] -- Up-to-date: /home/njoy/rover-simulation/turtlebot3_ws/install/turtlebot3_msgs/share/turtlebot3_msgs/cmake/turtlebot3_msgs__rosidl_typesupport_introspection_cppExport-noconfig.cmake
[0.635s] -- Up-to-date: /home/njoy/rover-simulation/turtlebot3_ws/install/turtlebot3_msgs/share/turtlebot3_msgs/cmake/turtlebot3_msgs__rosidl_typesupport_cppExport.cmake
[0.635s] -- Up-to-date: /home/njoy/rover-simulation/turtlebot3_ws/install/turtlebot3_msgs/share/turtlebot3_msgs/cmake/turtlebot3_msgs__rosidl_typesupport_cppExport-noconfig.cmake
[0.636s] -- Up-to-date: /home/njoy/rover-simulation/turtlebot3_ws/install/turtlebot3_msgs/share/turtlebot3_msgs/cmake/export_turtlebot3_msgs__rosidl_generator_pyExport.cmake
[0.636s] -- Up-to-date: /home/njoy/rover-simulation/turtlebot3_ws/install/turtlebot3_msgs/share/turtlebot3_msgs/cmake/export_turtlebot3_msgs__rosidl_generator_pyExport-noconfig.cmake
[0.639s] Invoked command in '/home/njoy/rover-simulation/turtlebot3_ws/build/turtlebot3_msgs' returned '0': CMAKE_PREFIX_PATH=${CMAKE_PREFIX_PATH}:/home/njoy/rover-simulation/turtlebot3_ws/install/turtlebot3_teleop:/home/njoy/rover-simulation/turtlebot3_ws/install/turtlebot3_example:/opt/ros/jazzy DEBUGINFOD_URLS=ima:enforcing https://debuginfod.fedoraproject.org/ ima:ignore PS1=📦[\u@rover-dev-container \W]$ /usr/bin/cmake --install /home/njoy/rover-simulation/turtlebot3_ws/build/turtlebot3_msgs
