[1.457s] Invoking command in '/home/njoy/ROS/ros_ws/build/py_pubsub': DEBUGINFOD_URLS=ima:enforcing https://debuginfod.fedoraproject.org/ ima:ignore PS1=📦[\u@rover-dev-container \W]$ PYTHONPATH=/home/njoy/ROS/ros_ws/build/py_pubsub/prefix_override:/usr/lib/python3/dist-packages/colcon_core/task/python/colcon_distutils_commands:/home/njoy/ROS/ros_ws/install/py_pubsub/lib/python3.12/site-packages:${PYTHONPATH} /usr/bin/python3 -W ignore:setup.py install is deprecated -W ignore:easy_install command is deprecated setup.py develop --uninstall --editable --build-directory /home/njoy/ROS/ros_ws/build/py_pubsub/build
[1.844s] running develop
[2.025s] Removing /home/njoy/ROS/ros_ws/install/py_pubsub/lib/python3.12/site-packages/py-pubsub.egg-link (link to .)
[2.056s] Invoked command in '/home/njoy/ROS/ros_ws/build/py_pubsub' returned '0': DEBUGINFOD_URLS=ima:enforcing https://debuginfod.fedoraproject.org/ ima:ignore PS1=📦[\u@rover-dev-container \W]$ PYTHONPATH=/home/njoy/ROS/ros_ws/build/py_pubsub/prefix_override:/usr/lib/python3/dist-packages/colcon_core/task/python/colcon_distutils_commands:/home/njoy/ROS/ros_ws/install/py_pubsub/lib/python3.12/site-packages:${PYTHONPATH} /usr/bin/python3 -W ignore:setup.py install is deprecated -W ignore:easy_install command is deprecated setup.py develop --uninstall --editable --build-directory /home/njoy/ROS/ros_ws/build/py_pubsub/build
[2.058s] Invoking command in '/home/njoy/ROS/ros_ws/src/py_pubsub': DEBUGINFOD_URLS=ima:enforcing https://debuginfod.fedoraproject.org/ ima:ignore PS1=📦[\u@rover-dev-container \W]$ PYTHONPATH=/home/njoy/ROS/ros_ws/build/py_pubsub/prefix_override:/usr/lib/python3/dist-packages/colcon_core/task/python/colcon_distutils_commands:/home/njoy/ROS/ros_ws/install/py_pubsub/lib/python3.12/site-packages:${PYTHONPATH} /usr/bin/python3 -W ignore:setup.py install is deprecated -W ignore:easy_install command is deprecated setup.py egg_info --egg-base ../../build/py_pubsub build --build-base /home/njoy/ROS/ros_ws/build/py_pubsub/build install --record /home/njoy/ROS/ros_ws/build/py_pubsub/install.log --single-version-externally-managed install_data --force
[2.270s] running egg_info
[2.285s] writing ../../build/py_pubsub/py_pubsub.egg-info/PKG-INFO
[2.285s] writing dependency_links to ../../build/py_pubsub/py_pubsub.egg-info/dependency_links.txt
[2.286s] writing entry points to ../../build/py_pubsub/py_pubsub.egg-info/entry_points.txt
[2.286s] writing requirements to ../../build/py_pubsub/py_pubsub.egg-info/requires.txt
[2.286s] writing top-level names to ../../build/py_pubsub/py_pubsub.egg-info/top_level.txt
[2.316s] reading manifest file '../../build/py_pubsub/py_pubsub.egg-info/SOURCES.txt'
[2.316s] adding license file 'LICENSE'
[2.317s] writing manifest file '../../build/py_pubsub/py_pubsub.egg-info/SOURCES.txt'
[2.317s] running build
[2.317s] running build_py
[2.317s] creating /home/njoy/ROS/ros_ws/build/py_pubsub/build
[2.317s] creating /home/njoy/ROS/ros_ws/build/py_pubsub/build/lib
[2.317s] creating /home/njoy/ROS/ros_ws/build/py_pubsub/build/lib/py_pubsub
[2.318s] copying py_pubsub/__init__.py -> /home/njoy/ROS/ros_ws/build/py_pubsub/build/lib/py_pubsub
[2.318s] copying py_pubsub/publisher_member_function.py -> /home/njoy/ROS/ros_ws/build/py_pubsub/build/lib/py_pubsub
[2.318s] copying py_pubsub/subscriber_member_function.py -> /home/njoy/ROS/ros_ws/build/py_pubsub/build/lib/py_pubsub
[2.318s] running install
[2.322s] running install_lib
[2.338s] creating /home/njoy/ROS/ros_ws/install/py_pubsub/lib/python3.12/site-packages/py_pubsub
[2.338s] copying /home/njoy/ROS/ros_ws/build/py_pubsub/build/lib/py_pubsub/__init__.py -> /home/njoy/ROS/ros_ws/install/py_pubsub/lib/python3.12/site-packages/py_pubsub
[2.338s] copying /home/njoy/ROS/ros_ws/build/py_pubsub/build/lib/py_pubsub/publisher_member_function.py -> /home/njoy/ROS/ros_ws/install/py_pubsub/lib/python3.12/site-packages/py_pubsub
[2.339s] copying /home/njoy/ROS/ros_ws/build/py_pubsub/build/lib/py_pubsub/subscriber_member_function.py -> /home/njoy/ROS/ros_ws/install/py_pubsub/lib/python3.12/site-packages/py_pubsub
[2.339s] byte-compiling /home/njoy/ROS/ros_ws/install/py_pubsub/lib/python3.12/site-packages/py_pubsub/__init__.py to __init__.cpython-312.pyc
[2.339s] byte-compiling /home/njoy/ROS/ros_ws/install/py_pubsub/lib/python3.12/site-packages/py_pubsub/publisher_member_function.py to publisher_member_function.cpython-312.pyc
[2.339s] byte-compiling /home/njoy/ROS/ros_ws/install/py_pubsub/lib/python3.12/site-packages/py_pubsub/subscriber_member_function.py to subscriber_member_function.cpython-312.pyc
[2.340s] running install_data
[2.340s] copying resource/py_pubsub -> /home/njoy/ROS/ros_ws/install/py_pubsub/share/ament_index/resource_index/packages
[2.340s] copying package.xml -> /home/njoy/ROS/ros_ws/install/py_pubsub/share/py_pubsub
[2.340s] running install_egg_info
[2.357s] Copying ../../build/py_pubsub/py_pubsub.egg-info to /home/njoy/ROS/ros_ws/install/py_pubsub/lib/python3.12/site-packages/py_pubsub-0.0.0-py3.12.egg-info
[2.358s] running install_scripts
[2.481s] Installing listener script to /home/njoy/ROS/ros_ws/install/py_pubsub/lib/py_pubsub
[2.481s] Installing talker script to /home/njoy/ROS/ros_ws/install/py_pubsub/lib/py_pubsub
[2.481s] writing list of installed files to '/home/njoy/ROS/ros_ws/build/py_pubsub/install.log'
[2.510s] Invoked command in '/home/njoy/ROS/ros_ws/src/py_pubsub' returned '0': DEBUGINFOD_URLS=ima:enforcing https://debuginfod.fedoraproject.org/ ima:ignore PS1=📦[\u@rover-dev-container \W]$ PYTHONPATH=/home/njoy/ROS/ros_ws/build/py_pubsub/prefix_override:/usr/lib/python3/dist-packages/colcon_core/task/python/colcon_distutils_commands:/home/njoy/ROS/ros_ws/install/py_pubsub/lib/python3.12/site-packages:${PYTHONPATH} /usr/bin/python3 -W ignore:setup.py install is deprecated -W ignore:easy_install command is deprecated setup.py egg_info --egg-base ../../build/py_pubsub build --build-base /home/njoy/ROS/ros_ws/build/py_pubsub/build install --record /home/njoy/ROS/ros_ws/build/py_pubsub/install.log --single-version-externally-managed install_data --force
